["docker", "run", "--rm", "--network", "none", "--mount", "type=bind,source=C:\\Users\\User\\Desktop\\agent_workspace\\npu\\npu_repo_in_pynq\\exp\\fp32_multipier,target=/exp", "--mount", "type=bind,source=C:\\Users\\User\\Desktop\\agent_workspace\\npu\\npu_repo_in_pynq\\external\\OpenROAD-flow-scripts\\flow\\platforms\\asap7,target=/pdk,readonly", "--entrypoint", "bash", "openroad/orfs@sha256:7f9c688e71cd49379b9e9a45a4558724e3eda501eaaaf11bc9b77382a3fe647b", "-lc", "source /OpenROAD-flow-scripts/env.sh && openroad -exit /exp/runs/002_slices/sta.tcl"]
OPENROAD: /OpenROAD-flow-scripts/tools/OpenROAD
OpenROAD unknown 
Features included (+) or not (-): -GPU +GUI -Python
This program is licensed under the BSD-3 license. See the LICENSE file for details.
Components of this program may be licensed under more restrictive licenses which must be honored.
[INFO ODB-0227] LEF file: /pdk/lef/asap7_tech_1x_201209.lef, created 30 layers, 9 vias
[INFO ODB-0227] LEF file: /pdk/lef/asap7sc7p5t_28_R_1x_220121a.lef, created 212 library cells
[WARNING STA-1212] /exp/build/pdk/asap7_rvt_tt.lib line 865739, timing group from output port.
[WARNING STA-1212] /exp/build/pdk/asap7_rvt_tt.lib line 865772, timing group from output port.
[WARNING STA-1212] /exp/build/pdk/asap7_rvt_tt.lib line 865805, timing group from output port.
[WARNING STA-1212] /exp/build/pdk/asap7_rvt_tt.lib line 865838, timing group from output port.
[WARNING STA-1212] /exp/build/pdk/asap7_rvt_tt.lib line 865871, timing group from output port.
[WARNING STA-1212] /exp/build/pdk/asap7_rvt_tt.lib line 865904, timing group from output port.
[WARNING STA-1212] /exp/build/pdk/asap7_rvt_tt.lib line 865937, timing group from output port.
[WARNING STA-1212] /exp/build/pdk/asap7_rvt_tt.lib line 867333, timing group from output port.
[WARNING STA-1212] /exp/build/pdk/asap7_rvt_tt.lib line 867366, timing group from output port.
[WARNING STA-1212] /exp/build/pdk/asap7_rvt_tt.lib line 867399, timing group from output port.
 time 1ps
 capacitance 1fF
 resistance 1kohm
 voltage 1v
 current 1mA
 power 1pW
 distance 1um
Startpoint: a[9] (input port clocked by virtual)
Endpoint: y[9] (output port clocked by virtual)
Path Group: virtual
Path Type: max

      Delay        Time   Description
-----------------------------------------------------------------
   0.000000    0.000000   clock virtual (rise edge)
   0.000000    0.000000   clock network delay (ideal)
   0.000000    0.000000 v input external delay
   0.000000    0.000000 v a[9] (in)
  69.046303   69.046303 ^ _0586_/Y (NOR5xp2_ASAP7_75t_R)
  35.821049  104.867348 v _0634_/Y (OAI21xp33_ASAP7_75t_R)
  39.072884  143.940231 v _0660_/Y (AO22x1_ASAP7_75t_R)
  17.795612  161.735855 ^ _0662_/Y (NAND3xp33_ASAP7_75t_R)
  26.862221  188.598068 v _0697_/Y (AOI21xp33_ASAP7_75t_R)
  32.335941  220.934006 ^ _0701_/Y (OAI21xp33_ASAP7_75t_R)
  27.490995  248.425003 v _0727_/Y (AOI21xp33_ASAP7_75t_R)
  35.071835  283.496826 ^ _0731_/Y (OAI21xp33_ASAP7_75t_R)
  28.192837  311.689667 v _0748_/Y (AOI21xp33_ASAP7_75t_R)
  51.343929  363.033600 v _0765_/Y (OR5x1_ASAP7_75t_R)
  26.515013  389.548615 ^ _0770_/Y (A2O1A1O1Ixp25_ASAP7_75t_R)
  29.896502  419.445129 v _0774_/Y (O2A1O1Ixp33_ASAP7_75t_R)
  64.098366  483.543488 ^ _0775_/Y (O2A1O1Ixp33_ASAP7_75t_R)
  39.543480  523.086975 v _0780_/Y (OAI21xp33_ASAP7_75t_R)
 105.255753  628.342712 ^ _0782_/Y (NAND2xp33_ASAP7_75t_R)
  54.900528  683.243225 v _0843_/Y (AOI211xp5_ASAP7_75t_R)
  43.872627  727.115845 ^ _0848_/Y (O2A1O1Ixp33_ASAP7_75t_R)
  29.277691  756.393555 v _0849_/Y (XOR2xp5_ASAP7_75t_R)
  40.369541  796.763123 ^ _0865_/Y (NOR3xp33_ASAP7_75t_R)
  51.591953  848.355042 v _0868_/Y (NAND4xp25_ASAP7_75t_R)
  46.533222  894.888306 v _0869_/Y (AND2x2_ASAP7_75t_R)
  64.373726  959.262024 ^ _0881_/Y (AOI21xp33_ASAP7_75t_R)
  79.052208 1038.314209 v _0897_/Y (NAND4xp25_ASAP7_75t_R)
  49.326988 1087.641235 ^ _0943_/Y (OAI221xp5_ASAP7_75t_R)
  35.828228 1123.469482 ^ _0973_/Y (OR3x1_ASAP7_75t_R)
  30.626612 1154.096069 v _0977_/Y (NAND5xp2_ASAP7_75t_R)
  73.990150 1228.086182 ^ _0983_/Y (NAND2xp33_ASAP7_75t_R)
  90.061737 1318.147949 v _0989_/Y (OAI31xp33_ASAP7_75t_R)
  94.911858 1413.059814 ^ _1179_/Y (NAND2xp33_ASAP7_75t_R)
   0.000000 1413.059814 ^ y[9] (out)
            1413.059814   data arrival time

1200.000000 1200.000000   clock virtual (rise edge)
   0.000000 1200.000000   clock network delay (ideal)
   0.000000 1200.000000   clock reconvergence pessimism
   0.000000 1200.000000   output external delay
            1200.000000   data required time
-----------------------------------------------------------------
            1200.000000   data required time
            -1413.059814   data arrival time
-----------------------------------------------------------------
            -213.059799   slack (VIOLATED)


Group                       Internal       Switching         Leakage           Total
                               Power           Power           Power           Power (Watts)
------------------------------------------------------------------------------------
Sequential           0.000000000e+00 0.000000000e+00 0.000000000e+00 0.000000000e+00   0.0%
Combinational        1.276630210e-04 1.932758751e-04 2.866968352e-08 3.209675488e-04 100.0%
Clock                0.000000000e+00 0.000000000e+00 0.000000000e+00 0.000000000e+00   0.0%
Macro                0.000000000e+00 0.000000000e+00 0.000000000e+00 0.000000000e+00   0.0%
Pad                  0.000000000e+00 0.000000000e+00 0.000000000e+00 0.000000000e+00   0.0%
------------------------------------------------------------------------------------
Total                1.276630210e-04 1.932758751e-04 2.866968352e-08 3.209675488e-04 100.0%
                               39.8%           60.2%            0.0%
