["docker", "run", "--rm", "--network", "none", "--mount", "type=bind,source=C:\\Users\\User\\Desktop\\agent_workspace\\npu\\worktrees\\npu-issue77-a\\exp\\fp16_adder,target=/exp", "--mount", "type=bind,source=C:\\Users\\User\\Desktop\\agent_workspace\\npu\\npu_repo_in_pynq\\external\\OpenROAD-flow-scripts\\flow\\platforms\\asap7,target=/pdk,readonly", "--entrypoint", "bash", "openroad/orfs@sha256:7f9c688e71cd49379b9e9a45a4558724e3eda501eaaaf11bc9b77382a3fe647b", "-lc", "source /OpenROAD-flow-scripts/env.sh && openroad -exit /exp/runs/005_shared_case/sta.tcl"]
OPENROAD: /OpenROAD-flow-scripts/tools/OpenROAD
OpenROAD unknown 
Features included (+) or not (-): -GPU +GUI -Python
This program is licensed under the BSD-3 license. See the LICENSE file for details.
Components of this program may be licensed under more restrictive licenses which must be honored.
[INFO ODB-0227] LEF file: /pdk/lef/asap7_tech_1x_201209.lef, created 30 layers, 9 vias
[INFO ODB-0227] LEF file: /pdk/lef/asap7sc7p5t_28_R_1x_220121a.lef, created 212 library cells
[WARNING STA-1212] /exp/build/pdk/asap7_rvt_tt.lib line 865739, timing group from output port.
[WARNING STA-1212] /exp/build/pdk/asap7_rvt_tt.lib line 865772, timing group from output port.
[WARNING STA-1212] /exp/build/pdk/asap7_rvt_tt.lib line 865805, timing group from output port.
[WARNING STA-1212] /exp/build/pdk/asap7_rvt_tt.lib line 865838, timing group from output port.
[WARNING STA-1212] /exp/build/pdk/asap7_rvt_tt.lib line 865871, timing group from output port.
[WARNING STA-1212] /exp/build/pdk/asap7_rvt_tt.lib line 865904, timing group from output port.
[WARNING STA-1212] /exp/build/pdk/asap7_rvt_tt.lib line 865937, timing group from output port.
[WARNING STA-1212] /exp/build/pdk/asap7_rvt_tt.lib line 867333, timing group from output port.
[WARNING STA-1212] /exp/build/pdk/asap7_rvt_tt.lib line 867366, timing group from output port.
[WARNING STA-1212] /exp/build/pdk/asap7_rvt_tt.lib line 867399, timing group from output port.
 time 1ps
 capacitance 1fF
 resistance 1kohm
 voltage 1v
 current 1mA
 power 1pW
 distance 1um
Startpoint: a[11] (input port clocked by virtual)
Endpoint: y[8] (output port clocked by virtual)
Path Group: virtual
Path Type: max

      Delay        Time   Description
-----------------------------------------------------------------
   0.000000    0.000000   clock virtual (rise edge)
   0.000000    0.000000   clock network delay (ideal)
   0.000000    0.000000 v input external delay
   0.000000    0.000000 v a[11] (in)
  34.178871   34.178871 v _0593_/Y (XOR2x2_ASAP7_75t_R)
  27.934284   62.113155 ^ _0629_/Y (AOI221xp5_ASAP7_75t_R)
  14.584445   76.697601 v _0630_/Y (NAND2xp5_ASAP7_75t_R)
  25.065664  101.763268 ^ _0632_/Y (AOI211xp5_ASAP7_75t_R)
  22.027491  123.790756 v _0633_/Y (A2O1A1Ixp33_ASAP7_75t_R)
  50.319359  174.110123 ^ _0649_/Y (A2O1A1O1Ixp25_ASAP7_75t_R)
  39.319187  213.429306 ^ _0660_/Y (BUFx3_ASAP7_75t_R)
  29.190706  242.620010 ^ _0673_/Y (OA211x2_ASAP7_75t_R)
  21.136620  263.756622 v _0674_/Y (OAI21xp33_ASAP7_75t_R)
  35.818237  299.574860 ^ _0684_/Y (OAI21x1_ASAP7_75t_R)
  33.892582  333.467438 v _0711_/Y (A2O1A1O1Ixp25_ASAP7_75t_R)
  50.704304  384.171753 ^ _0715_/Y (O2A1O1Ixp33_ASAP7_75t_R)
  27.453568  411.625305 v _0717_/Y (OAI22xp5_ASAP7_75t_R)
  32.063824  443.689148 v _0780_/Y (BUFx3_ASAP7_75t_R)
  22.949697  466.638855 ^ _0781_/Y (A2O1A1O1Ixp25_ASAP7_75t_R)
  31.899261  498.538116 v _0783_/Y (O2A1O1Ixp33_ASAP7_75t_R)
  25.715874  524.253967 ^ _0809_/Y (NOR4xp75_ASAP7_75t_R)
  43.749615  568.003601 v _0820_/Y (NAND5xp2_ASAP7_75t_R)
  35.330070  603.333679 ^ _0870_/Y (A2O1A1O1Ixp25_ASAP7_75t_R)
  32.047089  635.380737 v _0878_/Y (O2A1O1Ixp33_ASAP7_75t_R)
  31.114166  666.494934 ^ _0881_/Y (O2A1O1Ixp5_ASAP7_75t_R)
  20.733416  687.228333 v _0883_/Y (OAI21x1_ASAP7_75t_R)
  36.013580  723.241943 ^ _0892_/Y (A2O1A1O1Ixp25_ASAP7_75t_R)
  30.972836  754.214722 v _0893_/Y (NOR2x1_ASAP7_75t_R)
  36.180504  790.395264 ^ _0899_/Y (XNOR2xp5_ASAP7_75t_R)
  37.478519  827.873779 ^ _0919_/Y (AND3x1_ASAP7_75t_R)
  20.821899  848.695679 v _0926_/Y (NAND2xp5_ASAP7_75t_R)
  32.698677  881.394348 ^ _0958_/Y (OAI211xp5_ASAP7_75t_R)
  26.005476  907.399841 v _0959_/Y (NOR2xp33_ASAP7_75t_R)
  39.520275  946.920105 ^ _0977_/Y (O2A1O1Ixp5_ASAP7_75t_R)
  51.827763  998.747864 v _0978_/Y (NAND3xp33_ASAP7_75t_R)
  46.216919 1044.964844 v _0981_/Y (AND2x2_ASAP7_75t_R)
  26.415869 1071.380615 v _0982_/Y (BUFx3_ASAP7_75t_R)
  21.996071 1093.376709 ^ _1044_/Y (OAI21xp5_ASAP7_75t_R)
  25.525915 1118.902588 v _1046_/Y (OAI21xp33_ASAP7_75t_R)
  40.749184 1159.651855 ^ _1050_/Y (A2O1A1O1Ixp25_ASAP7_75t_R)
  34.003021 1193.654907 v _1051_/Y (AOI211x1_ASAP7_75t_R)
  33.017479 1226.672363 ^ _1068_/Y (NAND3x1_ASAP7_75t_R)
  26.175396 1252.847778 v _1085_/Y (NOR3x1_ASAP7_75t_R)
  25.459301 1278.307007 ^ _1114_/Y (NAND3xp33_ASAP7_75t_R)
  28.618774 1306.925781 v _1131_/Y (NOR5xp2_ASAP7_75t_R)
  24.884317 1331.810059 ^ _1132_/Y (NAND3xp33_ASAP7_75t_R)
  68.028694 1399.838745 v _1145_/Y (OAI211xp5_ASAP7_75t_R)
 103.172691 1503.011475 ^ _1164_/Y (NOR4xp25_ASAP7_75t_R)
   0.000000 1503.011475 ^ y[8] (out)
            1503.011475   data arrival time

1200.000000 1200.000000   clock virtual (rise edge)
   0.000000 1200.000000   clock network delay (ideal)
   0.000000 1200.000000   clock reconvergence pessimism
   0.000000 1200.000000   output external delay
            1200.000000   data required time
-----------------------------------------------------------------
            1200.000000   data required time
            -1503.011475   data arrival time
-----------------------------------------------------------------
            -303.011505   slack (VIOLATED)


Group                       Internal       Switching         Leakage           Total
                               Power           Power           Power           Power (Watts)
------------------------------------------------------------------------------------
Sequential           0.000000000e+00 0.000000000e+00 0.000000000e+00 0.000000000e+00   0.0%
Combinational        1.207187888e-04 2.083277941e-04 2.733887428e-08 3.290738969e-04 100.0%
Clock                0.000000000e+00 0.000000000e+00 0.000000000e+00 0.000000000e+00   0.0%
Macro                0.000000000e+00 0.000000000e+00 0.000000000e+00 0.000000000e+00   0.0%
Pad                  0.000000000e+00 0.000000000e+00 0.000000000e+00 0.000000000e+00   0.0%
------------------------------------------------------------------------------------
Total                1.207187888e-04 2.083277941e-04 2.733887428e-08 3.290738969e-04 100.0%
                               36.7%           63.3%            0.0%
