["docker", "run", "--rm", "--network", "none", "--mount", "type=bind,source=C:\\Users\\User\\Desktop\\agent_workspace\\npu\\worktrees\\npu-issue77-a\\exp\\fp16_adder,target=/exp", "--mount", "type=bind,source=C:\\Users\\User\\Desktop\\agent_workspace\\npu\\npu_repo_in_pynq\\external\\OpenROAD-flow-scripts\\flow\\platforms\\asap7,target=/pdk,readonly", "--entrypoint", "bash", "openroad/orfs@sha256:7f9c688e71cd49379b9e9a45a4558724e3eda501eaaaf11bc9b77382a3fe647b", "-lc", "source /OpenROAD-flow-scripts/env.sh && openroad -exit /exp/runs/009_staged_900/sta.tcl"]
OPENROAD: /OpenROAD-flow-scripts/tools/OpenROAD
OpenROAD unknown 
Features included (+) or not (-): -GPU +GUI -Python
This program is licensed under the BSD-3 license. See the LICENSE file for details.
Components of this program may be licensed under more restrictive licenses which must be honored.
[INFO ODB-0227] LEF file: /pdk/lef/asap7_tech_1x_201209.lef, created 30 layers, 9 vias
[INFO ODB-0227] LEF file: /pdk/lef/asap7sc7p5t_28_R_1x_220121a.lef, created 212 library cells
[WARNING STA-1212] /exp/build/pdk/asap7_rvt_tt.lib line 865739, timing group from output port.
[WARNING STA-1212] /exp/build/pdk/asap7_rvt_tt.lib line 865772, timing group from output port.
[WARNING STA-1212] /exp/build/pdk/asap7_rvt_tt.lib line 865805, timing group from output port.
[WARNING STA-1212] /exp/build/pdk/asap7_rvt_tt.lib line 865838, timing group from output port.
[WARNING STA-1212] /exp/build/pdk/asap7_rvt_tt.lib line 865871, timing group from output port.
[WARNING STA-1212] /exp/build/pdk/asap7_rvt_tt.lib line 865904, timing group from output port.
[WARNING STA-1212] /exp/build/pdk/asap7_rvt_tt.lib line 865937, timing group from output port.
[WARNING STA-1212] /exp/build/pdk/asap7_rvt_tt.lib line 867333, timing group from output port.
[WARNING STA-1212] /exp/build/pdk/asap7_rvt_tt.lib line 867366, timing group from output port.
[WARNING STA-1212] /exp/build/pdk/asap7_rvt_tt.lib line 867399, timing group from output port.
 time 1ps
 capacitance 1fF
 resistance 1kohm
 voltage 1v
 current 1mA
 power 1pW
 distance 1um
Startpoint: b[10] (input port clocked by virtual)
Endpoint: y[11] (output port clocked by virtual)
Path Group: virtual
Path Type: max

      Delay        Time   Description
-----------------------------------------------------------------
   0.000000    0.000000   clock virtual (rise edge)
   0.000000    0.000000   clock network delay (ideal)
   0.000000    0.000000 v input external delay
   0.000000    0.000000 v b[10] (in)
  17.408516   17.408516 ^ _0618_/Y (INVxp67_ASAP7_75t_R)
  16.146872   33.555389 v _0621_/Y (OAI22xp33_ASAP7_75t_R)
  26.811865   60.367252 ^ _0622_/Y (AOI211xp5_ASAP7_75t_R)
  26.099726   86.466980 ^ _0627_/Y (AND2x2_ASAP7_75t_R)
  14.604866  101.071846 v _0628_/Y (A2O1A1Ixp33_ASAP7_75t_R)
  51.123909  152.195755 ^ _0639_/Y (A2O1A1O1Ixp25_ASAP7_75t_R)
  40.133118  192.328873 ^ _0648_/Y (BUFx3_ASAP7_75t_R)
  22.406424  214.735306 v _0654_/Y (O2A1O1Ixp33_ASAP7_75t_R)
  25.736982  240.472275 ^ _0656_/Y (OAI22x1_ASAP7_75t_R)
  42.291115  282.763397 ^ _0659_/Y (OA31x2_ASAP7_75t_R)
  39.531574  322.294983 v _0673_/Y (A2O1A1Ixp33_ASAP7_75t_R)
  58.547668  380.842651 ^ _0674_/Y (XOR2x2_ASAP7_75t_R)
  24.220819  405.063446 ^ _0675_/Y (BUFx6f_ASAP7_75t_R)
  18.352098  423.415558 v _0760_/Y (A2O1A1O1Ixp25_ASAP7_75t_R)
  27.722019  451.137573 ^ _0761_/Y (NAND2xp33_ASAP7_75t_R)
  27.893909  479.031494 v _0798_/Y (NAND5xp2_ASAP7_75t_R)
  32.662262  511.693756 v _0799_/Y (OA21x2_ASAP7_75t_R)
  57.571339  569.265076 ^ _0847_/Y (NOR5xp2_ASAP7_75t_R)
  46.125103  615.390198 v _0861_/Y (A2O1A1O1Ixp25_ASAP7_75t_R)
  30.979664  646.369873 ^ _0870_/Y (O2A1O1Ixp5_ASAP7_75t_R)
  26.832926  673.202759 v _0878_/Y (OAI311xp33_ASAP7_75t_R)
  43.752892  716.955688 ^ _0886_/Y (A2O1A1O1Ixp25_ASAP7_75t_R)
  31.071812  748.027466 v _0909_/Y (NOR3xp33_ASAP7_75t_R)
  36.550873  784.578369 v _0910_/Y (OR3x1_ASAP7_75t_R)
  72.119202  856.697571 ^ _0941_/Y (NOR5xp2_ASAP7_75t_R)
  46.417591  903.115112 v _0942_/Y (A2O1A1Ixp33_ASAP7_75t_R)
  57.941429  961.056580 v _0943_/Y (OA211x2_ASAP7_75t_R)
  22.633118  983.689697 ^ _0966_/Y (AOI21xp5_ASAP7_75t_R)
  16.036949  999.726624 v _0969_/Y (OAI21xp5_ASAP7_75t_R)
  41.303738 1041.030396 ^ _0970_/Y (A2O1A1Ixp33_ASAP7_75t_R)
  38.506977 1079.537354 ^ _0972_/Y (OR3x2_ASAP7_75t_R)
  25.864643 1105.401978 ^ _0974_/Y (AND2x2_ASAP7_75t_R)
  24.205860 1129.607910 ^ _0975_/Y (BUFx3_ASAP7_75t_R)
  24.390934 1153.998779 v _0984_/Y (A2O1A1Ixp33_ASAP7_75t_R)
  32.551186 1186.549927 ^ _0998_/Y (AOI211xp5_ASAP7_75t_R)
  43.792969 1230.342896 v _1043_/Y (OAI222xp33_ASAP7_75t_R)
  55.371819 1285.714722 ^ _1051_/Y (NOR3xp33_ASAP7_75t_R)
  27.500780 1313.215576 v _1069_/Y (NAND3x1_ASAP7_75t_R)
  47.030823 1360.246338 v _1087_/Y (OR3x2_ASAP7_75t_R)
  54.641735 1414.888062 ^ _1107_/Y (NOR5xp2_ASAP7_75t_R)
  26.391222 1441.279297 v _1108_/Y (XNOR2xp5_ASAP7_75t_R)
  86.285645 1527.564941 ^ _1122_/Y (NOR5xp2_ASAP7_75t_R)
  70.325188 1597.890137 v _1128_/Y (NOR3x1_ASAP7_75t_R)
  54.083073 1651.973267 ^ _1171_/Y (OAI31xp33_ASAP7_75t_R)
   0.000000 1651.973267 ^ y[11] (out)
            1651.973267   data arrival time

 900.000000  900.000000   clock virtual (rise edge)
   0.000000  900.000000   clock network delay (ideal)
   0.000000  900.000000   clock reconvergence pessimism
   0.000000  900.000000   output external delay
             900.000000   data required time
-----------------------------------------------------------------
             900.000000   data required time
            -1651.973267   data arrival time
-----------------------------------------------------------------
            -751.973206   slack (VIOLATED)


Group                       Internal       Switching         Leakage           Total
                               Power           Power           Power           Power (Watts)
------------------------------------------------------------------------------------
Sequential           0.000000000e+00 0.000000000e+00 0.000000000e+00 0.000000000e+00   0.0%
Combinational        1.757942664e-04 3.028296633e-04 2.731172088e-08 4.786512291e-04 100.0%
Clock                0.000000000e+00 0.000000000e+00 0.000000000e+00 0.000000000e+00   0.0%
Macro                0.000000000e+00 0.000000000e+00 0.000000000e+00 0.000000000e+00   0.0%
Pad                  0.000000000e+00 0.000000000e+00 0.000000000e+00 0.000000000e+00   0.0%
------------------------------------------------------------------------------------
Total                1.757942664e-04 3.028296633e-04 2.731172088e-08 4.786512291e-04 100.0%
                               36.7%           63.3%            0.0%
