["docker", "run", "--rm", "--network", "none", "--mount", "type=bind,source=C:\\Users\\User\\Desktop\\agent_workspace\\npu\\worktrees\\npu-issue77-a\\exp\\fp16_adder,target=/exp", "--mount", "type=bind,source=C:\\Users\\User\\Desktop\\agent_workspace\\npu\\npu_repo_in_pynq\\external\\OpenROAD-flow-scripts\\flow\\platforms\\asap7,target=/pdk,readonly", "--entrypoint", "bash", "openroad/orfs@sha256:7f9c688e71cd49379b9e9a45a4558724e3eda501eaaaf11bc9b77382a3fe647b", "-lc", "source /OpenROAD-flow-scripts/env.sh && openroad -exit /exp/runs/027_round_sentinel/sta.tcl"]
OPENROAD: /OpenROAD-flow-scripts/tools/OpenROAD
OpenROAD unknown 
Features included (+) or not (-): -GPU +GUI -Python
This program is licensed under the BSD-3 license. See the LICENSE file for details.
Components of this program may be licensed under more restrictive licenses which must be honored.
[INFO ODB-0227] LEF file: /pdk/lef/asap7_tech_1x_201209.lef, created 30 layers, 9 vias
[INFO ODB-0227] LEF file: /pdk/lef/asap7sc7p5t_28_R_1x_220121a.lef, created 212 library cells
[WARNING STA-1212] /exp/build/pdk/asap7_rvt_tt.lib line 865739, timing group from output port.
[WARNING STA-1212] /exp/build/pdk/asap7_rvt_tt.lib line 865772, timing group from output port.
[WARNING STA-1212] /exp/build/pdk/asap7_rvt_tt.lib line 865805, timing group from output port.
[WARNING STA-1212] /exp/build/pdk/asap7_rvt_tt.lib line 865838, timing group from output port.
[WARNING STA-1212] /exp/build/pdk/asap7_rvt_tt.lib line 865871, timing group from output port.
[WARNING STA-1212] /exp/build/pdk/asap7_rvt_tt.lib line 865904, timing group from output port.
[WARNING STA-1212] /exp/build/pdk/asap7_rvt_tt.lib line 865937, timing group from output port.
[WARNING STA-1212] /exp/build/pdk/asap7_rvt_tt.lib line 867333, timing group from output port.
[WARNING STA-1212] /exp/build/pdk/asap7_rvt_tt.lib line 867366, timing group from output port.
[WARNING STA-1212] /exp/build/pdk/asap7_rvt_tt.lib line 867399, timing group from output port.
 time 1ps
 capacitance 1fF
 resistance 1kohm
 voltage 1v
 current 1mA
 power 1pW
 distance 1um
Startpoint: b[11] (input port clocked by virtual)
Endpoint: y[12] (output port clocked by virtual)
Path Group: virtual
Path Type: max

      Delay        Time   Description
-----------------------------------------------------------------
   0.000000    0.000000   clock virtual (rise edge)
   0.000000    0.000000   clock network delay (ideal)
   0.000000    0.000000 v input external delay
   0.000000    0.000000 v b[11] (in)
  20.104525   20.104525 v _0593_/Y (BUFx6f_ASAP7_75t_R)
  22.199144   42.303669 v _0612_/Y (XNOR2x1_ASAP7_75t_R)
  19.606873   61.910538 ^ _0614_/Y (OAI211xp5_ASAP7_75t_R)
  26.391798   88.302338 v _0639_/Y (OAI321xp33_ASAP7_75t_R)
  26.520605  114.822945 ^ _0640_/Y (A2O1A1O1Ixp25_ASAP7_75t_R)
  21.776455  136.599396 v _0653_/Y (A2O1A1O1Ixp25_ASAP7_75t_R)
  28.958586  165.557983 v _0654_/Y (BUFx3_ASAP7_75t_R)
  34.271351  199.829330 v _0660_/Y (OA21x2_ASAP7_75t_R)
  54.421341  254.250671 ^ _0706_/Y (AOI211xp5_ASAP7_75t_R)
  33.288010  287.538696 v _0709_/Y (NOR2x1p5_ASAP7_75t_R)
  31.162878  318.701569 v _0710_/Y (BUFx3_ASAP7_75t_R)
  24.393599  343.095154 ^ _0770_/Y (AOI31xp33_ASAP7_75t_R)
  29.762749  372.857910 v _0833_/Y (NAND4xp25_ASAP7_75t_R)
  24.127089  396.985016 ^ _0858_/Y (O2A1O1Ixp33_ASAP7_75t_R)
  55.291660  452.276672 v _0859_/Y (A2O1A1Ixp33_ASAP7_75t_R)
  41.089466  493.366119 ^ _0869_/Y (OAI31xp67_ASAP7_75t_R)
  26.468494  519.834595 v _0878_/Y (A2O1A1Ixp33_ASAP7_75t_R)
  32.865765  552.700378 ^ _0886_/Y (A2O1A1Ixp33_ASAP7_75t_R)
  31.682878  584.383240 v _0889_/Y (OAI211xp5_ASAP7_75t_R)
  37.668869  622.052124 ^ _0898_/Y (A2O1A1O1Ixp25_ASAP7_75t_R)
  36.430859  658.482971 v _0900_/Y (OAI31xp33_ASAP7_75t_R)
  32.134239  690.617249 ^ _0901_/Y (MAJIxp5_ASAP7_75t_R)
  48.318905  738.936157 v _0915_/Y (XNOR2x2_ASAP7_75t_R)
  30.935642  769.871765 v _0953_/Y (AND5x2_ASAP7_75t_R)
  42.369110  812.240906 v _0989_/Y (OA211x2_ASAP7_75t_R)
  51.012917  863.253784 ^ _0990_/Y (NOR4xp75_ASAP7_75t_R)
  29.378666  892.632446 v _1050_/Y (NOR3xp33_ASAP7_75t_R)
  34.459103  927.091553 ^ _1051_/Y (AOI211xp5_ASAP7_75t_R)
  25.758451  952.850037 v _1054_/Y (O2A1O1Ixp33_ASAP7_75t_R)
  53.255402 1006.105408 ^ _1055_/Y (O2A1O1Ixp5_ASAP7_75t_R)
  40.060734 1046.166138 v _1097_/Y (NAND4xp75_ASAP7_75t_R)
  29.320990 1075.487183 ^ _1121_/Y (NOR3x2_ASAP7_75t_R)
  18.598124 1094.085327 v _1143_/Y (NAND3x2_ASAP7_75t_R)
  20.178526 1114.263794 ^ _1159_/Y (NOR3x2_ASAP7_75t_R)
  34.675594 1148.939453 v _1184_/Y (NAND4xp25_ASAP7_75t_R)
  35.809135 1184.748535 v _1186_/Y (AND2x2_ASAP7_75t_R)
  24.206636 1208.955200 ^ _1187_/Y (OAI21x1_ASAP7_75t_R)
   0.000000 1208.955200 ^ y[12] (out)
            1208.955200   data arrival time

1000.000000 1000.000000   clock virtual (rise edge)
   0.000000 1000.000000   clock network delay (ideal)
   0.000000 1000.000000   clock reconvergence pessimism
   0.000000 1000.000000   output external delay
            1000.000000   data required time
-----------------------------------------------------------------
            1000.000000   data required time
            -1208.955200   data arrival time
-----------------------------------------------------------------
            -208.955185   slack (VIOLATED)


Group                       Internal       Switching         Leakage           Total
                               Power           Power           Power           Power (Watts)
------------------------------------------------------------------------------------
Sequential           0.000000000e+00 0.000000000e+00 0.000000000e+00 0.000000000e+00   0.0%
Combinational        1.229873451e-04 2.274465805e-04 2.732670445e-08 3.504612541e-04 100.0%
Clock                0.000000000e+00 0.000000000e+00 0.000000000e+00 0.000000000e+00   0.0%
Macro                0.000000000e+00 0.000000000e+00 0.000000000e+00 0.000000000e+00   0.0%
Pad                  0.000000000e+00 0.000000000e+00 0.000000000e+00 0.000000000e+00   0.0%
------------------------------------------------------------------------------------
Total                1.229873451e-04 2.274465805e-04 2.732670445e-08 3.504612541e-04 100.0%
                               35.1%           64.9%            0.0%
