["docker", "run", "--rm", "--network", "none", "--mount", "type=bind,source=C:\\Users\\User\\Desktop\\agent_workspace\\npu\\npu_repo_in_pynq\\exp\\fp32_multipier,target=/exp", "--mount", "type=bind,source=C:\\Users\\User\\Desktop\\agent_workspace\\npu\\npu_repo_in_pynq\\external\\OpenROAD-flow-scripts\\flow\\platforms\\asap7,target=/pdk,readonly", "--entrypoint", "bash", "openroad/orfs@sha256:7f9c688e71cd49379b9e9a45a4558724e3eda501eaaaf11bc9b77382a3fe647b", "-lc", "source /OpenROAD-flow-scripts/env.sh && openroad -exit /exp/runs/019_packed_sized/sta.tcl"]
OPENROAD: /OpenROAD-flow-scripts/tools/OpenROAD
OpenROAD unknown 
Features included (+) or not (-): -GPU +GUI -Python
This program is licensed under the BSD-3 license. See the LICENSE file for details.
Components of this program may be licensed under more restrictive licenses which must be honored.
[INFO ODB-0227] LEF file: /pdk/lef/asap7_tech_1x_201209.lef, created 30 layers, 9 vias
[INFO ODB-0227] LEF file: /pdk/lef/asap7sc7p5t_28_R_1x_220121a.lef, created 212 library cells
[WARNING STA-1212] /exp/build/pdk/asap7_rvt_tt.lib line 865739, timing group from output port.
[WARNING STA-1212] /exp/build/pdk/asap7_rvt_tt.lib line 865772, timing group from output port.
[WARNING STA-1212] /exp/build/pdk/asap7_rvt_tt.lib line 865805, timing group from output port.
[WARNING STA-1212] /exp/build/pdk/asap7_rvt_tt.lib line 865838, timing group from output port.
[WARNING STA-1212] /exp/build/pdk/asap7_rvt_tt.lib line 865871, timing group from output port.
[WARNING STA-1212] /exp/build/pdk/asap7_rvt_tt.lib line 865904, timing group from output port.
[WARNING STA-1212] /exp/build/pdk/asap7_rvt_tt.lib line 865937, timing group from output port.
[WARNING STA-1212] /exp/build/pdk/asap7_rvt_tt.lib line 867333, timing group from output port.
[WARNING STA-1212] /exp/build/pdk/asap7_rvt_tt.lib line 867366, timing group from output port.
[WARNING STA-1212] /exp/build/pdk/asap7_rvt_tt.lib line 867399, timing group from output port.
 time 1ps
 capacitance 1fF
 resistance 1kohm
 voltage 1v
 current 1mA
 power 1pW
 distance 1um
Startpoint: a[9] (input port clocked by virtual)
Endpoint: y[10] (output port clocked by virtual)
Path Group: virtual
Path Type: max

      Delay        Time   Description
-----------------------------------------------------------------
   0.000000    0.000000   clock virtual (rise edge)
   0.000000    0.000000   clock network delay (ideal)
   0.000000    0.000000 v input external delay
   0.000000    0.000000 v a[9] (in)
  81.027321   81.027321 ^ _0526_/Y (NOR5xp2_ASAP7_75t_R)
  35.012306  116.039619 ^ _0582_/Y (OR3x1_ASAP7_75t_R)
  29.704988  145.744614 v _0584_/Y (NAND4xp25_ASAP7_75t_R)
  36.217335  181.961945 v _0614_/Y (AND2x2_ASAP7_75t_R)
  20.753635  202.715576 ^ _0615_/Y (MAJIxp5_ASAP7_75t_R)
  24.222208  226.937790 ^ _0627_/Y (XNOR2xp5_ASAP7_75t_R)
  43.310062  270.247864 v _0628_/Y (XNOR2x2_ASAP7_75t_R)
  27.673002  297.920868 v _0699_/Y (XOR2x1_ASAP7_75t_R)
  26.645769  324.566620 v _0700_/Y (XNOR2x1_ASAP7_75t_R)
  24.887369  349.454010 ^ _0702_/Y (NAND2xp33_ASAP7_75t_R)
  28.089642  377.543640 v _0704_/Y (A2O1A1O1Ixp25_ASAP7_75t_R)
  27.480879  405.024506 ^ _0728_/Y (NOR2xp33_ASAP7_75t_R)
  52.384182  457.408691 ^ _0729_/Y (XOR2xp5_ASAP7_75t_R)
  44.417553  501.826263 v _0731_/Y (OAI211xp5_ASAP7_75t_R)
  92.037598  593.863831 ^ _0772_/Y (NOR5xp2_ASAP7_75t_R)
  43.696049  637.559875 ^ _0773_/Y (AO21x1_ASAP7_75t_R)
  15.238366  652.798279 v _0797_/Y (NOR4xp75_ASAP7_75t_R)
  37.318813  690.117065 ^ _0812_/Y (O2A1O1Ixp5_ASAP7_75t_R)
  45.196568  735.313660 v _0820_/Y (A2O1A1O1Ixp25_ASAP7_75t_R)
  42.398140  777.711792 ^ _0856_/Y (MAJIxp5_ASAP7_75t_R)
  29.165560  806.877319 v _0909_/Y (NOR3xp33_ASAP7_75t_R)
  37.710445  844.587769 ^ _0928_/Y (NOR4xp75_ASAP7_75t_R)
  28.044456  872.632263 v _1002_/Y (NAND4xp75_ASAP7_75t_R)
  93.971886  966.604126 ^ _1045_/Y (NOR5xp2_ASAP7_75t_R)
  39.037552 1005.641663 v _1057_/Y (AOI31xp33_ASAP7_75t_R)
  37.275959 1042.917603 ^ _1059_/Y (OAI21x1_ASAP7_75t_R)
   0.000000 1042.917603 ^ y[10] (out)
            1042.917603   data arrival time

 700.000000  700.000000   clock virtual (rise edge)
   0.000000  700.000000   clock network delay (ideal)
   0.000000  700.000000   clock reconvergence pessimism
   0.000000  700.000000   output external delay
             700.000000   data required time
-----------------------------------------------------------------
             700.000000   data required time
            -1042.917603   data arrival time
-----------------------------------------------------------------
            -342.917633   slack (VIOLATED)


Group                       Internal       Switching         Leakage           Total
                               Power           Power           Power           Power (Watts)
------------------------------------------------------------------------------------
Sequential           0.000000000e+00 0.000000000e+00 0.000000000e+00 0.000000000e+00   0.0%
Combinational        1.091321537e-04 2.094866068e-04 2.648148545e-08 3.186452377e-04 100.0%
Clock                0.000000000e+00 0.000000000e+00 0.000000000e+00 0.000000000e+00   0.0%
Macro                0.000000000e+00 0.000000000e+00 0.000000000e+00 0.000000000e+00   0.0%
Pad                  0.000000000e+00 0.000000000e+00 0.000000000e+00 0.000000000e+00   0.0%
------------------------------------------------------------------------------------
Total                1.091321537e-04 2.094866068e-04 2.648148545e-08 3.186452377e-04 100.0%
                               34.2%           65.7%            0.0%
