["docker", "run", "--rm", "--network", "none", "--mount", "type=bind,source=C:\\Users\\User\\Desktop\\agent_workspace\\npu\\npu_repo_in_pynq\\exp\\fp32_multipier,target=/exp", "--mount", "type=bind,source=C:\\Users\\User\\Desktop\\agent_workspace\\npu\\npu_repo_in_pynq\\external\\OpenROAD-flow-scripts\\flow\\platforms\\asap7,target=/pdk,readonly", "--entrypoint", "bash", "openroad/orfs@sha256:7f9c688e71cd49379b9e9a45a4558724e3eda501eaaaf11bc9b77382a3fe647b", "-lc", "source /OpenROAD-flow-scripts/env.sh && openroad -exit /exp/runs/030_packed_priority_1200/sta.tcl"]
OPENROAD: /OpenROAD-flow-scripts/tools/OpenROAD
OpenROAD unknown 
Features included (+) or not (-): -GPU +GUI -Python
This program is licensed under the BSD-3 license. See the LICENSE file for details.
Components of this program may be licensed under more restrictive licenses which must be honored.
[INFO ODB-0227] LEF file: /pdk/lef/asap7_tech_1x_201209.lef, created 30 layers, 9 vias
[INFO ODB-0227] LEF file: /pdk/lef/asap7sc7p5t_28_R_1x_220121a.lef, created 212 library cells
[WARNING STA-1212] /exp/build/pdk/asap7_rvt_tt.lib line 865739, timing group from output port.
[WARNING STA-1212] /exp/build/pdk/asap7_rvt_tt.lib line 865772, timing group from output port.
[WARNING STA-1212] /exp/build/pdk/asap7_rvt_tt.lib line 865805, timing group from output port.
[WARNING STA-1212] /exp/build/pdk/asap7_rvt_tt.lib line 865838, timing group from output port.
[WARNING STA-1212] /exp/build/pdk/asap7_rvt_tt.lib line 865871, timing group from output port.
[WARNING STA-1212] /exp/build/pdk/asap7_rvt_tt.lib line 865904, timing group from output port.
[WARNING STA-1212] /exp/build/pdk/asap7_rvt_tt.lib line 865937, timing group from output port.
[WARNING STA-1212] /exp/build/pdk/asap7_rvt_tt.lib line 867333, timing group from output port.
[WARNING STA-1212] /exp/build/pdk/asap7_rvt_tt.lib line 867366, timing group from output port.
[WARNING STA-1212] /exp/build/pdk/asap7_rvt_tt.lib line 867399, timing group from output port.
 time 1ps
 capacitance 1fF
 resistance 1kohm
 voltage 1v
 current 1mA
 power 1pW
 distance 1um
Startpoint: a[4] (input port clocked by virtual)
Endpoint: y[8] (output port clocked by virtual)
Path Group: virtual
Path Type: max

      Delay        Time   Description
-----------------------------------------------------------------
   0.000000    0.000000   clock virtual (rise edge)
   0.000000    0.000000   clock network delay (ideal)
   0.000000    0.000000 ^ input external delay
   0.000000    0.000000 ^ a[4] (in)
  39.508041   39.508041 ^ _0526_/Y (HB1xp67_ASAP7_75t_R)
  46.245029   85.753075 v _0527_/Y (NAND4xp25_ASAP7_75t_R)
  49.203114  134.956192 ^ _0530_/Y (NAND4xp25_ASAP7_75t_R)
  42.060329  177.016510 v _0536_/Y (AOI211xp5_ASAP7_75t_R)
  44.949184  221.965698 ^ _0544_/Y (NOR3xp33_ASAP7_75t_R)
  34.243858  256.209564 v _0601_/Y (OAI21xp33_ASAP7_75t_R)
  42.067432  298.276978 ^ _0603_/Y (AOI21xp33_ASAP7_75t_R)
  35.802277  334.079254 ^ _0697_/Y (XOR2xp5_ASAP7_75t_R)
  26.755932  360.835205 ^ _0698_/Y (XNOR2xp5_ASAP7_75t_R)
  34.782787  395.617981 ^ _0699_/Y (XOR2xp5_ASAP7_75t_R)
  35.451973  431.069946 v _0701_/Y (A2O1A1O1Ixp25_ASAP7_75t_R)
  44.373726  475.443695 ^ _0704_/Y (O2A1O1Ixp33_ASAP7_75t_R)
  37.547966  512.991638 v _0747_/Y (O2A1O1Ixp33_ASAP7_75t_R)
  44.629688  557.621338 ^ _0755_/Y (XNOR2xp5_ASAP7_75t_R)
  49.715565  607.336914 v _0781_/Y (OAI311xp33_ASAP7_75t_R)
  35.655479  642.992371 v _0794_/Y (XNOR2xp5_ASAP7_75t_R)
  37.449989  680.442383 ^ _0801_/Y (AOI21xp33_ASAP7_75t_R)
  54.346195  734.788574 ^ _0803_/Y (XOR2xp5_ASAP7_75t_R)
  30.586422  765.375000 v _0804_/Y (NAND5xp2_ASAP7_75t_R)
  61.989304  827.364319 ^ _0810_/Y (O2A1O1Ixp33_ASAP7_75t_R)
  30.985159  858.349426 v _0919_/Y (NOR2xp33_ASAP7_75t_R)
  38.223980  896.573425 ^ _0920_/Y (AOI21xp33_ASAP7_75t_R)
  42.840675  939.414124 v _0975_/Y (NAND4xp25_ASAP7_75t_R)
  59.288685  998.702820 ^ _1027_/Y (NOR4xp25_ASAP7_75t_R)
  41.472492 1040.175293 v _1041_/Y (NAND2xp5_ASAP7_75t_R)
  35.261906 1075.437134 v _1047_/Y (OA22x2_ASAP7_75t_R)
  60.535912 1135.973145 ^ _1048_/Y (A2O1A1O1Ixp25_ASAP7_75t_R)
   0.000000 1135.973145 ^ y[8] (out)
            1135.973145   data arrival time

1200.000000 1200.000000   clock virtual (rise edge)
   0.000000 1200.000000   clock network delay (ideal)
   0.000000 1200.000000   clock reconvergence pessimism
   0.000000 1200.000000   output external delay
            1200.000000   data required time
-----------------------------------------------------------------
            1200.000000   data required time
            -1135.973145   data arrival time
-----------------------------------------------------------------
              64.026894   slack (MET)


Group                       Internal       Switching         Leakage           Total
                               Power           Power           Power           Power (Watts)
------------------------------------------------------------------------------------
Sequential           0.000000000e+00 0.000000000e+00 0.000000000e+00 0.000000000e+00   0.0%
Combinational        6.448738714e-05 1.220167105e-04 2.365412222e-08 1.865277445e-04 100.0%
Clock                0.000000000e+00 0.000000000e+00 0.000000000e+00 0.000000000e+00   0.0%
Macro                0.000000000e+00 0.000000000e+00 0.000000000e+00 0.000000000e+00   0.0%
Pad                  0.000000000e+00 0.000000000e+00 0.000000000e+00 0.000000000e+00   0.0%
------------------------------------------------------------------------------------
Total                6.448738714e-05 1.220167105e-04 2.365412222e-08 1.865277445e-04 100.0%
                               34.6%           65.4%            0.0%
