["docker", "run", "--rm", "--network", "none", "--mount", "type=bind,source=C:\\Users\\User\\Desktop\\agent_workspace\\npu\\worktrees\\npu-issue77-a\\exp\\fp16_adder,target=/exp", "--mount", "type=bind,source=C:\\Users\\User\\Desktop\\agent_workspace\\npu\\npu_repo_in_pynq\\external\\OpenROAD-flow-scripts\\flow\\platforms\\asap7,target=/pdk,readonly", "--entrypoint", "bash", "openroad/orfs@sha256:7f9c688e71cd49379b9e9a45a4558724e3eda501eaaaf11bc9b77382a3fe647b", "-lc", "source /OpenROAD-flow-scripts/env.sh && openroad -exit /exp/runs/024_prefix_sentinel/sta.tcl"]
OPENROAD: /OpenROAD-flow-scripts/tools/OpenROAD
OpenROAD unknown 
Features included (+) or not (-): -GPU +GUI -Python
This program is licensed under the BSD-3 license. See the LICENSE file for details.
Components of this program may be licensed under more restrictive licenses which must be honored.
[INFO ODB-0227] LEF file: /pdk/lef/asap7_tech_1x_201209.lef, created 30 layers, 9 vias
[INFO ODB-0227] LEF file: /pdk/lef/asap7sc7p5t_28_R_1x_220121a.lef, created 212 library cells
[WARNING STA-1212] /exp/build/pdk/asap7_rvt_tt.lib line 865739, timing group from output port.
[WARNING STA-1212] /exp/build/pdk/asap7_rvt_tt.lib line 865772, timing group from output port.
[WARNING STA-1212] /exp/build/pdk/asap7_rvt_tt.lib line 865805, timing group from output port.
[WARNING STA-1212] /exp/build/pdk/asap7_rvt_tt.lib line 865838, timing group from output port.
[WARNING STA-1212] /exp/build/pdk/asap7_rvt_tt.lib line 865871, timing group from output port.
[WARNING STA-1212] /exp/build/pdk/asap7_rvt_tt.lib line 865904, timing group from output port.
[WARNING STA-1212] /exp/build/pdk/asap7_rvt_tt.lib line 865937, timing group from output port.
[WARNING STA-1212] /exp/build/pdk/asap7_rvt_tt.lib line 867333, timing group from output port.
[WARNING STA-1212] /exp/build/pdk/asap7_rvt_tt.lib line 867366, timing group from output port.
[WARNING STA-1212] /exp/build/pdk/asap7_rvt_tt.lib line 867399, timing group from output port.
 time 1ps
 capacitance 1fF
 resistance 1kohm
 voltage 1v
 current 1mA
 power 1pW
 distance 1um
Startpoint: b[0] (input port clocked by virtual)
Endpoint: y[13] (output port clocked by virtual)
Path Group: virtual
Path Type: max

      Delay        Time   Description
-----------------------------------------------------------------
   0.000000    0.000000   clock virtual (rise edge)
   0.000000    0.000000   clock network delay (ideal)
   0.000000    0.000000 v input external delay
   0.000000    0.000000 v b[0] (in)
  15.067246   15.067246 ^ _0635_/Y (INVx1_ASAP7_75t_R)
  21.371714   36.438961 v _0637_/Y (AOI22xp33_ASAP7_75t_R)
  25.427753   61.866714 ^ _0642_/Y (A2O1A1O1Ixp25_ASAP7_75t_R)
  20.641884   82.508598 v _0656_/Y (A2O1A1O1Ixp25_ASAP7_75t_R)
  21.019409  103.528008 ^ _0662_/Y (O2A1O1Ixp33_ASAP7_75t_R)
  20.631996  124.160004 v _0664_/Y (OAI321xp33_ASAP7_75t_R)
  82.516815  206.676819 ^ _0672_/Y (A2O1A1O1Ixp25_ASAP7_75t_R)
  50.130981  256.807800 ^ _0679_/Y (OR2x2_ASAP7_75t_R)
  20.982271  277.790070 ^ _0680_/Y (BUFx6f_ASAP7_75t_R)
  19.637348  297.427429 v _0701_/Y (A2O1A1O1Ixp25_ASAP7_75t_R)
  47.077785  344.505219 ^ _0702_/Y (XOR2x2_ASAP7_75t_R)
  47.385651  391.890869 ^ _0703_/Y (HB1xp67_ASAP7_75t_R)
  22.028740  413.919586 v _0849_/Y (AOI31xp33_ASAP7_75t_R)
  30.347725  444.267334 ^ _0852_/Y (NOR5xp2_ASAP7_75t_R)
  20.030699  464.298004 v _0853_/Y (AOI31xp33_ASAP7_75t_R)
  72.537560  536.835571 ^ _0866_/Y (NOR5xp2_ASAP7_75t_R)
  37.739033  574.574585 v _0959_/Y (AOI211xp5_ASAP7_75t_R)
  30.570990  605.145630 ^ _0961_/Y (OAI31xp33_ASAP7_75t_R)
  27.583435  632.729065 v _0981_/Y (AOI311xp33_ASAP7_75t_R)
  27.105597  659.834656 ^ _0985_/Y (OAI31xp67_ASAP7_75t_R)
  31.677105  691.511719 v _0987_/Y (A2O1A1Ixp33_ASAP7_75t_R)
  50.314697  741.826416 ^ _0988_/Y (XOR2x2_ASAP7_75t_R)
  26.102898  767.929321 ^ _0998_/Y (OR4x2_ASAP7_75t_R)
  16.820601  784.749939 v _1045_/Y (NOR5xp2_ASAP7_75t_R)
  93.663353  878.413269 ^ _1050_/Y (NOR4xp25_ASAP7_75t_R)
  52.732597  931.145874 v _1065_/Y (OAI21xp5_ASAP7_75t_R)
  37.311543  968.457458 v _1066_/Y (OR3x1_ASAP7_75t_R)
  14.012568  982.469971 ^ _1067_/Y (OAI21xp5_ASAP7_75t_R)
  33.697933 1016.167908 v _1071_/Y (AOI31xp33_ASAP7_75t_R)
  90.012665 1106.180542 ^ _1139_/Y (NOR5xp2_ASAP7_75t_R)
  42.589489 1148.770142 v _1161_/Y (NAND3x1_ASAP7_75t_R)
  38.157257 1186.927368 ^ _1193_/Y (NOR4xp75_ASAP7_75t_R)
  27.635227 1214.562622 v _1219_/Y (NAND4xp75_ASAP7_75t_R)
  33.937298 1248.499878 v _1225_/Y (OR2x2_ASAP7_75t_R)
  28.829161 1277.328979 v _1232_/Y (OR3x1_ASAP7_75t_R)
  31.743275 1309.072266 v _1234_/Y (AO21x2_ASAP7_75t_R)
   0.000000 1309.072266 v y[13] (out)
            1309.072266   data arrival time

1000.000000 1000.000000   clock virtual (rise edge)
   0.000000 1000.000000   clock network delay (ideal)
   0.000000 1000.000000   clock reconvergence pessimism
   0.000000 1000.000000   output external delay
            1000.000000   data required time
-----------------------------------------------------------------
            1000.000000   data required time
            -1309.072266   data arrival time
-----------------------------------------------------------------
            -309.072327   slack (VIOLATED)


Group                       Internal       Switching         Leakage           Total
                               Power           Power           Power           Power (Watts)
------------------------------------------------------------------------------------
Sequential           0.000000000e+00 0.000000000e+00 0.000000000e+00 0.000000000e+00   0.0%
Combinational        1.202727435e-04 2.049344621e-04 2.763859186e-08 3.252348397e-04 100.0%
Clock                0.000000000e+00 0.000000000e+00 0.000000000e+00 0.000000000e+00   0.0%
Macro                0.000000000e+00 0.000000000e+00 0.000000000e+00 0.000000000e+00   0.0%
Pad                  0.000000000e+00 0.000000000e+00 0.000000000e+00 0.000000000e+00   0.0%
------------------------------------------------------------------------------------
Total                1.202727435e-04 2.049344621e-04 2.763859186e-08 3.252348397e-04 100.0%
                               37.0%           63.0%            0.0%
