["docker", "run", "--rm", "--network", "none", "--mount", "type=bind,source=C:\\Users\\User\\Desktop\\agent_workspace\\npu\\worktrees\\npu-issue77-a\\exp\\fp16_adder,target=/exp", "--mount", "type=bind,source=C:\\Users\\User\\Desktop\\agent_workspace\\npu\\npu_repo_in_pynq\\external\\OpenROAD-flow-scripts\\flow\\platforms\\asap7,target=/pdk,readonly", "--entrypoint", "bash", "openroad/orfs@sha256:7f9c688e71cd49379b9e9a45a4558724e3eda501eaaaf11bc9b77382a3fe647b", "-lc", "source /OpenROAD-flow-scripts/env.sh && openroad -exit /exp/runs/020_sentinel/sta.tcl"]
OPENROAD: /OpenROAD-flow-scripts/tools/OpenROAD
OpenROAD unknown 
Features included (+) or not (-): -GPU +GUI -Python
This program is licensed under the BSD-3 license. See the LICENSE file for details.
Components of this program may be licensed under more restrictive licenses which must be honored.
[INFO ODB-0227] LEF file: /pdk/lef/asap7_tech_1x_201209.lef, created 30 layers, 9 vias
[INFO ODB-0227] LEF file: /pdk/lef/asap7sc7p5t_28_R_1x_220121a.lef, created 212 library cells
[WARNING STA-1212] /exp/build/pdk/asap7_rvt_tt.lib line 865739, timing group from output port.
[WARNING STA-1212] /exp/build/pdk/asap7_rvt_tt.lib line 865772, timing group from output port.
[WARNING STA-1212] /exp/build/pdk/asap7_rvt_tt.lib line 865805, timing group from output port.
[WARNING STA-1212] /exp/build/pdk/asap7_rvt_tt.lib line 865838, timing group from output port.
[WARNING STA-1212] /exp/build/pdk/asap7_rvt_tt.lib line 865871, timing group from output port.
[WARNING STA-1212] /exp/build/pdk/asap7_rvt_tt.lib line 865904, timing group from output port.
[WARNING STA-1212] /exp/build/pdk/asap7_rvt_tt.lib line 865937, timing group from output port.
[WARNING STA-1212] /exp/build/pdk/asap7_rvt_tt.lib line 867333, timing group from output port.
[WARNING STA-1212] /exp/build/pdk/asap7_rvt_tt.lib line 867366, timing group from output port.
[WARNING STA-1212] /exp/build/pdk/asap7_rvt_tt.lib line 867399, timing group from output port.
 time 1ps
 capacitance 1fF
 resistance 1kohm
 voltage 1v
 current 1mA
 power 1pW
 distance 1um
Startpoint: a[11] (input port clocked by virtual)
Endpoint: y[14] (output port clocked by virtual)
Path Group: virtual
Path Type: max

      Delay        Time   Description
-----------------------------------------------------------------
   0.000000    0.000000   clock virtual (rise edge)
   0.000000    0.000000   clock network delay (ideal)
   0.000000    0.000000 ^ input external delay
   0.000000    0.000000 ^ a[11] (in)
  22.681725   22.681725 ^ _0614_/Y (XNOR2x1_ASAP7_75t_R)
  23.992401   46.674126 v _0616_/Y (OAI211xp5_ASAP7_75t_R)
  25.175858   71.849983 ^ _0619_/Y (AOI211x1_ASAP7_75t_R)
  40.558167  112.408150 ^ _0630_/Y (AND5x1_ASAP7_75t_R)
  16.394302  128.802460 v _0662_/Y (A2O1A1Ixp33_ASAP7_75t_R)
  51.231422  180.033875 ^ _0671_/Y (A2O1A1Ixp33_ASAP7_75t_R)
  34.722893  214.756775 ^ _0676_/Y (AND2x4_ASAP7_75t_R)
  20.345808  235.102585 ^ _0677_/Y (BUFx6f_ASAP7_75t_R)
  45.463799  280.566376 v _0741_/Y (A2O1A1Ixp33_ASAP7_75t_R)
  41.305431  321.871796 ^ _0742_/Y (NAND2x1p5_ASAP7_75t_R)
  25.085018  346.956818 v _0789_/Y (OAI21xp5_ASAP7_75t_R)
  27.788965  374.745789 ^ _0828_/Y (A2O1A1O1Ixp25_ASAP7_75t_R)
  44.886288  419.632080 ^ _0865_/Y (AND5x1_ASAP7_75t_R)
  26.827234  446.459320 v _0866_/Y (A2O1A1O1Ixp25_ASAP7_75t_R)
  63.222538  509.681854 ^ _0881_/Y (NOR5xp2_ASAP7_75t_R)
  39.336979  549.018860 v _0890_/Y (A2O1A1Ixp33_ASAP7_75t_R)
  36.599224  585.618042 ^ _0900_/Y (A2O1A1O1Ixp25_ASAP7_75t_R)
  30.910053  616.528137 v _0904_/Y (OAI311xp33_ASAP7_75t_R)
  39.846516  656.374634 ^ _0912_/Y (A2O1A1O1Ixp25_ASAP7_75t_R)
  27.143732  683.518372 v _0940_/Y (OAI31xp33_ASAP7_75t_R)
  42.184647  725.703003 ^ _0941_/Y (XOR2xp5_ASAP7_75t_R)
  52.449379  778.152405 ^ _0942_/Y (AND5x2_ASAP7_75t_R)
  31.337212  809.489563 ^ _0974_/Y (AND3x1_ASAP7_75t_R)
  41.020908  850.510498 ^ _0994_/Y (AND4x2_ASAP7_75t_R)
  24.288349  874.798828 ^ _1026_/Y (BUFx4f_ASAP7_75t_R)
  16.035395  890.834229 v _1073_/Y (NOR3xp33_ASAP7_75t_R)
  18.575418  909.409668 ^ _1074_/Y (AOI211x1_ASAP7_75t_R)
  19.447332  928.856995 v _1077_/Y (O2A1O1Ixp33_ASAP7_75t_R)
  47.102654  975.959656 ^ _1080_/Y (O2A1O1Ixp5_ASAP7_75t_R)
  43.643089 1019.602722 v _1116_/Y (NAND4xp75_ASAP7_75t_R)
  31.035730 1050.638428 ^ _1140_/Y (NOR3x2_ASAP7_75t_R)
  20.663916 1071.302368 v _1163_/Y (NAND3x2_ASAP7_75t_R)
  17.439938 1088.742310 ^ _1183_/Y (NOR3x2_ASAP7_75t_R)
  59.031780 1147.774048 v _1207_/Y (NAND5xp2_ASAP7_75t_R)
  47.661873 1195.436035 v _1213_/Y (OR3x1_ASAP7_75t_R)
  58.661297 1254.097290 ^ _1218_/Y (OAI211xp5_ASAP7_75t_R)
   0.000000 1254.097290 ^ y[14] (out)
            1254.097290   data arrival time

1000.000000 1000.000000   clock virtual (rise edge)
   0.000000 1000.000000   clock network delay (ideal)
   0.000000 1000.000000   clock reconvergence pessimism
   0.000000 1000.000000   output external delay
            1000.000000   data required time
-----------------------------------------------------------------
            1000.000000   data required time
            -1254.097290   data arrival time
-----------------------------------------------------------------
            -254.097305   slack (VIOLATED)


Group                       Internal       Switching         Leakage           Total
                               Power           Power           Power           Power (Watts)
------------------------------------------------------------------------------------
Sequential           0.000000000e+00 0.000000000e+00 0.000000000e+00 0.000000000e+00   0.0%
Combinational        1.175792859e-04 2.133479429e-04 2.603926319e-08 3.309532767e-04 100.0%
Clock                0.000000000e+00 0.000000000e+00 0.000000000e+00 0.000000000e+00   0.0%
Macro                0.000000000e+00 0.000000000e+00 0.000000000e+00 0.000000000e+00   0.0%
Pad                  0.000000000e+00 0.000000000e+00 0.000000000e+00 0.000000000e+00   0.0%
------------------------------------------------------------------------------------
Total                1.175792859e-04 2.133479429e-04 2.603926319e-08 3.309532767e-04 100.0%
                               35.5%           64.5%            0.0%
