["docker", "run", "--rm", "--network", "none", "--mount", "type=bind,source=C:\\Users\\User\\Desktop\\agent_workspace\\npu\\worktrees\\npu-issue77-a\\exp\\fp16_adder,target=/exp", "--mount", "type=bind,source=C:\\Users\\User\\Desktop\\agent_workspace\\npu\\npu_repo_in_pynq\\external\\OpenROAD-flow-scripts\\flow\\platforms\\asap7,target=/pdk,readonly", "--entrypoint", "bash", "openroad/orfs@sha256:7f9c688e71cd49379b9e9a45a4558724e3eda501eaaaf11bc9b77382a3fe647b", "-lc", "source /OpenROAD-flow-scripts/env.sh && openroad -exit /exp/runs/003_aligned_case/sta.tcl"]
OPENROAD: /OpenROAD-flow-scripts/tools/OpenROAD
OpenROAD unknown 
Features included (+) or not (-): -GPU +GUI -Python
This program is licensed under the BSD-3 license. See the LICENSE file for details.
Components of this program may be licensed under more restrictive licenses which must be honored.
[INFO ODB-0227] LEF file: /pdk/lef/asap7_tech_1x_201209.lef, created 30 layers, 9 vias
[INFO ODB-0227] LEF file: /pdk/lef/asap7sc7p5t_28_R_1x_220121a.lef, created 212 library cells
[WARNING STA-1212] /exp/build/pdk/asap7_rvt_tt.lib line 865739, timing group from output port.
[WARNING STA-1212] /exp/build/pdk/asap7_rvt_tt.lib line 865772, timing group from output port.
[WARNING STA-1212] /exp/build/pdk/asap7_rvt_tt.lib line 865805, timing group from output port.
[WARNING STA-1212] /exp/build/pdk/asap7_rvt_tt.lib line 865838, timing group from output port.
[WARNING STA-1212] /exp/build/pdk/asap7_rvt_tt.lib line 865871, timing group from output port.
[WARNING STA-1212] /exp/build/pdk/asap7_rvt_tt.lib line 865904, timing group from output port.
[WARNING STA-1212] /exp/build/pdk/asap7_rvt_tt.lib line 865937, timing group from output port.
[WARNING STA-1212] /exp/build/pdk/asap7_rvt_tt.lib line 867333, timing group from output port.
[WARNING STA-1212] /exp/build/pdk/asap7_rvt_tt.lib line 867366, timing group from output port.
[WARNING STA-1212] /exp/build/pdk/asap7_rvt_tt.lib line 867399, timing group from output port.
 time 1ps
 capacitance 1fF
 resistance 1kohm
 voltage 1v
 current 1mA
 power 1pW
 distance 1um
Startpoint: b[1] (input port clocked by virtual)
Endpoint: y[10] (output port clocked by virtual)
Path Group: virtual
Path Type: max

      Delay        Time   Description
-----------------------------------------------------------------
   0.000000    0.000000   clock virtual (rise edge)
   0.000000    0.000000   clock network delay (ideal)
   0.000000    0.000000 v input external delay
   0.000000    0.000000 v b[1] (in)
  16.710176   16.710176 ^ _0653_/Y (INVxp67_ASAP7_75t_R)
  18.664207   35.374386 v _0654_/Y (AOI22xp33_ASAP7_75t_R)
  25.019375   60.393761 ^ _0660_/Y (A2O1A1O1Ixp25_ASAP7_75t_R)
  23.423903   83.817665 v _0675_/Y (A2O1A1O1Ixp25_ASAP7_75t_R)
  18.518173  102.335838 ^ _0692_/Y (O2A1O1Ixp5_ASAP7_75t_R)
  18.706758  121.042595 v _0698_/Y (O2A1O1Ixp33_ASAP7_75t_R)
  30.282902  151.325500 v _0707_/Y (BUFx3_ASAP7_75t_R)
  34.014153  185.339645 v _0718_/Y (OA21x2_ASAP7_75t_R)
  44.319756  229.659409 ^ _0731_/Y (OAI221xp5_ASAP7_75t_R)
  49.439121  279.098511 ^ _0734_/Y (OA31x2_ASAP7_75t_R)
  26.477182  305.575714 v _0775_/Y (O2A1O1Ixp5_ASAP7_75t_R)
  58.534401  364.110107 ^ _0777_/Y (OAI221xp5_ASAP7_75t_R)
  47.848255  411.958344 ^ _0801_/Y (AO21x2_ASAP7_75t_R)
  21.980196  433.938568 v _0857_/Y (OAI32xp33_ASAP7_75t_R)
  30.703663  464.642212 ^ _0949_/Y (AOI21xp33_ASAP7_75t_R)
  47.569061  512.211304 v _0950_/Y (XNOR2x2_ASAP7_75t_R)
  21.370295  533.581543 ^ _0952_/Y (OAI31xp67_ASAP7_75t_R)
  30.971336  564.552917 v _0959_/Y (A2O1A1O1Ixp25_ASAP7_75t_R)
  28.030024  592.582947 ^ _0964_/Y (O2A1O1Ixp5_ASAP7_75t_R)
  30.894121  623.477051 v _0969_/Y (A2O1A1O1Ixp25_ASAP7_75t_R)
  33.300919  656.777954 ^ _0972_/Y (O2A1O1Ixp33_ASAP7_75t_R)
  28.545500  685.323486 v _0975_/Y (OAI21xp5_ASAP7_75t_R)
  30.412285  715.735779 ^ _1030_/Y (NAND3xp33_ASAP7_75t_R)
  50.179306  765.915039 ^ _1033_/Y (AND4x2_ASAP7_75t_R)
  40.784431  806.699463 v _1065_/Y (A2O1A1O1Ixp25_ASAP7_75t_R)
  36.266933  842.966431 v _1067_/Y (OR2x2_ASAP7_75t_R)
  25.747238  868.713684 ^ _1073_/Y (O2A1O1Ixp5_ASAP7_75t_R)
  24.886927  893.600586 v _1081_/Y (OAI21x1_ASAP7_75t_R)
  47.056747  940.657349 v _1104_/Y (OR3x2_ASAP7_75t_R)
  20.771496  961.428833 ^ _1128_/Y (NAND2x1p5_ASAP7_75t_R)
  24.293678  985.722534 ^ _1129_/Y (BUFx6f_ASAP7_75t_R)
  20.033197 1005.755676 ^ _1192_/Y (AO21x1_ASAP7_75t_R)
  13.733348 1019.489075 v _1193_/Y (O2A1O1Ixp33_ASAP7_75t_R)
  66.061264 1085.550293 ^ _1196_/Y (A2O1A1O1Ixp25_ASAP7_75t_R)
  46.306847 1131.857178 v _1206_/Y (NOR3x2_ASAP7_75t_R)
  29.655945 1161.513062 ^ _1222_/Y (NAND3x2_ASAP7_75t_R)
  25.195845 1186.708984 ^ _1231_/Y (OR3x1_ASAP7_75t_R)
  36.110226 1222.819214 ^ _1235_/Y (AND4x1_ASAP7_75t_R)
  37.362556 1260.181763 v _1240_/Y (AOI211x1_ASAP7_75t_R)
  51.228024 1311.409790 ^ _1284_/Y (OAI211xp5_ASAP7_75t_R)
   0.000000 1311.409790 ^ y[10] (out)
            1311.409790   data arrival time

1200.000000 1200.000000   clock virtual (rise edge)
   0.000000 1200.000000   clock network delay (ideal)
   0.000000 1200.000000   clock reconvergence pessimism
   0.000000 1200.000000   output external delay
            1200.000000   data required time
-----------------------------------------------------------------
            1200.000000   data required time
            -1311.409790   data arrival time
-----------------------------------------------------------------
            -111.409767   slack (VIOLATED)


Group                       Internal       Switching         Leakage           Total
                               Power           Power           Power           Power (Watts)
------------------------------------------------------------------------------------
Sequential           0.000000000e+00 0.000000000e+00 0.000000000e+00 0.000000000e+00   0.0%
Combinational        1.074393440e-04 1.838526514e-04 3.108941726e-08 2.913230855e-04 100.0%
Clock                0.000000000e+00 0.000000000e+00 0.000000000e+00 0.000000000e+00   0.0%
Macro                0.000000000e+00 0.000000000e+00 0.000000000e+00 0.000000000e+00   0.0%
Pad                  0.000000000e+00 0.000000000e+00 0.000000000e+00 0.000000000e+00   0.0%
------------------------------------------------------------------------------------
Total                1.074393440e-04 1.838526514e-04 3.108941726e-08 2.913230855e-04 100.0%
                               36.9%           63.1%            0.0%
