["docker", "run", "--rm", "--network", "none", "--mount", "type=bind,source=C:\\Users\\User\\Desktop\\agent_workspace\\npu\\npu_repo_in_pynq\\exp\\fp32_multipier,target=/exp", "--mount", "type=bind,source=C:\\Users\\User\\Desktop\\agent_workspace\\npu\\npu_repo_in_pynq\\external\\OpenROAD-flow-scripts\\flow\\platforms\\asap7,target=/pdk,readonly", "--entrypoint", "bash", "openroad/orfs@sha256:7f9c688e71cd49379b9e9a45a4558724e3eda501eaaaf11bc9b77382a3fe647b", "-lc", "source /OpenROAD-flow-scripts/env.sh && openroad -exit /exp/runs/031_packed_priority_300/sta.tcl"]
OPENROAD: /OpenROAD-flow-scripts/tools/OpenROAD
OpenROAD unknown 
Features included (+) or not (-): -GPU +GUI -Python
This program is licensed under the BSD-3 license. See the LICENSE file for details.
Components of this program may be licensed under more restrictive licenses which must be honored.
[INFO ODB-0227] LEF file: /pdk/lef/asap7_tech_1x_201209.lef, created 30 layers, 9 vias
[INFO ODB-0227] LEF file: /pdk/lef/asap7sc7p5t_28_R_1x_220121a.lef, created 212 library cells
[WARNING STA-1212] /exp/build/pdk/asap7_rvt_tt.lib line 865739, timing group from output port.
[WARNING STA-1212] /exp/build/pdk/asap7_rvt_tt.lib line 865772, timing group from output port.
[WARNING STA-1212] /exp/build/pdk/asap7_rvt_tt.lib line 865805, timing group from output port.
[WARNING STA-1212] /exp/build/pdk/asap7_rvt_tt.lib line 865838, timing group from output port.
[WARNING STA-1212] /exp/build/pdk/asap7_rvt_tt.lib line 865871, timing group from output port.
[WARNING STA-1212] /exp/build/pdk/asap7_rvt_tt.lib line 865904, timing group from output port.
[WARNING STA-1212] /exp/build/pdk/asap7_rvt_tt.lib line 865937, timing group from output port.
[WARNING STA-1212] /exp/build/pdk/asap7_rvt_tt.lib line 867333, timing group from output port.
[WARNING STA-1212] /exp/build/pdk/asap7_rvt_tt.lib line 867366, timing group from output port.
[WARNING STA-1212] /exp/build/pdk/asap7_rvt_tt.lib line 867399, timing group from output port.
 time 1ps
 capacitance 1fF
 resistance 1kohm
 voltage 1v
 current 1mA
 power 1pW
 distance 1um
Startpoint: a[9] (input port clocked by virtual)
Endpoint: y[8] (output port clocked by virtual)
Path Group: virtual
Path Type: max

      Delay        Time   Description
-----------------------------------------------------------------
   0.000000    0.000000   clock virtual (rise edge)
   0.000000    0.000000   clock network delay (ideal)
   0.000000    0.000000 v input external delay
   0.000000    0.000000 v a[9] (in)
  69.944221   69.944221 v _0528_/Y (OR5x2_ASAP7_75t_R)
  24.438820   94.383041 ^ _0530_/Y (NAND4xp75_ASAP7_75t_R)
  35.775257  130.158295 v _0536_/Y (AOI211x1_ASAP7_75t_R)
  34.346455  164.504761 v _0588_/Y (OA21x2_ASAP7_75t_R)
  31.430830  195.935593 v _0631_/Y (OR3x1_ASAP7_75t_R)
  20.659836  216.595428 v _0632_/Y (AND3x2_ASAP7_75t_R)
  31.696632  248.292053 v _0634_/Y (OR3x1_ASAP7_75t_R)
  29.510588  277.802643 ^ _0637_/Y (AOI22xp33_ASAP7_75t_R)
  25.368984  303.171631 v _0662_/Y (OAI21xp33_ASAP7_75t_R)
  47.800098  350.971710 ^ _0701_/Y (A2O1A1O1Ixp25_ASAP7_75t_R)
  39.046154  390.017883 v _0704_/Y (O2A1O1Ixp5_ASAP7_75t_R)
  36.281284  426.299164 ^ _0747_/Y (O2A1O1Ixp5_ASAP7_75t_R)
  49.622196  475.921356 v _0755_/Y (XNOR2x2_ASAP7_75t_R)
  31.596281  507.517639 ^ _0781_/Y (OAI311xp33_ASAP7_75t_R)
  49.857452  557.375122 v _0794_/Y (XNOR2x2_ASAP7_75t_R)
  19.633574  577.008667 ^ _0801_/Y (AOI21x1_ASAP7_75t_R)
  36.222359  613.231018 ^ _0803_/Y (XOR2x1_ASAP7_75t_R)
  32.262749  645.493774 v _0804_/Y (NAND5xp2_ASAP7_75t_R)
  50.184299  695.678101 ^ _0810_/Y (O2A1O1Ixp5_ASAP7_75t_R)
  30.149605  725.827698 v _0919_/Y (NOR2xp33_ASAP7_75t_R)
  38.073490  763.901184 ^ _0920_/Y (AOI21xp5_ASAP7_75t_R)
  32.057079  795.958252 v _0975_/Y (NAND4xp75_ASAP7_75t_R)
  37.203297  833.161560 ^ _1027_/Y (NOR4xp75_ASAP7_75t_R)
  20.690838  853.852356 v _1041_/Y (NAND2x1p5_ASAP7_75t_R)
  30.039305  883.891663 v _1047_/Y (OA22x2_ASAP7_75t_R)
  60.337902  944.229614 ^ _1048_/Y (A2O1A1O1Ixp25_ASAP7_75t_R)
   0.000000  944.229614 ^ y[8] (out)
             944.229614   data arrival time

 300.000000  300.000000   clock virtual (rise edge)
   0.000000  300.000000   clock network delay (ideal)
   0.000000  300.000000   clock reconvergence pessimism
   0.000000  300.000000   output external delay
             300.000000   data required time
-----------------------------------------------------------------
             300.000000   data required time
            -944.229614   data arrival time
-----------------------------------------------------------------
            -644.229553   slack (VIOLATED)


Group                       Internal       Switching         Leakage           Total
                               Power           Power           Power           Power (Watts)
------------------------------------------------------------------------------------
Sequential           0.000000000e+00 0.000000000e+00 0.000000000e+00 0.000000000e+00   0.0%
Combinational        2.745530219e-04 5.201118765e-04 2.558066825e-08 7.946904516e-04 100.0%
Clock                0.000000000e+00 0.000000000e+00 0.000000000e+00 0.000000000e+00   0.0%
Macro                0.000000000e+00 0.000000000e+00 0.000000000e+00 0.000000000e+00   0.0%
Pad                  0.000000000e+00 0.000000000e+00 0.000000000e+00 0.000000000e+00   0.0%
------------------------------------------------------------------------------------
Total                2.745530219e-04 5.201118765e-04 2.558066825e-08 7.946904516e-04 100.0%
                               34.5%           65.4%            0.0%
