["docker", "run", "--rm", "--network", "none", "--mount", "type=bind,source=C:\\Users\\User\\Desktop\\agent_workspace\\npu\\npu_repo_in_pynq\\exp\\fp32_multipier,target=/exp", "--mount", "type=bind,source=C:\\Users\\User\\Desktop\\agent_workspace\\npu\\npu_repo_in_pynq\\external\\OpenROAD-flow-scripts\\flow\\platforms\\asap7,target=/pdk,readonly", "--entrypoint", "bash", "openroad/orfs@sha256:7f9c688e71cd49379b9e9a45a4558724e3eda501eaaaf11bc9b77382a3fe647b", "-lc", "source /OpenROAD-flow-scripts/env.sh && openroad -exit /exp/runs/026_parallel_exp/sta.tcl"]
OPENROAD: /OpenROAD-flow-scripts/tools/OpenROAD
OpenROAD unknown 
Features included (+) or not (-): -GPU +GUI -Python
This program is licensed under the BSD-3 license. See the LICENSE file for details.
Components of this program may be licensed under more restrictive licenses which must be honored.
[INFO ODB-0227] LEF file: /pdk/lef/asap7_tech_1x_201209.lef, created 30 layers, 9 vias
[INFO ODB-0227] LEF file: /pdk/lef/asap7sc7p5t_28_R_1x_220121a.lef, created 212 library cells
[WARNING STA-1212] /exp/build/pdk/asap7_rvt_tt.lib line 865739, timing group from output port.
[WARNING STA-1212] /exp/build/pdk/asap7_rvt_tt.lib line 865772, timing group from output port.
[WARNING STA-1212] /exp/build/pdk/asap7_rvt_tt.lib line 865805, timing group from output port.
[WARNING STA-1212] /exp/build/pdk/asap7_rvt_tt.lib line 865838, timing group from output port.
[WARNING STA-1212] /exp/build/pdk/asap7_rvt_tt.lib line 865871, timing group from output port.
[WARNING STA-1212] /exp/build/pdk/asap7_rvt_tt.lib line 865904, timing group from output port.
[WARNING STA-1212] /exp/build/pdk/asap7_rvt_tt.lib line 865937, timing group from output port.
[WARNING STA-1212] /exp/build/pdk/asap7_rvt_tt.lib line 867333, timing group from output port.
[WARNING STA-1212] /exp/build/pdk/asap7_rvt_tt.lib line 867366, timing group from output port.
[WARNING STA-1212] /exp/build/pdk/asap7_rvt_tt.lib line 867399, timing group from output port.
 time 1ps
 capacitance 1fF
 resistance 1kohm
 voltage 1v
 current 1mA
 power 1pW
 distance 1um
Startpoint: a[9] (input port clocked by virtual)
Endpoint: y[10] (output port clocked by virtual)
Path Group: virtual
Path Type: max

      Delay        Time   Description
-----------------------------------------------------------------
   0.000000    0.000000   clock virtual (rise edge)
   0.000000    0.000000   clock network delay (ideal)
   0.000000    0.000000 v input external delay
   0.000000    0.000000 v a[9] (in)
  69.944221   69.944221 v _0557_/Y (OR5x2_ASAP7_75t_R)
  31.431469  101.375694 v _0558_/Y (AND4x2_ASAP7_75t_R)
  34.798920  136.174606 v _0613_/Y (OA211x2_ASAP7_75t_R)
  27.777002  163.951614 v _0616_/Y (OA21x2_ASAP7_75t_R)
  31.646353  195.597977 v _0639_/Y (OR3x1_ASAP7_75t_R)
  21.853394  217.451370 ^ _0664_/Y (AOI21xp5_ASAP7_75t_R)
  27.018970  244.470337 ^ _0665_/Y (OR3x2_ASAP7_75t_R)
  35.719177  280.189514 ^ _0667_/Y (AND4x1_ASAP7_75t_R)
  18.962610  299.152130 v _0693_/Y (OAI21xp5_ASAP7_75t_R)
  47.005955  346.158081 ^ _0729_/Y (A2O1A1O1Ixp25_ASAP7_75t_R)
  40.146442  386.304504 v _0733_/Y (O2A1O1Ixp5_ASAP7_75t_R)
  42.907539  429.212067 ^ _0743_/Y (O2A1O1Ixp5_ASAP7_75t_R)
  51.838535  481.050598 v _0753_/Y (XNOR2x2_ASAP7_75t_R)
  26.665892  507.716492 v _0754_/Y (BUFx4f_ASAP7_75t_R)
  14.559243  522.275696 ^ _0812_/Y (NAND2x1p5_ASAP7_75t_R)
  28.057056  550.332764 v _0813_/Y (NOR3x1_ASAP7_75t_R)
  26.574409  576.907166 ^ _0814_/Y (NOR2x1p5_ASAP7_75t_R)
  37.104042  614.011230 v _0826_/Y (NAND4xp25_ASAP7_75t_R)
  29.895142  643.906372 ^ _0853_/Y (OAI221xp5_ASAP7_75t_R)
  28.734793  672.641174 v _0854_/Y (AOI211x1_ASAP7_75t_R)
  41.520622  714.161804 ^ _0873_/Y (NAND5xp2_ASAP7_75t_R)
  31.448622  745.610413 ^ _0874_/Y (AND2x2_ASAP7_75t_R)
  25.472790  771.083191 ^ _0875_/Y (BUFx3_ASAP7_75t_R)
  24.562963  795.646179 v _0957_/Y (AOI21xp5_ASAP7_75t_R)
  35.618729  831.264893 ^ _1028_/Y (NOR4xp75_ASAP7_75t_R)
  32.040092  863.304993 v _1082_/Y (NAND4xp75_ASAP7_75t_R)
  38.266666  901.571655 ^ _1089_/Y (NOR4xp75_ASAP7_75t_R)
  24.362734  925.934387 v _1098_/Y (AOI211xp5_ASAP7_75t_R)
  45.715599  971.649963 v _1099_/Y (OR3x1_ASAP7_75t_R)
   0.000000  971.649963 v y[10] (out)
             971.649963   data arrival time

 700.000000  700.000000   clock virtual (rise edge)
   0.000000  700.000000   clock network delay (ideal)
   0.000000  700.000000   clock reconvergence pessimism
   0.000000  700.000000   output external delay
             700.000000   data required time
-----------------------------------------------------------------
             700.000000   data required time
            -971.649963   data arrival time
-----------------------------------------------------------------
            -271.649994   slack (VIOLATED)


Group                       Internal       Switching         Leakage           Total
                               Power           Power           Power           Power (Watts)
------------------------------------------------------------------------------------
Sequential           0.000000000e+00 0.000000000e+00 0.000000000e+00 0.000000000e+00   0.0%
Combinational        1.390105463e-04 2.544509771e-04 2.884323891e-08 3.934903652e-04 100.0%
Clock                0.000000000e+00 0.000000000e+00 0.000000000e+00 0.000000000e+00   0.0%
Macro                0.000000000e+00 0.000000000e+00 0.000000000e+00 0.000000000e+00   0.0%
Pad                  0.000000000e+00 0.000000000e+00 0.000000000e+00 0.000000000e+00   0.0%
------------------------------------------------------------------------------------
Total                1.390105463e-04 2.544509771e-04 2.884323891e-08 3.934903652e-04 100.0%
                               35.3%           64.7%            0.0%
