["docker", "run", "--rm", "--network", "none", "--mount", "type=bind,source=C:\\Users\\User\\Desktop\\agent_workspace\\npu\\npu_repo_in_pynq\\exp\\fp32_multipier,target=/exp", "--mount", "type=bind,source=C:\\Users\\User\\Desktop\\agent_workspace\\npu\\npu_repo_in_pynq\\external\\OpenROAD-flow-scripts\\flow\\platforms\\asap7,target=/pdk,readonly", "--entrypoint", "bash", "openroad/orfs@sha256:7f9c688e71cd49379b9e9a45a4558724e3eda501eaaaf11bc9b77382a3fe647b", "-lc", "source /OpenROAD-flow-scripts/env.sh && openroad -exit /exp/runs/025_packed_rows/sta.tcl"]
OPENROAD: /OpenROAD-flow-scripts/tools/OpenROAD
OpenROAD unknown 
Features included (+) or not (-): -GPU +GUI -Python
This program is licensed under the BSD-3 license. See the LICENSE file for details.
Components of this program may be licensed under more restrictive licenses which must be honored.
[INFO ODB-0227] LEF file: /pdk/lef/asap7_tech_1x_201209.lef, created 30 layers, 9 vias
[INFO ODB-0227] LEF file: /pdk/lef/asap7sc7p5t_28_R_1x_220121a.lef, created 212 library cells
[WARNING STA-1212] /exp/build/pdk/asap7_rvt_tt.lib line 865739, timing group from output port.
[WARNING STA-1212] /exp/build/pdk/asap7_rvt_tt.lib line 865772, timing group from output port.
[WARNING STA-1212] /exp/build/pdk/asap7_rvt_tt.lib line 865805, timing group from output port.
[WARNING STA-1212] /exp/build/pdk/asap7_rvt_tt.lib line 865838, timing group from output port.
[WARNING STA-1212] /exp/build/pdk/asap7_rvt_tt.lib line 865871, timing group from output port.
[WARNING STA-1212] /exp/build/pdk/asap7_rvt_tt.lib line 865904, timing group from output port.
[WARNING STA-1212] /exp/build/pdk/asap7_rvt_tt.lib line 865937, timing group from output port.
[WARNING STA-1212] /exp/build/pdk/asap7_rvt_tt.lib line 867333, timing group from output port.
[WARNING STA-1212] /exp/build/pdk/asap7_rvt_tt.lib line 867366, timing group from output port.
[WARNING STA-1212] /exp/build/pdk/asap7_rvt_tt.lib line 867399, timing group from output port.
 time 1ps
 capacitance 1fF
 resistance 1kohm
 voltage 1v
 current 1mA
 power 1pW
 distance 1um
Startpoint: a[9] (input port clocked by virtual)
Endpoint: y[10] (output port clocked by virtual)
Path Group: virtual
Path Type: max

      Delay        Time   Description
-----------------------------------------------------------------
   0.000000    0.000000   clock virtual (rise edge)
   0.000000    0.000000   clock network delay (ideal)
   0.000000    0.000000 v input external delay
   0.000000    0.000000 v a[9] (in)
  99.189110   99.189110 ^ _0589_/Y (NOR5xp2_ASAP7_75t_R)
  43.984047  143.173157 ^ _0590_/Y (OR3x1_ASAP7_75t_R)
  21.262575  164.435730 v _0592_/Y (NAND4xp75_ASAP7_75t_R)
  22.340075  186.775803 ^ _0652_/Y (NAND2xp5_ASAP7_75t_R)
  29.963032  216.738831 ^ _0659_/Y (XOR2xp5_ASAP7_75t_R)
  27.277056  244.015884 ^ _0665_/Y (XNOR2xp5_ASAP7_75t_R)
  32.200298  276.216187 ^ _0666_/Y (XOR2xp5_ASAP7_75t_R)
  40.681793  316.897980 v _0667_/Y (XNOR2x2_ASAP7_75t_R)
  27.292252  344.190247 v _0668_/Y (XNOR2xp5_ASAP7_75t_R)
  26.317503  370.507751 ^ _0669_/Y (XNOR2xp5_ASAP7_75t_R)
  24.072050  394.579773 v _0671_/Y (A2O1A1Ixp33_ASAP7_75t_R)
  49.889259  444.469055 ^ _0743_/Y (A2O1A1O1Ixp25_ASAP7_75t_R)
  45.186825  489.655884 v _0751_/Y (O2A1O1Ixp5_ASAP7_75t_R)
  49.784676  539.440552 v _0761_/Y (OR3x1_ASAP7_75t_R)
  37.042423  576.482971 ^ _0765_/Y (NOR5xp2_ASAP7_75t_R)
  38.963112  615.446106 ^ _0766_/Y (BUFx2_ASAP7_75t_R)
  39.560410  655.006470 v _0778_/Y (NAND5xp2_ASAP7_75t_R)
  34.653557  689.660034 ^ _0793_/Y (AOI31xp67_ASAP7_75t_R)
  25.873692  715.533752 v _0816_/Y (NOR3x1_ASAP7_75t_R)
  56.143978  771.677734 ^ _0840_/Y (A2O1A1O1Ixp25_ASAP7_75t_R)
  47.867100  819.544800 v _0855_/Y (OAI211xp5_ASAP7_75t_R)
  46.710636  866.255432 ^ _0856_/Y (OAI31xp67_ASAP7_75t_R)
  27.081781  893.337219 v _0938_/Y (NOR2xp33_ASAP7_75t_R)
  42.129356  935.466614 ^ _0939_/Y (AOI21xp5_ASAP7_75t_R)
  32.705284  968.171875 v _1015_/Y (NAND4xp75_ASAP7_75t_R)
  91.886612 1060.058472 ^ _1084_/Y (NOR5xp2_ASAP7_75t_R)
  54.204754 1114.263184 ^ _1095_/Y (AND4x1_ASAP7_75t_R)
  43.800297 1158.063599 v _1101_/Y (OAI211xp5_ASAP7_75t_R)
   0.000000 1158.063599 v y[10] (out)
            1158.063599   data arrival time

 700.000000  700.000000   clock virtual (rise edge)
   0.000000  700.000000   clock network delay (ideal)
   0.000000  700.000000   clock reconvergence pessimism
   0.000000  700.000000   output external delay
             700.000000   data required time
-----------------------------------------------------------------
             700.000000   data required time
            -1158.063599   data arrival time
-----------------------------------------------------------------
            -458.063538   slack (VIOLATED)


Group                       Internal       Switching         Leakage           Total
                               Power           Power           Power           Power (Watts)
------------------------------------------------------------------------------------
Sequential           0.000000000e+00 0.000000000e+00 0.000000000e+00 0.000000000e+00   0.0%
Combinational        1.232515933e-04 2.213007101e-04 2.724291548e-08 3.445795446e-04 100.0%
Clock                0.000000000e+00 0.000000000e+00 0.000000000e+00 0.000000000e+00   0.0%
Macro                0.000000000e+00 0.000000000e+00 0.000000000e+00 0.000000000e+00   0.0%
Pad                  0.000000000e+00 0.000000000e+00 0.000000000e+00 0.000000000e+00   0.0%
------------------------------------------------------------------------------------
Total                1.232515933e-04 2.213007101e-04 2.724291548e-08 3.445795446e-04 100.0%
                               35.8%           64.2%            0.0%
