["docker", "run", "--rm", "--network", "none", "--mount", "type=bind,source=C:\\Users\\User\\Desktop\\agent_workspace\\npu\\worktrees\\npu-issue77-a\\exp\\fp16_adder,target=/exp", "--mount", "type=bind,source=C:\\Users\\User\\Desktop\\agent_workspace\\npu\\npu_repo_in_pynq\\external\\OpenROAD-flow-scripts\\flow\\platforms\\asap7,target=/pdk,readonly", "--entrypoint", "bash", "openroad/orfs@sha256:7f9c688e71cd49379b9e9a45a4558724e3eda501eaaaf11bc9b77382a3fe647b", "-lc", "source /OpenROAD-flow-scripts/env.sh && openroad -exit /exp/runs/019_packed_priority/sta.tcl"]
OPENROAD: /OpenROAD-flow-scripts/tools/OpenROAD
OpenROAD unknown 
Features included (+) or not (-): -GPU +GUI -Python
This program is licensed under the BSD-3 license. See the LICENSE file for details.
Components of this program may be licensed under more restrictive licenses which must be honored.
[INFO ODB-0227] LEF file: /pdk/lef/asap7_tech_1x_201209.lef, created 30 layers, 9 vias
[INFO ODB-0227] LEF file: /pdk/lef/asap7sc7p5t_28_R_1x_220121a.lef, created 212 library cells
[WARNING STA-1212] /exp/build/pdk/asap7_rvt_tt.lib line 865739, timing group from output port.
[WARNING STA-1212] /exp/build/pdk/asap7_rvt_tt.lib line 865772, timing group from output port.
[WARNING STA-1212] /exp/build/pdk/asap7_rvt_tt.lib line 865805, timing group from output port.
[WARNING STA-1212] /exp/build/pdk/asap7_rvt_tt.lib line 865838, timing group from output port.
[WARNING STA-1212] /exp/build/pdk/asap7_rvt_tt.lib line 865871, timing group from output port.
[WARNING STA-1212] /exp/build/pdk/asap7_rvt_tt.lib line 865904, timing group from output port.
[WARNING STA-1212] /exp/build/pdk/asap7_rvt_tt.lib line 865937, timing group from output port.
[WARNING STA-1212] /exp/build/pdk/asap7_rvt_tt.lib line 867333, timing group from output port.
[WARNING STA-1212] /exp/build/pdk/asap7_rvt_tt.lib line 867366, timing group from output port.
[WARNING STA-1212] /exp/build/pdk/asap7_rvt_tt.lib line 867399, timing group from output port.
 time 1ps
 capacitance 1fF
 resistance 1kohm
 voltage 1v
 current 1mA
 power 1pW
 distance 1um
Startpoint: a[3] (input port clocked by virtual)
Endpoint: y[14] (output port clocked by virtual)
Path Group: virtual
Path Type: max

      Delay        Time   Description
-----------------------------------------------------------------
   0.000000    0.000000   clock virtual (rise edge)
   0.000000    0.000000   clock network delay (ideal)
   0.000000    0.000000 ^ input external delay
   0.000000    0.000000 ^ a[3] (in)
  14.420630   14.420630 v _0614_/Y (INVxp67_ASAP7_75t_R)
  32.717045   47.137676 v _0617_/Y (OA211x2_ASAP7_75t_R)
  20.334200   67.471878 ^ _0618_/Y (AOI221xp5_ASAP7_75t_R)
  22.819746   90.291618 v _0633_/Y (A2O1A1O1Ixp25_ASAP7_75t_R)
  21.431198  111.722816 ^ _0650_/Y (O2A1O1Ixp5_ASAP7_75t_R)
  20.406017  132.128830 v _0655_/Y (O2A1O1Ixp5_ASAP7_75t_R)
  29.658831  161.787674 v _0656_/Y (BUFx3_ASAP7_75t_R)
  35.541790  197.329453 v _0671_/Y (OA211x2_ASAP7_75t_R)
  29.180977  226.510437 ^ _0672_/Y (AOI21x1_ASAP7_75t_R)
  41.276913  267.787354 v _0679_/Y (AOI31xp67_ASAP7_75t_R)
  50.970116  318.757477 ^ _0689_/Y (A2O1A1Ixp33_ASAP7_75t_R)
  21.808861  340.566315 v _0714_/Y (AOI21x1_ASAP7_75t_R)
  40.602551  381.168884 ^ _0747_/Y (XOR2x2_ASAP7_75t_R)
  24.449442  405.618317 ^ _0748_/Y (BUFx3_ASAP7_75t_R)
  17.062185  422.680511 v _0856_/Y (NOR2xp33_ASAP7_75t_R)
  32.768539  455.449036 ^ _0857_/Y (A2O1A1O1Ixp25_ASAP7_75t_R)
  20.828533  476.277588 v _0881_/Y (NOR2xp67_ASAP7_75t_R)
  28.187786  504.465363 ^ _0882_/Y (XNOR2xp5_ASAP7_75t_R)
  27.252367  531.717712 v _0886_/Y (NOR2xp33_ASAP7_75t_R)
  58.033188  589.750916 ^ _0893_/Y (A2O1A1O1Ixp25_ASAP7_75t_R)
  38.515026  628.265930 v _0901_/Y (O2A1O1Ixp5_ASAP7_75t_R)
  43.477776  671.743713 ^ _0905_/Y (OAI311xp33_ASAP7_75t_R)
  35.896065  707.639771 v _0908_/Y (AOI311xp33_ASAP7_75t_R)
  68.274834  775.914612 ^ _0913_/Y (OAI311xp33_ASAP7_75t_R)
  47.415516  823.330139 ^ _0959_/Y (AND3x1_ASAP7_75t_R)
  18.694490  842.024597 v _0961_/Y (NOR2x1_ASAP7_75t_R)
  53.151318  895.175964 v _0966_/Y (OR4x1_ASAP7_75t_R)
  23.023306  918.199219 ^ _0993_/Y (AOI21x1_ASAP7_75t_R)
  48.651249  966.850464 v _1001_/Y (OAI211xp5_ASAP7_75t_R)
  43.744232 1010.594727 ^ _1012_/Y (NAND2xp5_ASAP7_75t_R)
  32.496227 1043.090942 ^ _1049_/Y (BUFx3_ASAP7_75t_R)
  19.109936 1062.200928 v _1091_/Y (OAI21xp33_ASAP7_75t_R)
  31.782578 1093.983521 ^ _1095_/Y (A2O1A1O1Ixp25_ASAP7_75t_R)
  35.592529 1129.576050 ^ _1096_/Y (AO22x2_ASAP7_75t_R)
  25.673464 1155.249512 v _1110_/Y (NAND4xp75_ASAP7_75t_R)
  48.090088 1203.339600 ^ _1140_/Y (NOR4xp75_ASAP7_75t_R)
  26.096458 1229.436035 v _1161_/Y (NAND3x2_ASAP7_75t_R)
  22.293612 1251.729614 ^ _1187_/Y (NOR3x2_ASAP7_75t_R)
  22.394753 1274.124390 v _1200_/Y (NAND4xp75_ASAP7_75t_R)
  27.918667 1302.043091 v _1204_/Y (XNOR2xp5_ASAP7_75t_R)
  31.703196 1333.746216 v _1205_/Y (OR2x2_ASAP7_75t_R)
   0.000000 1333.746216 v y[14] (out)
            1333.746216   data arrival time

 900.000000  900.000000   clock virtual (rise edge)
   0.000000  900.000000   clock network delay (ideal)
   0.000000  900.000000   clock reconvergence pessimism
   0.000000  900.000000   output external delay
             900.000000   data required time
-----------------------------------------------------------------
             900.000000   data required time
            -1333.746216   data arrival time
-----------------------------------------------------------------
            -433.746216   slack (VIOLATED)


Group                       Internal       Switching         Leakage           Total
                               Power           Power           Power           Power (Watts)
------------------------------------------------------------------------------------
Sequential           0.000000000e+00 0.000000000e+00 0.000000000e+00 0.000000000e+00   0.0%
Combinational        1.650451886e-04 2.800873481e-04 2.949398947e-08 4.451620334e-04 100.0%
Clock                0.000000000e+00 0.000000000e+00 0.000000000e+00 0.000000000e+00   0.0%
Macro                0.000000000e+00 0.000000000e+00 0.000000000e+00 0.000000000e+00   0.0%
Pad                  0.000000000e+00 0.000000000e+00 0.000000000e+00 0.000000000e+00   0.0%
------------------------------------------------------------------------------------
Total                1.650451886e-04 2.800873481e-04 2.949398947e-08 4.451620334e-04 100.0%
                               37.1%           62.9%            0.0%
