["docker", "run", "--rm", "--network", "none", "--mount", "type=bind,source=C:\\Users\\User\\Desktop\\agent_workspace\\npu\\npu_repo_in_pynq\\exp\\fp32_multipier,target=/exp", "--mount", "type=bind,source=C:\\Users\\User\\Desktop\\agent_workspace\\npu\\npu_repo_in_pynq\\external\\OpenROAD-flow-scripts\\flow\\platforms\\asap7,target=/pdk,readonly", "--entrypoint", "bash", "openroad/orfs@sha256:7f9c688e71cd49379b9e9a45a4558724e3eda501eaaaf11bc9b77382a3fe647b", "-lc", "source /OpenROAD-flow-scripts/env.sh && openroad -exit /exp/runs/005_baseline_case/sta.tcl"]
OPENROAD: /OpenROAD-flow-scripts/tools/OpenROAD
OpenROAD unknown 
Features included (+) or not (-): -GPU +GUI -Python
This program is licensed under the BSD-3 license. See the LICENSE file for details.
Components of this program may be licensed under more restrictive licenses which must be honored.
[INFO ODB-0227] LEF file: /pdk/lef/asap7_tech_1x_201209.lef, created 30 layers, 9 vias
[INFO ODB-0227] LEF file: /pdk/lef/asap7sc7p5t_28_R_1x_220121a.lef, created 212 library cells
[WARNING STA-1212] /exp/build/pdk/asap7_rvt_tt.lib line 865739, timing group from output port.
[WARNING STA-1212] /exp/build/pdk/asap7_rvt_tt.lib line 865772, timing group from output port.
[WARNING STA-1212] /exp/build/pdk/asap7_rvt_tt.lib line 865805, timing group from output port.
[WARNING STA-1212] /exp/build/pdk/asap7_rvt_tt.lib line 865838, timing group from output port.
[WARNING STA-1212] /exp/build/pdk/asap7_rvt_tt.lib line 865871, timing group from output port.
[WARNING STA-1212] /exp/build/pdk/asap7_rvt_tt.lib line 865904, timing group from output port.
[WARNING STA-1212] /exp/build/pdk/asap7_rvt_tt.lib line 865937, timing group from output port.
[WARNING STA-1212] /exp/build/pdk/asap7_rvt_tt.lib line 867333, timing group from output port.
[WARNING STA-1212] /exp/build/pdk/asap7_rvt_tt.lib line 867366, timing group from output port.
[WARNING STA-1212] /exp/build/pdk/asap7_rvt_tt.lib line 867399, timing group from output port.
 time 1ps
 capacitance 1fF
 resistance 1kohm
 voltage 1v
 current 1mA
 power 1pW
 distance 1um
Startpoint: a[9] (input port clocked by virtual)
Endpoint: y[8] (output port clocked by virtual)
Path Group: virtual
Path Type: max

      Delay        Time   Description
-----------------------------------------------------------------
   0.000000    0.000000   clock virtual (rise edge)
   0.000000    0.000000   clock network delay (ideal)
   0.000000    0.000000 v input external delay
   0.000000    0.000000 v a[9] (in)
  66.949471   66.949471 ^ _0569_/Y (NOR5xp2_ASAP7_75t_R)
  35.308414  102.257881 v _0614_/Y (OAI21xp33_ASAP7_75t_R)
  38.912056  141.169937 v _0639_/Y (AO22x1_ASAP7_75t_R)
  24.898293  166.068222 v _0647_/Y (AO21x1_ASAP7_75t_R)
  27.695637  193.763870 ^ _0676_/Y (AOI21xp33_ASAP7_75t_R)
  26.979044  220.742905 v _0677_/Y (NOR3xp33_ASAP7_75t_R)
  30.868904  251.611816 ^ _0682_/Y (NOR3xp33_ASAP7_75t_R)
  36.801868  288.413696 v _0709_/Y (NOR2xp33_ASAP7_75t_R)
  30.097008  318.510681 ^ _0716_/Y (MAJIxp5_ASAP7_75t_R)
  46.841225  365.351929 ^ _0750_/Y (XOR2xp5_ASAP7_75t_R)
  27.352148  392.704071 v _0753_/Y (A2O1A1O1Ixp25_ASAP7_75t_R)
  43.183041  435.887115 ^ _0757_/Y (O2A1O1Ixp33_ASAP7_75t_R)
  34.808544  470.695648 v _0760_/Y (O2A1O1Ixp33_ASAP7_75t_R)
  64.128151  534.823792 ^ _0762_/Y (AOI211xp5_ASAP7_75t_R)
  42.877480  577.701294 v _0768_/Y (NAND2xp33_ASAP7_75t_R)
  52.357121  630.058411 ^ _0807_/Y (A2O1A1O1Ixp25_ASAP7_75t_R)
  55.037640  685.096008 v _0816_/Y (NAND3xp33_ASAP7_75t_R)
  37.920944  723.016968 v _0819_/Y (XNOR2xp5_ASAP7_75t_R)
  28.867243  751.884216 ^ _0862_/Y (A2O1A1O1Ixp25_ASAP7_75t_R)
  35.638992  787.523193 ^ _0866_/Y (XOR2xp5_ASAP7_75t_R)
  75.142395  862.665588 v _0871_/Y (OAI31xp33_ASAP7_75t_R)
  64.067696  926.733276 ^ _0886_/Y (O2A1O1Ixp33_ASAP7_75t_R)
  54.644012  981.377319 v _0887_/Y (NOR2xp33_ASAP7_75t_R)
  89.108276 1070.485596 ^ _0899_/Y (NAND2xp33_ASAP7_75t_R)
  52.501335 1122.986938 v _0980_/Y (NOR2xp33_ASAP7_75t_R)
  37.924553 1160.911499 ^ _0988_/Y (OAI311xp33_ASAP7_75t_R)
  34.402702 1195.314209 v _0992_/Y (NAND5xp2_ASAP7_75t_R)
  29.164892 1224.479126 v _0994_/Y (AO211x2_ASAP7_75t_R)
  14.219403 1238.698486 ^ _1000_/Y (A2O1A1Ixp33_ASAP7_75t_R)
  17.958857 1256.657349 v _1001_/Y (A2O1A1O1Ixp25_ASAP7_75t_R)
  38.006821 1294.664185 ^ _1014_/Y (O2A1O1Ixp33_ASAP7_75t_R)
  50.589088 1345.253296 ^ _1067_/Y (AND4x1_ASAP7_75t_R)
  28.488768 1373.742065 v _1069_/Y (NAND3xp33_ASAP7_75t_R)
  63.324234 1437.066284 ^ _1081_/Y (NOR5xp2_ASAP7_75t_R)
  39.146465 1476.212769 ^ _1094_/Y (AO21x1_ASAP7_75t_R)
  29.291348 1505.504028 v _1095_/Y (NOR2xp33_ASAP7_75t_R)
  70.895844 1576.399902 ^ _1137_/Y (AOI31xp33_ASAP7_75t_R)
   0.000000 1576.399902 ^ y[8] (out)
            1576.399902   data arrival time

1200.000000 1200.000000   clock virtual (rise edge)
   0.000000 1200.000000   clock network delay (ideal)
   0.000000 1200.000000   clock reconvergence pessimism
   0.000000 1200.000000   output external delay
            1200.000000   data required time
-----------------------------------------------------------------
            1200.000000   data required time
            -1576.399902   data arrival time
-----------------------------------------------------------------
            -376.399902   slack (VIOLATED)


Group                       Internal       Switching         Leakage           Total
                               Power           Power           Power           Power (Watts)
------------------------------------------------------------------------------------
Sequential           0.000000000e+00 0.000000000e+00 0.000000000e+00 0.000000000e+00   0.0%
Combinational        9.673755994e-05 1.520227088e-04 2.647066388e-08 2.487867605e-04 100.0%
Clock                0.000000000e+00 0.000000000e+00 0.000000000e+00 0.000000000e+00   0.0%
Macro                0.000000000e+00 0.000000000e+00 0.000000000e+00 0.000000000e+00   0.0%
Pad                  0.000000000e+00 0.000000000e+00 0.000000000e+00 0.000000000e+00   0.0%
------------------------------------------------------------------------------------
Total                9.673755994e-05 1.520227088e-04 2.647066388e-08 2.487867605e-04 100.0%
                               38.9%           61.1%            0.0%
