["docker", "run", "--rm", "--network", "none", "--mount", "type=bind,source=C:\\Users\\User\\Desktop\\agent_workspace\\npu\\npu_repo_in_pynq\\exp\\fp32_multipier,target=/exp", "--mount", "type=bind,source=C:\\Users\\User\\Desktop\\agent_workspace\\npu\\npu_repo_in_pynq\\external\\OpenROAD-flow-scripts\\flow\\platforms\\asap7,target=/pdk,readonly", "--entrypoint", "bash", "openroad/orfs@sha256:7f9c688e71cd49379b9e9a45a4558724e3eda501eaaaf11bc9b77382a3fe647b", "-lc", "source /OpenROAD-flow-scripts/env.sh && openroad -exit /exp/runs/007_compact_csa/sta.tcl"]
OPENROAD: /OpenROAD-flow-scripts/tools/OpenROAD
OpenROAD unknown 
Features included (+) or not (-): -GPU +GUI -Python
This program is licensed under the BSD-3 license. See the LICENSE file for details.
Components of this program may be licensed under more restrictive licenses which must be honored.
[INFO ODB-0227] LEF file: /pdk/lef/asap7_tech_1x_201209.lef, created 30 layers, 9 vias
[INFO ODB-0227] LEF file: /pdk/lef/asap7sc7p5t_28_R_1x_220121a.lef, created 212 library cells
[WARNING STA-1212] /exp/build/pdk/asap7_rvt_tt.lib line 865739, timing group from output port.
[WARNING STA-1212] /exp/build/pdk/asap7_rvt_tt.lib line 865772, timing group from output port.
[WARNING STA-1212] /exp/build/pdk/asap7_rvt_tt.lib line 865805, timing group from output port.
[WARNING STA-1212] /exp/build/pdk/asap7_rvt_tt.lib line 865838, timing group from output port.
[WARNING STA-1212] /exp/build/pdk/asap7_rvt_tt.lib line 865871, timing group from output port.
[WARNING STA-1212] /exp/build/pdk/asap7_rvt_tt.lib line 865904, timing group from output port.
[WARNING STA-1212] /exp/build/pdk/asap7_rvt_tt.lib line 865937, timing group from output port.
[WARNING STA-1212] /exp/build/pdk/asap7_rvt_tt.lib line 867333, timing group from output port.
[WARNING STA-1212] /exp/build/pdk/asap7_rvt_tt.lib line 867366, timing group from output port.
[WARNING STA-1212] /exp/build/pdk/asap7_rvt_tt.lib line 867399, timing group from output port.
 time 1ps
 capacitance 1fF
 resistance 1kohm
 voltage 1v
 current 1mA
 power 1pW
 distance 1um
Startpoint: a[9] (input port clocked by virtual)
Endpoint: y[2] (output port clocked by virtual)
Path Group: virtual
Path Type: max

      Delay        Time   Description
-----------------------------------------------------------------
   0.000000    0.000000   clock virtual (rise edge)
   0.000000    0.000000   clock network delay (ideal)
   0.000000    0.000000 v input external delay
   0.000000    0.000000 v a[9] (in)
  63.925385   63.925385 v _0628_/Y (OR5x1_ASAP7_75t_R)
  30.348640   94.274025 ^ _0694_/Y (NAND2xp33_ASAP7_75t_R)
  44.546318  138.820343 ^ _0730_/Y (XOR2xp5_ASAP7_75t_R)
  35.169090  173.989441 ^ _0736_/Y (OA211x2_ASAP7_75t_R)
  17.003843  190.993271 v _0773_/Y (NOR2xp33_ASAP7_75t_R)
  32.970333  223.963608 v _0774_/Y (XNOR2xp5_ASAP7_75t_R)
  31.838158  255.801773 ^ _0804_/Y (NOR3xp33_ASAP7_75t_R)
  32.254448  288.056213 v _0808_/Y (OAI21xp33_ASAP7_75t_R)
  35.333290  323.389496 ^ _0843_/Y (A2O1A1Ixp33_ASAP7_75t_R)
  33.114456  356.503967 v _0847_/Y (A2O1A1O1Ixp25_ASAP7_75t_R)
  36.861763  393.365723 v _0848_/Y (OA21x2_ASAP7_75t_R)
 105.949692  499.315430 ^ _0850_/Y (AOI21xp33_ASAP7_75t_R)
  84.269867  583.585266 v _0904_/Y (OAI211xp5_ASAP7_75t_R)
  42.917614  626.502930 v _0921_/Y (AND2x2_ASAP7_75t_R)
  34.695747  661.198669 ^ _0927_/Y (O2A1O1Ixp33_ASAP7_75t_R)
  41.868843  703.067505 v _0931_/Y (A2O1A1O1Ixp25_ASAP7_75t_R)
  58.401394  761.468872 ^ _0935_/Y (NAND2xp33_ASAP7_75t_R)
  50.470184  811.939087 v _0948_/Y (OAI31xp33_ASAP7_75t_R)
  88.637878  900.576965 ^ _0966_/Y (AOI21xp33_ASAP7_75t_R)
  92.797882  993.374817 v _1031_/Y (NAND5xp2_ASAP7_75t_R)
  54.074303 1047.449097 ^ _1039_/Y (AOI311xp33_ASAP7_75t_R)
  41.801117 1089.250244 v _1060_/Y (OAI31xp33_ASAP7_75t_R)
  43.952396 1133.202637 ^ _1061_/Y (NOR3xp33_ASAP7_75t_R)
  23.535841 1156.738525 ^ _1068_/Y (OR3x1_ASAP7_75t_R)
  47.093441 1203.831909 v _1075_/Y (OAI31xp33_ASAP7_75t_R)
  84.483643 1288.315552 ^ _1165_/Y (AOI31xp33_ASAP7_75t_R)
   0.000000 1288.315552 ^ y[2] (out)
            1288.315552   data arrival time

1200.000000 1200.000000   clock virtual (rise edge)
   0.000000 1200.000000   clock network delay (ideal)
   0.000000 1200.000000   clock reconvergence pessimism
   0.000000 1200.000000   output external delay
            1200.000000   data required time
-----------------------------------------------------------------
            1200.000000   data required time
            -1288.315552   data arrival time
-----------------------------------------------------------------
             -88.315575   slack (VIOLATED)


Group                       Internal       Switching         Leakage           Total
                               Power           Power           Power           Power (Watts)
------------------------------------------------------------------------------------
Sequential           0.000000000e+00 0.000000000e+00 0.000000000e+00 0.000000000e+00   0.0%
Combinational        1.073050371e-04 1.798446174e-04 2.921111353e-08 2.871788747e-04 100.0%
Clock                0.000000000e+00 0.000000000e+00 0.000000000e+00 0.000000000e+00   0.0%
Macro                0.000000000e+00 0.000000000e+00 0.000000000e+00 0.000000000e+00   0.0%
Pad                  0.000000000e+00 0.000000000e+00 0.000000000e+00 0.000000000e+00   0.0%
------------------------------------------------------------------------------------
Total                1.073050371e-04 1.798446174e-04 2.921111353e-08 2.871788747e-04 100.0%
                               37.4%           62.6%            0.0%
