["docker", "run", "--rm", "--network", "none", "--mount", "type=bind,source=C:\\Users\\User\\Desktop\\agent_workspace\\npu\\worktrees\\npu-issue77-a\\exp\\fp16_adder,target=/exp", "--mount", "type=bind,source=C:\\Users\\User\\Desktop\\agent_workspace\\npu\\npu_repo_in_pynq\\external\\OpenROAD-flow-scripts\\flow\\platforms\\asap7,target=/pdk,readonly", "--entrypoint", "bash", "openroad/orfs@sha256:7f9c688e71cd49379b9e9a45a4558724e3eda501eaaaf11bc9b77382a3fe647b", "-lc", "source /OpenROAD-flow-scripts/env.sh && openroad -exit /exp/runs/026_round_prefix/sta.tcl"]
OPENROAD: /OpenROAD-flow-scripts/tools/OpenROAD
OpenROAD unknown 
Features included (+) or not (-): -GPU +GUI -Python
This program is licensed under the BSD-3 license. See the LICENSE file for details.
Components of this program may be licensed under more restrictive licenses which must be honored.
[INFO ODB-0227] LEF file: /pdk/lef/asap7_tech_1x_201209.lef, created 30 layers, 9 vias
[INFO ODB-0227] LEF file: /pdk/lef/asap7sc7p5t_28_R_1x_220121a.lef, created 212 library cells
[WARNING STA-1212] /exp/build/pdk/asap7_rvt_tt.lib line 865739, timing group from output port.
[WARNING STA-1212] /exp/build/pdk/asap7_rvt_tt.lib line 865772, timing group from output port.
[WARNING STA-1212] /exp/build/pdk/asap7_rvt_tt.lib line 865805, timing group from output port.
[WARNING STA-1212] /exp/build/pdk/asap7_rvt_tt.lib line 865838, timing group from output port.
[WARNING STA-1212] /exp/build/pdk/asap7_rvt_tt.lib line 865871, timing group from output port.
[WARNING STA-1212] /exp/build/pdk/asap7_rvt_tt.lib line 865904, timing group from output port.
[WARNING STA-1212] /exp/build/pdk/asap7_rvt_tt.lib line 865937, timing group from output port.
[WARNING STA-1212] /exp/build/pdk/asap7_rvt_tt.lib line 867333, timing group from output port.
[WARNING STA-1212] /exp/build/pdk/asap7_rvt_tt.lib line 867366, timing group from output port.
[WARNING STA-1212] /exp/build/pdk/asap7_rvt_tt.lib line 867399, timing group from output port.
 time 1ps
 capacitance 1fF
 resistance 1kohm
 voltage 1v
 current 1mA
 power 1pW
 distance 1um
Startpoint: b[12] (input port clocked by virtual)
Endpoint: y[14] (output port clocked by virtual)
Path Group: virtual
Path Type: max

      Delay        Time   Description
-----------------------------------------------------------------
   0.000000    0.000000   clock virtual (rise edge)
   0.000000    0.000000   clock network delay (ideal)
   0.000000    0.000000 v input external delay
   0.000000    0.000000 v b[12] (in)
  21.361994   21.361994 v _0635_/Y (BUFx4f_ASAP7_75t_R)
  34.273079   55.635075 ^ _0687_/Y (XNOR2x2_ASAP7_75t_R)
  20.958763   76.593834 ^ _0688_/Y (AND2x4_ASAP7_75t_R)
  10.579163   87.172997 v _0700_/Y (OAI21xp5_ASAP7_75t_R)
  37.547169  124.720161 v _0701_/Y (OR4x1_ASAP7_75t_R)
  46.448097  171.168259 v _0702_/Y (OR3x1_ASAP7_75t_R)
  29.933708  201.101974 v _0710_/Y (OA21x2_ASAP7_75t_R)
  72.135101  273.237061 ^ _0757_/Y (OAI211xp5_ASAP7_75t_R)
  59.643150  332.880219 v _0785_/Y (NAND4xp25_ASAP7_75t_R)
  32.990276  365.870514 ^ _0916_/Y (A2O1A1Ixp33_ASAP7_75t_R)
  24.541424  390.411926 v _0927_/Y (OAI311xp33_ASAP7_75t_R)
  30.206366  420.618286 v _0928_/Y (XNOR2xp5_ASAP7_75t_R)
  29.594049  450.212341 v _0935_/Y (AO21x1_ASAP7_75t_R)
  22.458342  472.670685 v _0941_/Y (AND2x2_ASAP7_75t_R)
  28.132109  500.802795 ^ _0943_/Y (O2A1O1Ixp5_ASAP7_75t_R)
  32.693295  533.496094 v _0951_/Y (A2O1A1Ixp33_ASAP7_75t_R)
  29.210245  562.706299 ^ _0958_/Y (O2A1O1Ixp5_ASAP7_75t_R)
  34.568905  597.275208 v _0966_/Y (A2O1A1Ixp33_ASAP7_75t_R)
  32.806812  630.082031 ^ _0973_/Y (O2A1O1Ixp33_ASAP7_75t_R)
  38.218483  668.300537 v _0974_/Y (XOR2x2_ASAP7_75t_R)
  76.784187  745.084717 ^ _1008_/Y (NOR4xp25_ASAP7_75t_R)
  45.644432  790.729126 v _1075_/Y (NAND4xp25_ASAP7_75t_R)
  39.374947  830.104126 ^ _1077_/Y (NAND5xp2_ASAP7_75t_R)
  32.362225  862.466309 ^ _1122_/Y (BUFx3_ASAP7_75t_R)
  17.994717  880.461060 v _1127_/Y (O2A1O1Ixp33_ASAP7_75t_R)
  21.046831  901.507874 ^ _1162_/Y (A2O1A1Ixp33_ASAP7_75t_R)
  25.612789  927.120667 v _1166_/Y (AOI21xp33_ASAP7_75t_R)
  41.657066  968.777710 ^ _1167_/Y (OAI32xp33_ASAP7_75t_R)
  36.087135 1004.864868 v _1169_/Y (NAND4xp75_ASAP7_75t_R)
  44.516392 1049.381226 ^ _1202_/Y (NOR4xp75_ASAP7_75t_R)
  22.924107 1072.305420 v _1224_/Y (NAND3x2_ASAP7_75t_R)
  33.328007 1105.633423 ^ _1258_/Y (NOR4xp75_ASAP7_75t_R)
  44.250492 1149.883911 ^ _1271_/Y (AND4x1_ASAP7_75t_R)
  14.211521 1164.095337 v _1274_/Y (AOI21xp5_ASAP7_75t_R)
  29.051317 1193.146729 ^ _1275_/Y (OAI21xp5_ASAP7_75t_R)
   0.000000 1193.146729 ^ y[14] (out)
            1193.146729   data arrival time

1000.000000 1000.000000   clock virtual (rise edge)
   0.000000 1000.000000   clock network delay (ideal)
   0.000000 1000.000000   clock reconvergence pessimism
   0.000000 1000.000000   output external delay
            1000.000000   data required time
-----------------------------------------------------------------
            1000.000000   data required time
            -1193.146729   data arrival time
-----------------------------------------------------------------
            -193.146729   slack (VIOLATED)


Group                       Internal       Switching         Leakage           Total
                               Power           Power           Power           Power (Watts)
------------------------------------------------------------------------------------
Sequential           0.000000000e+00 0.000000000e+00 0.000000000e+00 0.000000000e+00   0.0%
Combinational        1.194132201e-04 2.076363016e-04 2.931188092e-08 3.270788293e-04 100.0%
Clock                0.000000000e+00 0.000000000e+00 0.000000000e+00 0.000000000e+00   0.0%
Macro                0.000000000e+00 0.000000000e+00 0.000000000e+00 0.000000000e+00   0.0%
Pad                  0.000000000e+00 0.000000000e+00 0.000000000e+00 0.000000000e+00   0.0%
------------------------------------------------------------------------------------
Total                1.194132201e-04 2.076363016e-04 2.931188092e-08 3.270788293e-04 100.0%
                               36.5%           63.5%            0.0%
