["docker", "run", "--rm", "--network", "none", "--mount", "type=bind,source=C:\\Users\\User\\Desktop\\agent_workspace\\npu\\worktrees\\npu-issue77-a\\exp\\fp16_adder,target=/exp", "--mount", "type=bind,source=C:\\Users\\User\\Desktop\\agent_workspace\\npu\\npu_repo_in_pynq\\external\\OpenROAD-flow-scripts\\flow\\platforms\\asap7,target=/pdk,readonly", "--entrypoint", "bash", "openroad/orfs@sha256:7f9c688e71cd49379b9e9a45a4558724e3eda501eaaaf11bc9b77382a3fe647b", "-lc", "source /OpenROAD-flow-scripts/env.sh && openroad -exit /exp/runs/014_packed_round/sta.tcl"]
OPENROAD: /OpenROAD-flow-scripts/tools/OpenROAD
OpenROAD unknown 
Features included (+) or not (-): -GPU +GUI -Python
This program is licensed under the BSD-3 license. See the LICENSE file for details.
Components of this program may be licensed under more restrictive licenses which must be honored.
[INFO ODB-0227] LEF file: /pdk/lef/asap7_tech_1x_201209.lef, created 30 layers, 9 vias
[INFO ODB-0227] LEF file: /pdk/lef/asap7sc7p5t_28_R_1x_220121a.lef, created 212 library cells
[WARNING STA-1212] /exp/build/pdk/asap7_rvt_tt.lib line 865739, timing group from output port.
[WARNING STA-1212] /exp/build/pdk/asap7_rvt_tt.lib line 865772, timing group from output port.
[WARNING STA-1212] /exp/build/pdk/asap7_rvt_tt.lib line 865805, timing group from output port.
[WARNING STA-1212] /exp/build/pdk/asap7_rvt_tt.lib line 865838, timing group from output port.
[WARNING STA-1212] /exp/build/pdk/asap7_rvt_tt.lib line 865871, timing group from output port.
[WARNING STA-1212] /exp/build/pdk/asap7_rvt_tt.lib line 865904, timing group from output port.
[WARNING STA-1212] /exp/build/pdk/asap7_rvt_tt.lib line 865937, timing group from output port.
[WARNING STA-1212] /exp/build/pdk/asap7_rvt_tt.lib line 867333, timing group from output port.
[WARNING STA-1212] /exp/build/pdk/asap7_rvt_tt.lib line 867366, timing group from output port.
[WARNING STA-1212] /exp/build/pdk/asap7_rvt_tt.lib line 867399, timing group from output port.
 time 1ps
 capacitance 1fF
 resistance 1kohm
 voltage 1v
 current 1mA
 power 1pW
 distance 1um
Startpoint: a[10] (input port clocked by virtual)
Endpoint: y[14] (output port clocked by virtual)
Path Group: virtual
Path Type: max

      Delay        Time   Description
-----------------------------------------------------------------
   0.000000    0.000000   clock virtual (rise edge)
   0.000000    0.000000   clock network delay (ideal)
   0.000000    0.000000 ^ input external delay
   0.000000    0.000000 ^ a[10] (in)
  14.851274   14.851274 v _0643_/Y (INVxp33_ASAP7_75t_R)
  34.804535   49.655807 ^ _0644_/Y (NAND2xp33_ASAP7_75t_R)
  24.407768   74.063576 v _0647_/Y (OAI211xp5_ASAP7_75t_R)
  18.661379   92.724953 ^ _0648_/Y (NOR2xp67_ASAP7_75t_R)
  18.137449  110.862404 v _0649_/Y (A2O1A1Ixp33_ASAP7_75t_R)
  51.268753  162.131149 ^ _0662_/Y (A2O1A1O1Ixp25_ASAP7_75t_R)
  39.937401  202.068558 ^ _0663_/Y (BUFx3_ASAP7_75t_R)
  14.794777  216.863327 v _0679_/Y (O2A1O1Ixp33_ASAP7_75t_R)
  30.339758  247.203094 ^ _0680_/Y (AOI21xp5_ASAP7_75t_R)
  39.816898  287.019989 ^ _0681_/Y (OA21x2_ASAP7_75t_R)
  42.357533  329.377533 v _0695_/Y (A2O1A1Ixp33_ASAP7_75t_R)
  33.845650  363.223175 ^ _0720_/Y (AOI22x1_ASAP7_75t_R)
  48.211990  411.435150 v _0736_/Y (XNOR2x2_ASAP7_75t_R)
  22.717884  434.153046 v _0852_/Y (AND2x2_ASAP7_75t_R)
  24.288544  458.441589 ^ _0853_/Y (A2O1A1O1Ixp25_ASAP7_75t_R)
  27.601782  486.043365 v _0859_/Y (NAND4xp25_ASAP7_75t_R)
  29.634905  515.678284 v _0870_/Y (OA31x2_ASAP7_75t_R)
  55.647488  571.325745 ^ _0883_/Y (NOR5xp2_ASAP7_75t_R)
  50.517311  621.843079 v _0891_/Y (A2O1A1O1Ixp25_ASAP7_75t_R)
  35.767223  657.610291 ^ _0900_/Y (O2A1O1Ixp5_ASAP7_75t_R)
  29.813484  687.423767 v _0904_/Y (OAI311xp33_ASAP7_75t_R)
  44.731110  732.154907 ^ _0907_/Y (AOI311xp33_ASAP7_75t_R)
  37.959690  770.114563 v _0909_/Y (OAI31xp33_ASAP7_75t_R)
  39.921345  810.035950 v _0910_/Y (XNOR2x2_ASAP7_75t_R)
  79.976418  890.012329 ^ _0934_/Y (NOR5xp2_ASAP7_75t_R)
  56.008698  946.021057 v _0976_/Y (AOI211xp5_ASAP7_75t_R)
  38.735569  984.756592 v _0984_/Y (AND3x2_ASAP7_75t_R)
  23.096525 1007.853149 ^ _1005_/Y (OAI31xp33_ASAP7_75t_R)
  31.970093 1039.823242 v _1009_/Y (A2O1A1Ixp33_ASAP7_75t_R)
  38.018589 1077.841797 ^ _1011_/Y (OAI211xp5_ASAP7_75t_R)
  37.816528 1115.658325 ^ _1012_/Y (AND2x2_ASAP7_75t_R)
  22.679525 1138.337891 ^ _1013_/Y (BUFx4f_ASAP7_75t_R)
  13.533730 1151.871582 v _1096_/Y (OAI21xp5_ASAP7_75t_R)
  29.907410 1181.779053 ^ _1098_/Y (A2O1A1O1Ixp25_ASAP7_75t_R)
  60.547344 1242.326416 v _1103_/Y (OAI222xp33_ASAP7_75t_R)
  34.739212 1277.065552 ^ _1124_/Y (NOR3x2_ASAP7_75t_R)
  34.347969 1311.413574 v _1155_/Y (NAND4xp75_ASAP7_75t_R)
  26.238567 1337.652100 ^ _1175_/Y (NOR3x2_ASAP7_75t_R)
  30.668579 1368.320679 v _1200_/Y (NAND4xp75_ASAP7_75t_R)
  34.110603 1402.431274 ^ _1213_/Y (NOR4xp75_ASAP7_75t_R)
  25.540125 1427.971436 ^ _1218_/Y (XNOR2xp5_ASAP7_75t_R)
  23.914427 1451.885864 v _1219_/Y (NAND2x1_ASAP7_75t_R)
   0.000000 1451.885864 v y[14] (out)
            1451.885864   data arrival time

1000.000000 1000.000000   clock virtual (rise edge)
   0.000000 1000.000000   clock network delay (ideal)
   0.000000 1000.000000   clock reconvergence pessimism
   0.000000 1000.000000   output external delay
            1000.000000   data required time
-----------------------------------------------------------------
            1000.000000   data required time
            -1451.885864   data arrival time
-----------------------------------------------------------------
            -451.885864   slack (VIOLATED)


Group                       Internal       Switching         Leakage           Total
                               Power           Power           Power           Power (Watts)
------------------------------------------------------------------------------------
Sequential           0.000000000e+00 0.000000000e+00 0.000000000e+00 0.000000000e+00   0.0%
Combinational        1.579910167e-04 2.834668849e-04 2.843690972e-08 4.414863361e-04 100.0%
Clock                0.000000000e+00 0.000000000e+00 0.000000000e+00 0.000000000e+00   0.0%
Macro                0.000000000e+00 0.000000000e+00 0.000000000e+00 0.000000000e+00   0.0%
Pad                  0.000000000e+00 0.000000000e+00 0.000000000e+00 0.000000000e+00   0.0%
------------------------------------------------------------------------------------
Total                1.579910167e-04 2.834668849e-04 2.843690972e-08 4.414863361e-04 100.0%
                               35.8%           64.2%            0.0%
