["docker", "run", "--rm", "--network", "none", "--mount", "type=bind,source=C:\\Users\\User\\Desktop\\agent_workspace\\npu\\npu_repo_in_pynq\\exp\\fp32_multipier,target=/exp", "--mount", "type=bind,source=C:\\Users\\User\\Desktop\\agent_workspace\\npu\\npu_repo_in_pynq\\external\\OpenROAD-flow-scripts\\flow\\platforms\\asap7,target=/pdk,readonly", "--entrypoint", "bash", "openroad/orfs@sha256:7f9c688e71cd49379b9e9a45a4558724e3eda501eaaaf11bc9b77382a3fe647b", "-lc", "source /OpenROAD-flow-scripts/env.sh && openroad -exit /exp/runs/010_baseline_csa/sta.tcl"]
OPENROAD: /OpenROAD-flow-scripts/tools/OpenROAD
OpenROAD unknown 
Features included (+) or not (-): -GPU +GUI -Python
This program is licensed under the BSD-3 license. See the LICENSE file for details.
Components of this program may be licensed under more restrictive licenses which must be honored.
[INFO ODB-0227] LEF file: /pdk/lef/asap7_tech_1x_201209.lef, created 30 layers, 9 vias
[INFO ODB-0227] LEF file: /pdk/lef/asap7sc7p5t_28_R_1x_220121a.lef, created 212 library cells
[WARNING STA-1212] /exp/build/pdk/asap7_rvt_tt.lib line 865739, timing group from output port.
[WARNING STA-1212] /exp/build/pdk/asap7_rvt_tt.lib line 865772, timing group from output port.
[WARNING STA-1212] /exp/build/pdk/asap7_rvt_tt.lib line 865805, timing group from output port.
[WARNING STA-1212] /exp/build/pdk/asap7_rvt_tt.lib line 865838, timing group from output port.
[WARNING STA-1212] /exp/build/pdk/asap7_rvt_tt.lib line 865871, timing group from output port.
[WARNING STA-1212] /exp/build/pdk/asap7_rvt_tt.lib line 865904, timing group from output port.
[WARNING STA-1212] /exp/build/pdk/asap7_rvt_tt.lib line 865937, timing group from output port.
[WARNING STA-1212] /exp/build/pdk/asap7_rvt_tt.lib line 867333, timing group from output port.
[WARNING STA-1212] /exp/build/pdk/asap7_rvt_tt.lib line 867366, timing group from output port.
[WARNING STA-1212] /exp/build/pdk/asap7_rvt_tt.lib line 867399, timing group from output port.
 time 1ps
 capacitance 1fF
 resistance 1kohm
 voltage 1v
 current 1mA
 power 1pW
 distance 1um
Startpoint: a[9] (input port clocked by virtual)
Endpoint: y[1] (output port clocked by virtual)
Path Group: virtual
Path Type: max

      Delay        Time   Description
-----------------------------------------------------------------
   0.000000    0.000000   clock virtual (rise edge)
   0.000000    0.000000   clock network delay (ideal)
   0.000000    0.000000 v input external delay
   0.000000    0.000000 v a[9] (in)
  67.163658   67.163658 ^ _0594_/Y (NOR5xp2_ASAP7_75t_R)
  36.356121  103.519775 v _0700_/Y (AOI211xp5_ASAP7_75t_R)
  60.245502  163.765274 ^ _0752_/Y (NOR5xp2_ASAP7_75t_R)
  44.165531  207.930817 ^ _0753_/Y (OA31x2_ASAP7_75t_R)
  21.975727  229.906540 v _0755_/Y (A2O1A1Ixp33_ASAP7_75t_R)
  35.962456  265.868988 ^ _0761_/Y (AOI211xp5_ASAP7_75t_R)
  21.215336  287.084320 v _0796_/Y (NOR3xp33_ASAP7_75t_R)
  36.434662  323.518982 ^ _0839_/Y (O2A1O1Ixp33_ASAP7_75t_R)
  37.350178  360.869171 v _0841_/Y (MAJIxp5_ASAP7_75t_R)
  26.652985  387.522156 ^ _0846_/Y (A2O1A1Ixp33_ASAP7_75t_R)
  33.898022  421.420166 v _0850_/Y (A2O1A1Ixp33_ASAP7_75t_R)
  52.496342  473.916504 ^ _0855_/Y (NOR3xp33_ASAP7_75t_R)
  63.721138  537.637634 v _0875_/Y (NAND5xp2_ASAP7_75t_R)
  77.463089  615.100769 ^ _0908_/Y (OAI221xp5_ASAP7_75t_R)
  27.662649  642.763428 v _0926_/Y (XNOR2xp5_ASAP7_75t_R)
  44.797222  687.560608 ^ _0928_/Y (AOI21xp33_ASAP7_75t_R)
  38.216373  725.776978 v _0933_/Y (A2O1A1O1Ixp25_ASAP7_75t_R)
  29.586611  755.363586 v _0936_/Y (XOR2xp5_ASAP7_75t_R)
 119.392273  874.755859 ^ _0943_/Y (O2A1O1Ixp33_ASAP7_75t_R)
  75.034149  949.790039 v _0970_/Y (NOR2xp33_ASAP7_75t_R)
 128.575150 1078.365234 ^ _0973_/Y (NOR2xp33_ASAP7_75t_R)
  57.925888 1136.291016 v _1019_/Y (NOR3xp33_ASAP7_75t_R)
  48.147377 1184.438477 ^ _1030_/Y (O2A1O1Ixp33_ASAP7_75t_R)
  45.328407 1229.766846 v _1031_/Y (A2O1A1Ixp33_ASAP7_75t_R)
  37.413185 1267.180054 ^ _1032_/Y (NOR2xp33_ASAP7_75t_R)
  24.454105 1291.634155 v _1034_/Y (A2O1A1Ixp33_ASAP7_75t_R)
  25.403347 1317.037476 v _1035_/Y (AO21x1_ASAP7_75t_R)
  11.667666 1328.705200 ^ _1085_/Y (OAI31xp33_ASAP7_75t_R)
  36.857185 1365.562378 v _1119_/Y (NAND4xp25_ASAP7_75t_R)
  50.029980 1415.592285 ^ _1121_/Y (NOR4xp25_ASAP7_75t_R)
  36.871284 1452.463623 v _1123_/Y (NAND3xp33_ASAP7_75t_R)
  45.439098 1497.902710 v _1128_/Y (OR3x1_ASAP7_75t_R)
  31.165737 1529.068481 ^ _1143_/Y (NAND2xp33_ASAP7_75t_R)
  44.181213 1573.249634 v _1145_/Y (OAI31xp33_ASAP7_75t_R)
  72.486015 1645.735718 ^ _1152_/Y (O2A1O1Ixp33_ASAP7_75t_R)
   0.000000 1645.735718 ^ y[1] (out)
            1645.735718   data arrival time

1200.000000 1200.000000   clock virtual (rise edge)
   0.000000 1200.000000   clock network delay (ideal)
   0.000000 1200.000000   clock reconvergence pessimism
   0.000000 1200.000000   output external delay
            1200.000000   data required time
-----------------------------------------------------------------
            1200.000000   data required time
            -1645.735718   data arrival time
-----------------------------------------------------------------
            -445.735687   slack (VIOLATED)


Group                       Internal       Switching         Leakage           Total
                               Power           Power           Power           Power (Watts)
------------------------------------------------------------------------------------
Sequential           0.000000000e+00 0.000000000e+00 0.000000000e+00 0.000000000e+00   0.0%
Combinational        8.109900955e-05 1.379262685e-04 2.681980149e-08 2.190520900e-04 100.0%
Clock                0.000000000e+00 0.000000000e+00 0.000000000e+00 0.000000000e+00   0.0%
Macro                0.000000000e+00 0.000000000e+00 0.000000000e+00 0.000000000e+00   0.0%
Pad                  0.000000000e+00 0.000000000e+00 0.000000000e+00 0.000000000e+00   0.0%
------------------------------------------------------------------------------------
Total                8.109900955e-05 1.379262685e-04 2.681980149e-08 2.190520900e-04 100.0%
                               37.0%           63.0%            0.0%
