["docker", "run", "--rm", "--network", "none", "--mount", "type=bind,source=C:\\Users\\User\\Desktop\\agent_workspace\\npu\\npu_repo_in_pynq\\exp\\fp32_multipier,target=/exp", "--mount", "type=bind,source=C:\\Users\\User\\Desktop\\agent_workspace\\npu\\npu_repo_in_pynq\\external\\OpenROAD-flow-scripts\\flow\\platforms\\asap7,target=/pdk,readonly", "--entrypoint", "bash", "openroad/orfs@sha256:7f9c688e71cd49379b9e9a45a4558724e3eda501eaaaf11bc9b77382a3fe647b", "-lc", "source /OpenROAD-flow-scripts/env.sh && openroad -exit /exp/runs/023_prenorm_sized/sta.tcl"]
OPENROAD: /OpenROAD-flow-scripts/tools/OpenROAD
OpenROAD unknown 
Features included (+) or not (-): -GPU +GUI -Python
This program is licensed under the BSD-3 license. See the LICENSE file for details.
Components of this program may be licensed under more restrictive licenses which must be honored.
[INFO ODB-0227] LEF file: /pdk/lef/asap7_tech_1x_201209.lef, created 30 layers, 9 vias
[INFO ODB-0227] LEF file: /pdk/lef/asap7sc7p5t_28_R_1x_220121a.lef, created 212 library cells
[WARNING STA-1212] /exp/build/pdk/asap7_rvt_tt.lib line 865739, timing group from output port.
[WARNING STA-1212] /exp/build/pdk/asap7_rvt_tt.lib line 865772, timing group from output port.
[WARNING STA-1212] /exp/build/pdk/asap7_rvt_tt.lib line 865805, timing group from output port.
[WARNING STA-1212] /exp/build/pdk/asap7_rvt_tt.lib line 865838, timing group from output port.
[WARNING STA-1212] /exp/build/pdk/asap7_rvt_tt.lib line 865871, timing group from output port.
[WARNING STA-1212] /exp/build/pdk/asap7_rvt_tt.lib line 865904, timing group from output port.
[WARNING STA-1212] /exp/build/pdk/asap7_rvt_tt.lib line 865937, timing group from output port.
[WARNING STA-1212] /exp/build/pdk/asap7_rvt_tt.lib line 867333, timing group from output port.
[WARNING STA-1212] /exp/build/pdk/asap7_rvt_tt.lib line 867366, timing group from output port.
[WARNING STA-1212] /exp/build/pdk/asap7_rvt_tt.lib line 867399, timing group from output port.
 time 1ps
 capacitance 1fF
 resistance 1kohm
 voltage 1v
 current 1mA
 power 1pW
 distance 1um
Startpoint: a[9] (input port clocked by virtual)
Endpoint: y[5] (output port clocked by virtual)
Path Group: virtual
Path Type: max

      Delay        Time   Description
-----------------------------------------------------------------
   0.000000    0.000000   clock virtual (rise edge)
   0.000000    0.000000   clock network delay (ideal)
   0.000000    0.000000 v input external delay
   0.000000    0.000000 v a[9] (in)
  68.786819   68.786819 ^ _0533_/Y (NOR5xp2_ASAP7_75t_R)
  45.936684  114.723503 v _0535_/Y (NAND2xp5_ASAP7_75t_R)
  53.766983  168.490479 ^ _0620_/Y (OAI22xp5_ASAP7_75t_R)
  39.352440  207.842926 v _0675_/Y (OAI21xp5_ASAP7_75t_R)
  34.697231  242.540161 v _0739_/Y (XNOR2xp5_ASAP7_75t_R)
  34.192703  276.732849 v _0740_/Y (XNOR2xp5_ASAP7_75t_R)
  30.278557  307.011414 v _0801_/Y (XNOR2xp5_ASAP7_75t_R)
  32.671200  339.682617 v _0802_/Y (XOR2x2_ASAP7_75t_R)
  24.526354  364.208984 v _0803_/Y (XNOR2xp5_ASAP7_75t_R)
  33.733601  397.942566 v _0804_/Y (XNOR2xp5_ASAP7_75t_R)
  30.396214  428.338776 v _0824_/Y (XNOR2xp5_ASAP7_75t_R)
  35.040054  463.378845 ^ _0825_/Y (XNOR2x2_ASAP7_75t_R)
  23.186842  486.565674 v _0835_/Y (MAJIxp5_ASAP7_75t_R)
  45.949078  532.514771 ^ _0843_/Y (A2O1A1O1Ixp25_ASAP7_75t_R)
  41.418537  573.933289 ^ _0846_/Y (AO211x2_ASAP7_75t_R)
  42.873093  616.806396 v _0852_/Y (A2O1A1Ixp33_ASAP7_75t_R)
  74.912796  691.719177 ^ _0854_/Y (OAI211xp5_ASAP7_75t_R)
  39.707737  731.426941 v _0856_/Y (NOR2x1_ASAP7_75t_R)
  32.541527  763.968445 v _0859_/Y (XOR2xp5_ASAP7_75t_R)
  43.788860  807.757324 v _0877_/Y (AO32x1_ASAP7_75t_R)
  32.509995  840.267334 ^ _0884_/Y (NAND3xp33_ASAP7_75t_R)
  63.117512  903.384827 v _0970_/Y (NAND5xp2_ASAP7_75t_R)
  48.706261  952.091064 ^ _0971_/Y (NOR4xp75_ASAP7_75t_R)
  23.663849  975.754944 ^ _0980_/Y (OR4x1_ASAP7_75t_R)
  63.237194 1038.992065 v _0987_/Y (A2O1A1Ixp33_ASAP7_75t_R)
  74.941719 1113.933838 ^ _1061_/Y (A2O1A1Ixp33_ASAP7_75t_R)
   0.000000 1113.933838 ^ y[5] (out)
            1113.933838   data arrival time

 700.000000  700.000000   clock virtual (rise edge)
   0.000000  700.000000   clock network delay (ideal)
   0.000000  700.000000   clock reconvergence pessimism
   0.000000  700.000000   output external delay
             700.000000   data required time
-----------------------------------------------------------------
             700.000000   data required time
            -1113.933838   data arrival time
-----------------------------------------------------------------
            -413.933838   slack (VIOLATED)


Group                       Internal       Switching         Leakage           Total
                               Power           Power           Power           Power (Watts)
------------------------------------------------------------------------------------
Sequential           0.000000000e+00 0.000000000e+00 0.000000000e+00 0.000000000e+00   0.0%
Combinational        1.442694193e-04 2.305229573e-04 2.391452192e-08 3.748162999e-04 100.0%
Clock                0.000000000e+00 0.000000000e+00 0.000000000e+00 0.000000000e+00   0.0%
Macro                0.000000000e+00 0.000000000e+00 0.000000000e+00 0.000000000e+00   0.0%
Pad                  0.000000000e+00 0.000000000e+00 0.000000000e+00 0.000000000e+00   0.0%
------------------------------------------------------------------------------------
Total                1.442694193e-04 2.305229573e-04 2.391452192e-08 3.748162999e-04 100.0%
                               38.5%           61.5%            0.0%
