["docker", "run", "--rm", "--network", "none", "--mount", "type=bind,source=C:\\Users\\User\\Desktop\\agent_workspace\\npu\\worktrees\\npu-issue77-a\\exp\\fp16_adder,target=/exp", "--mount", "type=bind,source=C:\\Users\\User\\Desktop\\agent_workspace\\npu\\npu_repo_in_pynq\\external\\OpenROAD-flow-scripts\\flow\\platforms\\asap7,target=/pdk,readonly", "--entrypoint", "bash", "openroad/orfs@sha256:7f9c688e71cd49379b9e9a45a4558724e3eda501eaaaf11bc9b77382a3fe647b", "-lc", "source /OpenROAD-flow-scripts/env.sh && openroad -exit /exp/runs/013_normtree/sta.tcl"]
OPENROAD: /OpenROAD-flow-scripts/tools/OpenROAD
OpenROAD unknown 
Features included (+) or not (-): -GPU +GUI -Python
This program is licensed under the BSD-3 license. See the LICENSE file for details.
Components of this program may be licensed under more restrictive licenses which must be honored.
[INFO ODB-0227] LEF file: /pdk/lef/asap7_tech_1x_201209.lef, created 30 layers, 9 vias
[INFO ODB-0227] LEF file: /pdk/lef/asap7sc7p5t_28_R_1x_220121a.lef, created 212 library cells
[WARNING STA-1212] /exp/build/pdk/asap7_rvt_tt.lib line 865739, timing group from output port.
[WARNING STA-1212] /exp/build/pdk/asap7_rvt_tt.lib line 865772, timing group from output port.
[WARNING STA-1212] /exp/build/pdk/asap7_rvt_tt.lib line 865805, timing group from output port.
[WARNING STA-1212] /exp/build/pdk/asap7_rvt_tt.lib line 865838, timing group from output port.
[WARNING STA-1212] /exp/build/pdk/asap7_rvt_tt.lib line 865871, timing group from output port.
[WARNING STA-1212] /exp/build/pdk/asap7_rvt_tt.lib line 865904, timing group from output port.
[WARNING STA-1212] /exp/build/pdk/asap7_rvt_tt.lib line 865937, timing group from output port.
[WARNING STA-1212] /exp/build/pdk/asap7_rvt_tt.lib line 867333, timing group from output port.
[WARNING STA-1212] /exp/build/pdk/asap7_rvt_tt.lib line 867366, timing group from output port.
[WARNING STA-1212] /exp/build/pdk/asap7_rvt_tt.lib line 867399, timing group from output port.
 time 1ps
 capacitance 1fF
 resistance 1kohm
 voltage 1v
 current 1mA
 power 1pW
 distance 1um
Startpoint: b[6] (input port clocked by virtual)
Endpoint: y[11] (output port clocked by virtual)
Path Group: virtual
Path Type: max

      Delay        Time   Description
-----------------------------------------------------------------
   0.000000    0.000000   clock virtual (rise edge)
   0.000000    0.000000   clock network delay (ideal)
   0.000000    0.000000 v input external delay
   0.000000    0.000000 v b[6] (in)
  22.971170   22.971170 ^ _0622_/Y (INVxp33_ASAP7_75t_R)
  18.278000   41.249172 v _0623_/Y (AOI211xp5_ASAP7_75t_R)
  22.671350   63.920521 ^ _0624_/Y (AOI221xp5_ASAP7_75t_R)
  25.930744   89.851265 v _0625_/Y (A2O1A1Ixp33_ASAP7_75t_R)
  25.663298  115.514565 v _0629_/Y (AO21x1_ASAP7_75t_R)
  35.327831  150.842392 ^ _0639_/Y (A2O1A1O1Ixp25_ASAP7_75t_R)
  29.959770  180.802170 v _0646_/Y (NOR2x1_ASAP7_75t_R)
  26.047873  206.850037 v _0647_/Y (BUFx6f_ASAP7_75t_R)
  43.748062  250.598099 ^ _0677_/Y (OAI21xp33_ASAP7_75t_R)
  50.012104  300.610199 ^ _0698_/Y (OA31x2_ASAP7_75t_R)
  19.131836  319.742035 v _0699_/Y (XNOR2xp5_ASAP7_75t_R)
  32.728016  352.470062 v _0700_/Y (BUFx2_ASAP7_75t_R)
  21.062624  373.532684 ^ _0707_/Y (OAI21xp5_ASAP7_75t_R)
  30.413172  403.945862 v _0738_/Y (NOR2xp33_ASAP7_75t_R)
  31.302044  435.247894 ^ _0850_/Y (OAI211xp5_ASAP7_75t_R)
  17.841450  453.089355 v _0851_/Y (OAI21xp33_ASAP7_75t_R)
  35.841885  488.931244 ^ _0852_/Y (NOR5xp2_ASAP7_75t_R)
  27.259472  516.190674 v _0867_/Y (A2O1A1Ixp33_ASAP7_75t_R)
  64.060867  580.251587 ^ _0869_/Y (NOR5xp2_ASAP7_75t_R)
  40.346561  620.598145 v _0878_/Y (A2O1A1Ixp33_ASAP7_75t_R)
  33.624714  654.222839 ^ _0887_/Y (A2O1A1O1Ixp25_ASAP7_75t_R)
  27.828350  682.051208 v _0890_/Y (OAI311xp33_ASAP7_75t_R)
  37.003956  719.055176 ^ _0894_/Y (AOI311xp33_ASAP7_75t_R)
  29.127811  748.182983 v _0910_/Y (NOR2xp33_ASAP7_75t_R)
  35.870697  784.053650 v _0913_/Y (XNOR2xp5_ASAP7_75t_R)
  47.279793  831.333435 v _0929_/Y (OR3x1_ASAP7_75t_R)
  32.848167  864.181641 ^ _0931_/Y (NOR3x1_ASAP7_75t_R)
  19.988510  884.170105 v _0932_/Y (XNOR2x1_ASAP7_75t_R)
  49.785786  933.955933 ^ _0952_/Y (OAI211xp5_ASAP7_75t_R)
  40.952686  974.908630 v _0961_/Y (OAI221xp5_ASAP7_75t_R)
  65.863312 1040.771973 ^ _0966_/Y (AOI311xp33_ASAP7_75t_R)
  39.533264 1080.305176 ^ _0977_/Y (OR2x2_ASAP7_75t_R)
  44.746983 1125.052124 ^ _0978_/Y (AND5x1_ASAP7_75t_R)
  22.228107 1147.280273 v _0983_/Y (AOI21x1_ASAP7_75t_R)
  53.751560 1201.031860 ^ _1002_/Y (A2O1A1O1Ixp25_ASAP7_75t_R)
  44.640293 1245.672119 v _1046_/Y (NOR3x1_ASAP7_75t_R)
  30.123903 1275.796021 ^ _1064_/Y (NAND4xp75_ASAP7_75t_R)
  24.451885 1300.247925 v _1082_/Y (NOR3x2_ASAP7_75t_R)
  30.396019 1330.643921 ^ _1096_/Y (NAND3x1_ASAP7_75t_R)
  29.120262 1359.764160 ^ _1110_/Y (OR4x1_ASAP7_75t_R)
  47.129299 1406.893555 ^ _1112_/Y (AND5x1_ASAP7_75t_R)
  40.454529 1447.348022 v _1129_/Y (AOI211x1_ASAP7_75t_R)
  51.871395 1499.219360 ^ _1159_/Y (OAI211xp5_ASAP7_75t_R)
   0.000000 1499.219360 ^ y[11] (out)
            1499.219360   data arrival time

1000.000000 1000.000000   clock virtual (rise edge)
   0.000000 1000.000000   clock network delay (ideal)
   0.000000 1000.000000   clock reconvergence pessimism
   0.000000 1000.000000   output external delay
            1000.000000   data required time
-----------------------------------------------------------------
            1000.000000   data required time
            -1499.219360   data arrival time
-----------------------------------------------------------------
            -499.219452   slack (VIOLATED)


Group                       Internal       Switching         Leakage           Total
                               Power           Power           Power           Power (Watts)
------------------------------------------------------------------------------------
Sequential           0.000000000e+00 0.000000000e+00 0.000000000e+00 0.000000000e+00   0.0%
Combinational        1.132490652e-04 1.948596910e-04 2.449232284e-08 3.081332543e-04 100.0%
Clock                0.000000000e+00 0.000000000e+00 0.000000000e+00 0.000000000e+00   0.0%
Macro                0.000000000e+00 0.000000000e+00 0.000000000e+00 0.000000000e+00   0.0%
Pad                  0.000000000e+00 0.000000000e+00 0.000000000e+00 0.000000000e+00   0.0%
------------------------------------------------------------------------------------
Total                1.132490652e-04 1.948596910e-04 2.449232284e-08 3.081332543e-04 100.0%
                               36.8%           63.2%            0.0%
