["docker", "run", "--rm", "--network", "none", "--mount", "type=bind,source=C:\\Users\\User\\Desktop\\agent_workspace\\npu\\npu_repo_in_pynq\\exp\\fp32_multipier,target=/exp", "--mount", "type=bind,source=C:\\Users\\User\\Desktop\\agent_workspace\\npu\\npu_repo_in_pynq\\external\\OpenROAD-flow-scripts\\flow\\platforms\\asap7,target=/pdk,readonly", "--entrypoint", "bash", "openroad/orfs@sha256:7f9c688e71cd49379b9e9a45a4558724e3eda501eaaaf11bc9b77382a3fe647b", "-lc", "source /OpenROAD-flow-scripts/env.sh && openroad -exit /exp/runs/027_parallel_priority/sta.tcl"]
OPENROAD: /OpenROAD-flow-scripts/tools/OpenROAD
OpenROAD unknown 
Features included (+) or not (-): -GPU +GUI -Python
This program is licensed under the BSD-3 license. See the LICENSE file for details.
Components of this program may be licensed under more restrictive licenses which must be honored.
[INFO ODB-0227] LEF file: /pdk/lef/asap7_tech_1x_201209.lef, created 30 layers, 9 vias
[INFO ODB-0227] LEF file: /pdk/lef/asap7sc7p5t_28_R_1x_220121a.lef, created 212 library cells
[WARNING STA-1212] /exp/build/pdk/asap7_rvt_tt.lib line 865739, timing group from output port.
[WARNING STA-1212] /exp/build/pdk/asap7_rvt_tt.lib line 865772, timing group from output port.
[WARNING STA-1212] /exp/build/pdk/asap7_rvt_tt.lib line 865805, timing group from output port.
[WARNING STA-1212] /exp/build/pdk/asap7_rvt_tt.lib line 865838, timing group from output port.
[WARNING STA-1212] /exp/build/pdk/asap7_rvt_tt.lib line 865871, timing group from output port.
[WARNING STA-1212] /exp/build/pdk/asap7_rvt_tt.lib line 865904, timing group from output port.
[WARNING STA-1212] /exp/build/pdk/asap7_rvt_tt.lib line 865937, timing group from output port.
[WARNING STA-1212] /exp/build/pdk/asap7_rvt_tt.lib line 867333, timing group from output port.
[WARNING STA-1212] /exp/build/pdk/asap7_rvt_tt.lib line 867366, timing group from output port.
[WARNING STA-1212] /exp/build/pdk/asap7_rvt_tt.lib line 867399, timing group from output port.
 time 1ps
 capacitance 1fF
 resistance 1kohm
 voltage 1v
 current 1mA
 power 1pW
 distance 1um
Startpoint: a[9] (input port clocked by virtual)
Endpoint: y[10] (output port clocked by virtual)
Path Group: virtual
Path Type: max

      Delay        Time   Description
-----------------------------------------------------------------
   0.000000    0.000000   clock virtual (rise edge)
   0.000000    0.000000   clock network delay (ideal)
   0.000000    0.000000 v input external delay
   0.000000    0.000000 v a[9] (in)
  77.970093   77.970093 ^ _0556_/Y (NOR5xp2_ASAP7_75t_R)
  34.436878  112.406975 ^ _0607_/Y (OR3x1_ASAP7_75t_R)
  29.677954  142.084930 v _0609_/Y (NAND4xp25_ASAP7_75t_R)
  36.217335  178.302261 v _0636_/Y (AND2x2_ASAP7_75t_R)
  20.753635  199.055893 ^ _0637_/Y (MAJIxp5_ASAP7_75t_R)
  23.494873  222.550766 ^ _0649_/Y (XNOR2xp5_ASAP7_75t_R)
  28.990519  251.541290 ^ _0650_/Y (XNOR2xp5_ASAP7_75t_R)
  32.503582  284.044861 ^ _0719_/Y (XOR2xp5_ASAP7_75t_R)
  43.127029  327.171906 v _0720_/Y (XNOR2x2_ASAP7_75t_R)
  28.255453  355.427368 v _0721_/Y (XNOR2xp5_ASAP7_75t_R)
  38.239357  393.666718 ^ _0724_/Y (A2O1A1O1Ixp25_ASAP7_75t_R)
  35.709187  429.375885 v _0735_/Y (O2A1O1Ixp33_ASAP7_75t_R)
  49.939636  479.315521 ^ _0742_/Y (O2A1O1Ixp5_ASAP7_75t_R)
  39.823532  519.139038 v _0750_/Y (O2A1O1Ixp5_ASAP7_75t_R)
  43.915092  563.054138 ^ _0819_/Y (OAI211xp5_ASAP7_75t_R)
  44.362568  607.416748 v _0830_/Y (NOR3x1_ASAP7_75t_R)
  47.542305  654.959045 v _0845_/Y (OR3x1_ASAP7_75t_R)
  85.498001  740.457031 ^ _0849_/Y (NOR5xp2_ASAP7_75t_R)
  39.634075  780.091125 v _0856_/Y (NOR2x1_ASAP7_75t_R)
  38.111458  818.202576 ^ _0895_/Y (NAND2xp5_ASAP7_75t_R)
  28.381075  846.583618 ^ _0896_/Y (AO21x1_ASAP7_75t_R)
  26.704195  873.287842 ^ _1012_/Y (BUFx3_ASAP7_75t_R)
  24.089619  897.377441 v _1047_/Y (AOI21xp33_ASAP7_75t_R)
  40.694283  938.071716 ^ _1048_/Y (NOR4xp75_ASAP7_75t_R)
  28.380299  966.452026 v _1102_/Y (NAND4xp75_ASAP7_75t_R)
  56.133430 1022.585449 ^ _1113_/Y (NOR5xp2_ASAP7_75t_R)
  28.029356 1050.614868 v _1118_/Y (AOI21xp33_ASAP7_75t_R)
  31.245007 1081.859863 ^ _1119_/Y (OAI21xp5_ASAP7_75t_R)
   0.000000 1081.859863 ^ y[10] (out)
            1081.859863   data arrival time

 700.000000  700.000000   clock virtual (rise edge)
   0.000000  700.000000   clock network delay (ideal)
   0.000000  700.000000   clock reconvergence pessimism
   0.000000  700.000000   output external delay
             700.000000   data required time
-----------------------------------------------------------------
             700.000000   data required time
            -1081.859863   data arrival time
-----------------------------------------------------------------
            -381.859833   slack (VIOLATED)


Group                       Internal       Switching         Leakage           Total
                               Power           Power           Power           Power (Watts)
------------------------------------------------------------------------------------
Sequential           0.000000000e+00 0.000000000e+00 0.000000000e+00 0.000000000e+00   0.0%
Combinational        1.355126296e-04 2.509741753e-04 2.655616882e-08 3.865133622e-04 100.0%
Clock                0.000000000e+00 0.000000000e+00 0.000000000e+00 0.000000000e+00   0.0%
Macro                0.000000000e+00 0.000000000e+00 0.000000000e+00 0.000000000e+00   0.0%
Pad                  0.000000000e+00 0.000000000e+00 0.000000000e+00 0.000000000e+00   0.0%
------------------------------------------------------------------------------------
Total                1.355126296e-04 2.509741753e-04 2.655616882e-08 3.865133622e-04 100.0%
                               35.1%           64.9%            0.0%
