["docker", "run", "--rm", "--network", "none", "--mount", "type=bind,source=C:\\Users\\User\\Desktop\\agent_workspace\\npu\\worktrees\\npu-issue77-a\\exp\\fp16_adder,target=/exp", "--mount", "type=bind,source=C:\\Users\\User\\Desktop\\agent_workspace\\npu\\npu_repo_in_pynq\\external\\OpenROAD-flow-scripts\\flow\\platforms\\asap7,target=/pdk,readonly", "--entrypoint", "bash", "openroad/orfs@sha256:7f9c688e71cd49379b9e9a45a4558724e3eda501eaaaf11bc9b77382a3fe647b", "-lc", "source /OpenROAD-flow-scripts/env.sh && openroad -exit /exp/runs/004_shared_priority/sta.tcl"]
OPENROAD: /OpenROAD-flow-scripts/tools/OpenROAD
OpenROAD unknown 
Features included (+) or not (-): -GPU +GUI -Python
This program is licensed under the BSD-3 license. See the LICENSE file for details.
Components of this program may be licensed under more restrictive licenses which must be honored.
[INFO ODB-0227] LEF file: /pdk/lef/asap7_tech_1x_201209.lef, created 30 layers, 9 vias
[INFO ODB-0227] LEF file: /pdk/lef/asap7sc7p5t_28_R_1x_220121a.lef, created 212 library cells
[WARNING STA-1212] /exp/build/pdk/asap7_rvt_tt.lib line 865739, timing group from output port.
[WARNING STA-1212] /exp/build/pdk/asap7_rvt_tt.lib line 865772, timing group from output port.
[WARNING STA-1212] /exp/build/pdk/asap7_rvt_tt.lib line 865805, timing group from output port.
[WARNING STA-1212] /exp/build/pdk/asap7_rvt_tt.lib line 865838, timing group from output port.
[WARNING STA-1212] /exp/build/pdk/asap7_rvt_tt.lib line 865871, timing group from output port.
[WARNING STA-1212] /exp/build/pdk/asap7_rvt_tt.lib line 865904, timing group from output port.
[WARNING STA-1212] /exp/build/pdk/asap7_rvt_tt.lib line 865937, timing group from output port.
[WARNING STA-1212] /exp/build/pdk/asap7_rvt_tt.lib line 867333, timing group from output port.
[WARNING STA-1212] /exp/build/pdk/asap7_rvt_tt.lib line 867366, timing group from output port.
[WARNING STA-1212] /exp/build/pdk/asap7_rvt_tt.lib line 867399, timing group from output port.
 time 1ps
 capacitance 1fF
 resistance 1kohm
 voltage 1v
 current 1mA
 power 1pW
 distance 1um
Startpoint: a[7] (input port clocked by virtual)
Endpoint: y[9] (output port clocked by virtual)
Path Group: virtual
Path Type: max

      Delay        Time   Description
-----------------------------------------------------------------
   0.000000    0.000000   clock virtual (rise edge)
   0.000000    0.000000   clock network delay (ideal)
   0.000000    0.000000 v input external delay
   0.000000    0.000000 v a[7] (in)
  21.599932   21.599932 v _0602_/Y (XOR2xp5_ASAP7_75t_R)
  17.625452   39.225384 ^ _0603_/Y (AOI211x1_ASAP7_75t_R)
  21.962456   61.187840 v _0606_/Y (OAI211xp5_ASAP7_75t_R)
  26.233606   87.421448 ^ _0615_/Y (A2O1A1O1Ixp25_ASAP7_75t_R)
  19.859489  107.280937 v _0622_/Y (O2A1O1Ixp33_ASAP7_75t_R)
  38.985802  146.266739 ^ _0631_/Y (O2A1O1Ixp5_ASAP7_75t_R)
  31.432011  177.698746 ^ _0632_/Y (BUFx6f_ASAP7_75t_R)
  30.931757  208.630508 ^ _0638_/Y (OA21x2_ASAP7_75t_R)
  30.978498  239.608994 ^ _0640_/Y (AO21x2_ASAP7_75t_R)
  34.355492  273.964478 v _0649_/Y (AOI31xp67_ASAP7_75t_R)
  33.495014  307.459503 ^ _0690_/Y (NAND2x1_ASAP7_75t_R)
  44.441589  351.901093 v _0694_/Y (XNOR2x2_ASAP7_75t_R)
  29.086344  380.987427 v _0724_/Y (BUFx2_ASAP7_75t_R)
  24.529655  405.517090 ^ _0776_/Y (NOR3xp33_ASAP7_75t_R)
  17.230606  422.747711 v _0777_/Y (OAI31xp67_ASAP7_75t_R)
  24.015289  446.763000 ^ _0780_/Y (A2O1A1Ixp33_ASAP7_75t_R)
  31.427055  478.190033 v _0783_/Y (NAND3xp33_ASAP7_75t_R)
  26.093128  504.283173 ^ _0833_/Y (NAND5xp2_ASAP7_75t_R)
  28.098080  532.381226 v _0844_/Y (A2O1A1O1Ixp25_ASAP7_75t_R)
  48.916927  581.298157 ^ _0854_/Y (A2O1A1O1Ixp25_ASAP7_75t_R)
  28.538116  609.836304 v _0856_/Y (O2A1O1Ixp5_ASAP7_75t_R)
  33.692436  643.528748 ^ _0897_/Y (O2A1O1Ixp5_ASAP7_75t_R)
  22.451319  665.980042 v _0914_/Y (O2A1O1Ixp5_ASAP7_75t_R)
  32.354008  698.334045 ^ _0918_/Y (O2A1O1Ixp33_ASAP7_75t_R)
  51.185280  749.519348 v _0923_/Y (XNOR2x2_ASAP7_75t_R)
  37.334637  786.854004 ^ _0945_/Y (NOR4xp25_ASAP7_75t_R)
  23.663349  810.517334 v _0947_/Y (OAI21xp33_ASAP7_75t_R)
  41.713299  852.230652 ^ _0948_/Y (A2O1A1O1Ixp25_ASAP7_75t_R)
  35.684956  887.915588 ^ _0949_/Y (BUFx3_ASAP7_75t_R)
  22.703949  910.619507 v _0951_/Y (A2O1A1Ixp33_ASAP7_75t_R)
  33.072712  943.692261 v _0961_/Y (OA21x2_ASAP7_75t_R)
  30.893066  974.585327 ^ _0965_/Y (NOR3xp33_ASAP7_75t_R)
  32.000069 1006.585388 v _0979_/Y (OAI211xp5_ASAP7_75t_R)
  35.237148 1041.822510 ^ _0990_/Y (AOI22x1_ASAP7_75t_R)
  47.736927 1089.559448 ^ _1025_/Y (AND3x2_ASAP7_75t_R)
  17.012836 1106.572266 v _1041_/Y (NAND3x2_ASAP7_75t_R)
  25.151991 1131.724243 ^ _1059_/Y (NOR3x1_ASAP7_75t_R)
  46.107895 1177.832153 ^ _1074_/Y (AND3x2_ASAP7_75t_R)
  61.308735 1239.140869 v _1082_/Y (NAND5xp2_ASAP7_75t_R)
  49.193760 1288.334717 v _1088_/Y (XNOR2x2_ASAP7_75t_R)
  46.755932 1335.090576 v _1100_/Y (AO211x2_ASAP7_75t_R)
  44.866112 1379.956665 ^ _1139_/Y (OAI31xp67_ASAP7_75t_R)
   0.000000 1379.956665 ^ y[9] (out)
            1379.956665   data arrival time

1200.000000 1200.000000   clock virtual (rise edge)
   0.000000 1200.000000   clock network delay (ideal)
   0.000000 1200.000000   clock reconvergence pessimism
   0.000000 1200.000000   output external delay
            1200.000000   data required time
-----------------------------------------------------------------
            1200.000000   data required time
            -1379.956665   data arrival time
-----------------------------------------------------------------
            -179.956711   slack (VIOLATED)


Group                       Internal       Switching         Leakage           Total
                               Power           Power           Power           Power (Watts)
------------------------------------------------------------------------------------
Sequential           0.000000000e+00 0.000000000e+00 0.000000000e+00 0.000000000e+00   0.0%
Combinational        1.166443762e-04 1.999859669e-04 2.766501694e-08 3.166580282e-04 100.0%
Clock                0.000000000e+00 0.000000000e+00 0.000000000e+00 0.000000000e+00   0.0%
Macro                0.000000000e+00 0.000000000e+00 0.000000000e+00 0.000000000e+00   0.0%
Pad                  0.000000000e+00 0.000000000e+00 0.000000000e+00 0.000000000e+00   0.0%
------------------------------------------------------------------------------------
Total                1.166443762e-04 1.999859669e-04 2.766501694e-08 3.166580282e-04 100.0%
                               36.8%           63.2%            0.0%
