["docker", "run", "--rm", "--network", "none", "--mount", "type=bind,source=C:\\Users\\User\\Desktop\\agent_workspace\\npu\\worktrees\\npu-issue77-a\\exp\\fp16_adder,target=/exp", "--mount", "type=bind,source=C:\\Users\\User\\Desktop\\agent_workspace\\npu\\npu_repo_in_pynq\\external\\OpenROAD-flow-scripts\\flow\\platforms\\asap7,target=/pdk,readonly", "--entrypoint", "bash", "openroad/orfs@sha256:7f9c688e71cd49379b9e9a45a4558724e3eda501eaaaf11bc9b77382a3fe647b", "-lc", "source /OpenROAD-flow-scripts/env.sh && openroad -exit /exp/runs/025_prefix_priority/sta.tcl"]
OPENROAD: /OpenROAD-flow-scripts/tools/OpenROAD
OpenROAD unknown 
Features included (+) or not (-): -GPU +GUI -Python
This program is licensed under the BSD-3 license. See the LICENSE file for details.
Components of this program may be licensed under more restrictive licenses which must be honored.
[INFO ODB-0227] LEF file: /pdk/lef/asap7_tech_1x_201209.lef, created 30 layers, 9 vias
[INFO ODB-0227] LEF file: /pdk/lef/asap7sc7p5t_28_R_1x_220121a.lef, created 212 library cells
[WARNING STA-1212] /exp/build/pdk/asap7_rvt_tt.lib line 865739, timing group from output port.
[WARNING STA-1212] /exp/build/pdk/asap7_rvt_tt.lib line 865772, timing group from output port.
[WARNING STA-1212] /exp/build/pdk/asap7_rvt_tt.lib line 865805, timing group from output port.
[WARNING STA-1212] /exp/build/pdk/asap7_rvt_tt.lib line 865838, timing group from output port.
[WARNING STA-1212] /exp/build/pdk/asap7_rvt_tt.lib line 865871, timing group from output port.
[WARNING STA-1212] /exp/build/pdk/asap7_rvt_tt.lib line 865904, timing group from output port.
[WARNING STA-1212] /exp/build/pdk/asap7_rvt_tt.lib line 865937, timing group from output port.
[WARNING STA-1212] /exp/build/pdk/asap7_rvt_tt.lib line 867333, timing group from output port.
[WARNING STA-1212] /exp/build/pdk/asap7_rvt_tt.lib line 867366, timing group from output port.
[WARNING STA-1212] /exp/build/pdk/asap7_rvt_tt.lib line 867399, timing group from output port.
 time 1ps
 capacitance 1fF
 resistance 1kohm
 voltage 1v
 current 1mA
 power 1pW
 distance 1um
Startpoint: b[11] (input port clocked by virtual)
Endpoint: y[14] (output port clocked by virtual)
Path Group: virtual
Path Type: max

      Delay        Time   Description
-----------------------------------------------------------------
   0.000000    0.000000   clock virtual (rise edge)
   0.000000    0.000000   clock network delay (ideal)
   0.000000    0.000000 v input external delay
   0.000000    0.000000 v b[11] (in)
  19.811026   19.811026 v _0650_/Y (BUFx6f_ASAP7_75t_R)
  20.460344   40.271370 v _0651_/Y (XNOR2xp5_ASAP7_75t_R)
  18.754513   59.025883 ^ _0653_/Y (OAI211xp5_ASAP7_75t_R)
  26.394478   85.420357 v _0669_/Y (OAI321xp33_ASAP7_75t_R)
  26.521479  111.941841 ^ _0670_/Y (A2O1A1O1Ixp25_ASAP7_75t_R)
  21.776588  133.718430 v _0681_/Y (A2O1A1O1Ixp25_ASAP7_75t_R)
  30.524652  164.243073 v _0682_/Y (BUFx3_ASAP7_75t_R)
  34.848583  199.091660 ^ _0703_/Y (O2A1O1Ixp5_ASAP7_75t_R)
  33.859276  232.950943 v _0722_/Y (OAI21xp5_ASAP7_75t_R)
  36.820576  269.771515 v _0723_/Y (BUFx2_ASAP7_75t_R)
  23.807484  293.579010 ^ _0794_/Y (AOI22xp5_ASAP7_75t_R)
  16.746576  310.325562 v _0817_/Y (NOR3xp33_ASAP7_75t_R)
  28.124002  338.449585 ^ _0818_/Y (AOI21xp33_ASAP7_75t_R)
  32.999714  371.449280 v _0846_/Y (NAND5xp2_ASAP7_75t_R)
  37.133991  408.583282 ^ _0853_/Y (O2A1O1Ixp5_ASAP7_75t_R)
  50.396465  458.979736 ^ _0855_/Y (AND4x1_ASAP7_75t_R)
  45.622063  504.601807 v _0908_/Y (A2O1A1O1Ixp25_ASAP7_75t_R)
  46.721684  551.323486 v _0954_/Y (OR4x1_ASAP7_75t_R)
  34.037273  585.360779 ^ _0957_/Y (A2O1A1O1Ixp25_ASAP7_75t_R)
  23.530622  608.891357 v _0997_/Y (OAI211xp5_ASAP7_75t_R)
  41.379398  650.270813 ^ _1003_/Y (A2O1A1O1Ixp25_ASAP7_75t_R)
  37.354343  687.625122 v _1024_/Y (OAI221xp5_ASAP7_75t_R)
  47.093552  734.718689 v _1033_/Y (OR3x1_ASAP7_75t_R)
  32.585381  767.304077 v _1037_/Y (AO21x1_ASAP7_75t_R)
  39.750591  807.054626 v _1038_/Y (AO21x2_ASAP7_75t_R)
  25.286661  832.341309 v _1044_/Y (BUFx6f_ASAP7_75t_R)
  22.735868  855.077209 ^ _1046_/Y (OAI211xp5_ASAP7_75t_R)
  23.444246  878.521423 v _1051_/Y (OAI211xp5_ASAP7_75t_R)
  36.506908  915.028320 ^ _1067_/Y (AOI211xp5_ASAP7_75t_R)
  29.654446  944.682800 v _1119_/Y (OAI22x1_ASAP7_75t_R)
  33.484772  978.167542 ^ _1139_/Y (NOR3x1_ASAP7_75t_R)
  36.371574 1014.539124 v _1171_/Y (NAND4xp75_ASAP7_75t_R)
  27.947866 1042.486938 ^ _1190_/Y (NOR3x2_ASAP7_75t_R)
  27.372770 1069.859741 v _1237_/Y (NAND4xp75_ASAP7_75t_R)
  35.229042 1105.088745 ^ _1247_/Y (NOR4xp75_ASAP7_75t_R)
  18.868795 1123.957642 v _1251_/Y (OAI21xp5_ASAP7_75t_R)
  35.058067 1159.015625 v _1252_/Y (AO21x2_ASAP7_75t_R)
   0.000000 1159.015625 v y[14] (out)
            1159.015625   data arrival time

1000.000000 1000.000000   clock virtual (rise edge)
   0.000000 1000.000000   clock network delay (ideal)
   0.000000 1000.000000   clock reconvergence pessimism
   0.000000 1000.000000   output external delay
            1000.000000   data required time
-----------------------------------------------------------------
            1000.000000   data required time
            -1159.015625   data arrival time
-----------------------------------------------------------------
            -159.015686   slack (VIOLATED)


Group                       Internal       Switching         Leakage           Total
                               Power           Power           Power           Power (Watts)
------------------------------------------------------------------------------------
Sequential           0.000000000e+00 0.000000000e+00 0.000000000e+00 0.000000000e+00   0.0%
Combinational        1.080658767e-04 1.821954356e-04 2.909453301e-08 2.902904234e-04 100.0%
Clock                0.000000000e+00 0.000000000e+00 0.000000000e+00 0.000000000e+00   0.0%
Macro                0.000000000e+00 0.000000000e+00 0.000000000e+00 0.000000000e+00   0.0%
Pad                  0.000000000e+00 0.000000000e+00 0.000000000e+00 0.000000000e+00   0.0%
------------------------------------------------------------------------------------
Total                1.080658767e-04 1.821954356e-04 2.909453301e-08 2.902904234e-04 100.0%
                               37.2%           62.8%            0.0%
