["docker", "run", "--rm", "--network", "none", "--mount", "type=bind,source=C:\\Users\\User\\Desktop\\agent_workspace\\npu\\npu_repo_in_pynq\\exp\\fp32_multipier,target=/exp", "--mount", "type=bind,source=C:\\Users\\User\\Desktop\\agent_workspace\\npu\\npu_repo_in_pynq\\external\\OpenROAD-flow-scripts\\flow\\platforms\\asap7,target=/pdk,readonly", "--entrypoint", "bash", "openroad/orfs@sha256:7f9c688e71cd49379b9e9a45a4558724e3eda501eaaaf11bc9b77382a3fe647b", "-lc", "source /OpenROAD-flow-scripts/env.sh && openroad -exit /exp/runs/034_onehot_fix/sta.tcl"]
OPENROAD: /OpenROAD-flow-scripts/tools/OpenROAD
OpenROAD unknown 
Features included (+) or not (-): -GPU +GUI -Python
This program is licensed under the BSD-3 license. See the LICENSE file for details.
Components of this program may be licensed under more restrictive licenses which must be honored.
[INFO ODB-0227] LEF file: /pdk/lef/asap7_tech_1x_201209.lef, created 30 layers, 9 vias
[INFO ODB-0227] LEF file: /pdk/lef/asap7sc7p5t_28_R_1x_220121a.lef, created 212 library cells
[WARNING STA-1212] /exp/build/pdk/asap7_rvt_tt.lib line 865739, timing group from output port.
[WARNING STA-1212] /exp/build/pdk/asap7_rvt_tt.lib line 865772, timing group from output port.
[WARNING STA-1212] /exp/build/pdk/asap7_rvt_tt.lib line 865805, timing group from output port.
[WARNING STA-1212] /exp/build/pdk/asap7_rvt_tt.lib line 865838, timing group from output port.
[WARNING STA-1212] /exp/build/pdk/asap7_rvt_tt.lib line 865871, timing group from output port.
[WARNING STA-1212] /exp/build/pdk/asap7_rvt_tt.lib line 865904, timing group from output port.
[WARNING STA-1212] /exp/build/pdk/asap7_rvt_tt.lib line 865937, timing group from output port.
[WARNING STA-1212] /exp/build/pdk/asap7_rvt_tt.lib line 867333, timing group from output port.
[WARNING STA-1212] /exp/build/pdk/asap7_rvt_tt.lib line 867366, timing group from output port.
[WARNING STA-1212] /exp/build/pdk/asap7_rvt_tt.lib line 867399, timing group from output port.
 time 1ps
 capacitance 1fF
 resistance 1kohm
 voltage 1v
 current 1mA
 power 1pW
 distance 1um
Startpoint: a[9] (input port clocked by virtual)
Endpoint: y[10] (output port clocked by virtual)
Path Group: virtual
Path Type: max

      Delay        Time   Description
-----------------------------------------------------------------
   0.000000    0.000000   clock virtual (rise edge)
   0.000000    0.000000   clock network delay (ideal)
   0.000000    0.000000 v input external delay
   0.000000    0.000000 v a[9] (in)
  74.053360   74.053360 ^ _0570_/Y (NOR5xp2_ASAP7_75t_R)
  72.573807  146.627167 v _0729_/Y (OAI22xp33_ASAP7_75t_R)
  49.927494  196.554657 ^ _0733_/Y (OAI21xp5_ASAP7_75t_R)
  39.248936  235.803604 ^ _0734_/Y (MAJx2_ASAP7_75t_R)
  27.506941  263.310547 v _0735_/Y (MAJIxp5_ASAP7_75t_R)
  45.640434  308.950989 ^ _0739_/Y (XNOR2xp5_ASAP7_75t_R)
  18.435114  327.386078 v _0758_/Y (INVx2_ASAP7_75t_R)
  35.363129  362.749207 ^ _0765_/Y (AOI21xp33_ASAP7_75t_R)
  39.621166  402.370392 v _0766_/Y (NAND2xp5_ASAP7_75t_R)
  55.555340  457.925720 ^ _0855_/Y (NOR2xp33_ASAP7_75t_R)
  40.484642  498.410370 ^ _0858_/Y (AO32x1_ASAP7_75t_R)
   9.604095  508.014465 v _0859_/Y (AOI31xp33_ASAP7_75t_R)
  18.305468  526.319946 ^ _0860_/Y (NAND4xp25_ASAP7_75t_R)
  12.819357  539.139282 v _0861_/Y (AOI311xp33_ASAP7_75t_R)
  20.789648  559.928955 ^ _0862_/Y (A2O1A1Ixp33_ASAP7_75t_R)
  26.740276  586.669189 ^ _0863_/Y (AO211x2_ASAP7_75t_R)
   7.709500  594.378723 v _0864_/Y (A2O1A1O1Ixp25_ASAP7_75t_R)
  33.287151  627.665894 ^ _0880_/Y (OAI211xp5_ASAP7_75t_R)
  39.453831  667.119690 v _0939_/Y (OAI211xp5_ASAP7_75t_R)
  81.854858  748.974548 ^ _1018_/Y (NOR5xp2_ASAP7_75t_R)
  32.103100  781.077637 v _1028_/Y (NAND3x1_ASAP7_75t_R)
  40.651539  821.729187 v _1060_/Y (OR3x1_ASAP7_75t_R)
  14.749036  836.478210 ^ _1068_/Y (OAI21xp5_ASAP7_75t_R)
  26.758595  863.236816 ^ _1069_/Y (AO21x2_ASAP7_75t_R)
   0.000000  863.236816 ^ y[10] (out)
             863.236816   data arrival time

 700.000000  700.000000   clock virtual (rise edge)
   0.000000  700.000000   clock network delay (ideal)
   0.000000  700.000000   clock reconvergence pessimism
   0.000000  700.000000   output external delay
             700.000000   data required time
-----------------------------------------------------------------
             700.000000   data required time
            -863.236816   data arrival time
-----------------------------------------------------------------
            -163.236816   slack (VIOLATED)


Group                       Internal       Switching         Leakage           Total
                               Power           Power           Power           Power (Watts)
------------------------------------------------------------------------------------
Sequential           0.000000000e+00 0.000000000e+00 0.000000000e+00 0.000000000e+00   0.0%
Combinational        1.026196915e-04 1.716025727e-04 2.798552323e-08 2.742502547e-04 100.0%
Clock                0.000000000e+00 0.000000000e+00 0.000000000e+00 0.000000000e+00   0.0%
Macro                0.000000000e+00 0.000000000e+00 0.000000000e+00 0.000000000e+00   0.0%
Pad                  0.000000000e+00 0.000000000e+00 0.000000000e+00 0.000000000e+00   0.0%
------------------------------------------------------------------------------------
Total                1.026196915e-04 1.716025727e-04 2.798552323e-08 2.742502547e-04 100.0%
                               37.4%           62.6%            0.0%
