["docker", "run", "--rm", "--network", "none", "--mount", "type=bind,source=C:\\Users\\User\\Desktop\\agent_workspace\\npu\\npu_repo_in_pynq\\exp\\fp32_multipier,target=/exp", "--mount", "type=bind,source=C:\\Users\\User\\Desktop\\agent_workspace\\npu\\npu_repo_in_pynq\\external\\OpenROAD-flow-scripts\\flow\\platforms\\asap7,target=/pdk,readonly", "--entrypoint", "bash", "openroad/orfs@sha256:7f9c688e71cd49379b9e9a45a4558724e3eda501eaaaf11bc9b77382a3fe647b", "-lc", "source /OpenROAD-flow-scripts/env.sh && openroad -exit /exp/runs/020_packed_csa/sta.tcl"]
OPENROAD: /OpenROAD-flow-scripts/tools/OpenROAD
OpenROAD unknown 
Features included (+) or not (-): -GPU +GUI -Python
This program is licensed under the BSD-3 license. See the LICENSE file for details.
Components of this program may be licensed under more restrictive licenses which must be honored.
[INFO ODB-0227] LEF file: /pdk/lef/asap7_tech_1x_201209.lef, created 30 layers, 9 vias
[INFO ODB-0227] LEF file: /pdk/lef/asap7sc7p5t_28_R_1x_220121a.lef, created 212 library cells
[WARNING STA-1212] /exp/build/pdk/asap7_rvt_tt.lib line 865739, timing group from output port.
[WARNING STA-1212] /exp/build/pdk/asap7_rvt_tt.lib line 865772, timing group from output port.
[WARNING STA-1212] /exp/build/pdk/asap7_rvt_tt.lib line 865805, timing group from output port.
[WARNING STA-1212] /exp/build/pdk/asap7_rvt_tt.lib line 865838, timing group from output port.
[WARNING STA-1212] /exp/build/pdk/asap7_rvt_tt.lib line 865871, timing group from output port.
[WARNING STA-1212] /exp/build/pdk/asap7_rvt_tt.lib line 865904, timing group from output port.
[WARNING STA-1212] /exp/build/pdk/asap7_rvt_tt.lib line 865937, timing group from output port.
[WARNING STA-1212] /exp/build/pdk/asap7_rvt_tt.lib line 867333, timing group from output port.
[WARNING STA-1212] /exp/build/pdk/asap7_rvt_tt.lib line 867366, timing group from output port.
[WARNING STA-1212] /exp/build/pdk/asap7_rvt_tt.lib line 867399, timing group from output port.
 time 1ps
 capacitance 1fF
 resistance 1kohm
 voltage 1v
 current 1mA
 power 1pW
 distance 1um
Startpoint: a[9] (input port clocked by virtual)
Endpoint: y[7] (output port clocked by virtual)
Path Group: virtual
Path Type: max

      Delay        Time   Description
-----------------------------------------------------------------
   0.000000    0.000000   clock virtual (rise edge)
   0.000000    0.000000   clock network delay (ideal)
   0.000000    0.000000 v input external delay
   0.000000    0.000000 v a[9] (in)
  60.101883   60.101883 v _0576_/Y (OR5x1_ASAP7_75t_R)
  20.277473   80.379356 ^ _0621_/Y (NAND2xp5_ASAP7_75t_R)
  26.893688  107.273048 ^ _0623_/Y (XNOR2xp5_ASAP7_75t_R)
  33.471428  140.744476 ^ _0653_/Y (XOR2xp5_ASAP7_75t_R)
  42.521957  183.266434 v _0654_/Y (XNOR2x2_ASAP7_75t_R)
  27.486389  210.752823 v _0683_/Y (XOR2x1_ASAP7_75t_R)
  20.876038  231.628860 ^ _0684_/Y (XNOR2x1_ASAP7_75t_R)
  28.316072  259.944916 ^ _0749_/Y (XNOR2x1_ASAP7_75t_R)
  28.198250  288.143188 ^ _0750_/Y (XNOR2x1_ASAP7_75t_R)
  44.562550  332.705719 v _0754_/Y (XNOR2x2_ASAP7_75t_R)
  39.188347  371.894073 ^ _0757_/Y (A2O1A1O1Ixp25_ASAP7_75t_R)
  40.592335  412.486420 v _0764_/Y (O2A1O1Ixp5_ASAP7_75t_R)
  56.448097  468.934509 ^ _0789_/Y (O2A1O1Ixp5_ASAP7_75t_R)
  40.916050  509.850555 ^ _0809_/Y (OA21x2_ASAP7_75t_R)
  29.075188  538.925720 v _0810_/Y (NAND4xp75_ASAP7_75t_R)
  31.315617  570.241333 v _0828_/Y (BUFx6f_ASAP7_75t_R)
  36.572578  606.813965 ^ _0843_/Y (NOR4xp25_ASAP7_75t_R)
  25.209780  632.023743 v _0849_/Y (NOR4xp25_ASAP7_75t_R)
  28.406000  660.429688 ^ _0854_/Y (AOI311xp33_ASAP7_75t_R)
  36.367908  696.797607 v _0880_/Y (A2O1A1O1Ixp25_ASAP7_75t_R)
  33.602676  730.400269 v _0886_/Y (XOR2xp5_ASAP7_75t_R)
  50.238258  780.638550 ^ _0902_/Y (O2A1O1Ixp5_ASAP7_75t_R)
  24.680923  805.319458 v _1048_/Y (AOI211xp5_ASAP7_75t_R)
  45.454140  850.773621 ^ _1049_/Y (AOI21xp33_ASAP7_75t_R)
  35.141556  885.915161 v _1071_/Y (NAND4xp75_ASAP7_75t_R)
  32.512661  918.427856 ^ _1118_/Y (NOR4xp75_ASAP7_75t_R)
  29.714508  948.142334 ^ _1129_/Y (AND2x2_ASAP7_75t_R)
   9.826584  957.968933 v _1133_/Y (AOI21xp33_ASAP7_75t_R)
  64.631523 1022.600464 ^ _1134_/Y (A2O1A1O1Ixp25_ASAP7_75t_R)
   0.000000 1022.600464 ^ y[7] (out)
            1022.600464   data arrival time

 700.000000  700.000000   clock virtual (rise edge)
   0.000000  700.000000   clock network delay (ideal)
   0.000000  700.000000   clock reconvergence pessimism
   0.000000  700.000000   output external delay
             700.000000   data required time
-----------------------------------------------------------------
             700.000000   data required time
            -1022.600464   data arrival time
-----------------------------------------------------------------
            -322.600433   slack (VIOLATED)


Group                       Internal       Switching         Leakage           Total
                               Power           Power           Power           Power (Watts)
------------------------------------------------------------------------------------
Sequential           0.000000000e+00 0.000000000e+00 0.000000000e+00 0.000000000e+00   0.0%
Combinational        1.227331231e-04 2.199477749e-04 2.758304340e-08 3.427084885e-04 100.0%
Clock                0.000000000e+00 0.000000000e+00 0.000000000e+00 0.000000000e+00   0.0%
Macro                0.000000000e+00 0.000000000e+00 0.000000000e+00 0.000000000e+00   0.0%
Pad                  0.000000000e+00 0.000000000e+00 0.000000000e+00 0.000000000e+00   0.0%
------------------------------------------------------------------------------------
Total                1.227331231e-04 2.199477749e-04 2.758304340e-08 3.427084885e-04 100.0%
                               35.8%           64.2%            0.0%
