["docker", "run", "--rm", "--network", "none", "--mount", "type=bind,source=C:\\Users\\User\\Desktop\\agent_workspace\\npu\\npu_repo_in_pynq\\exp\\fp32_multipier,target=/exp", "--mount", "type=bind,source=C:\\Users\\User\\Desktop\\agent_workspace\\npu\\npu_repo_in_pynq\\external\\OpenROAD-flow-scripts\\flow\\platforms\\asap7,target=/pdk,readonly", "--entrypoint", "bash", "openroad/orfs@sha256:7f9c688e71cd49379b9e9a45a4558724e3eda501eaaaf11bc9b77382a3fe647b", "-lc", "source /OpenROAD-flow-scripts/env.sh && openroad -exit /exp/runs/018_packed/sta.tcl"]
OPENROAD: /OpenROAD-flow-scripts/tools/OpenROAD
OpenROAD unknown 
Features included (+) or not (-): -GPU +GUI -Python
This program is licensed under the BSD-3 license. See the LICENSE file for details.
Components of this program may be licensed under more restrictive licenses which must be honored.
[INFO ODB-0227] LEF file: /pdk/lef/asap7_tech_1x_201209.lef, created 30 layers, 9 vias
[INFO ODB-0227] LEF file: /pdk/lef/asap7sc7p5t_28_R_1x_220121a.lef, created 212 library cells
[WARNING STA-1212] /exp/build/pdk/asap7_rvt_tt.lib line 865739, timing group from output port.
[WARNING STA-1212] /exp/build/pdk/asap7_rvt_tt.lib line 865772, timing group from output port.
[WARNING STA-1212] /exp/build/pdk/asap7_rvt_tt.lib line 865805, timing group from output port.
[WARNING STA-1212] /exp/build/pdk/asap7_rvt_tt.lib line 865838, timing group from output port.
[WARNING STA-1212] /exp/build/pdk/asap7_rvt_tt.lib line 865871, timing group from output port.
[WARNING STA-1212] /exp/build/pdk/asap7_rvt_tt.lib line 865904, timing group from output port.
[WARNING STA-1212] /exp/build/pdk/asap7_rvt_tt.lib line 865937, timing group from output port.
[WARNING STA-1212] /exp/build/pdk/asap7_rvt_tt.lib line 867333, timing group from output port.
[WARNING STA-1212] /exp/build/pdk/asap7_rvt_tt.lib line 867366, timing group from output port.
[WARNING STA-1212] /exp/build/pdk/asap7_rvt_tt.lib line 867399, timing group from output port.
 time 1ps
 capacitance 1fF
 resistance 1kohm
 voltage 1v
 current 1mA
 power 1pW
 distance 1um
Startpoint: a[9] (input port clocked by virtual)
Endpoint: y[9] (output port clocked by virtual)
Path Group: virtual
Path Type: max

      Delay        Time   Description
-----------------------------------------------------------------
   0.000000    0.000000   clock virtual (rise edge)
   0.000000    0.000000   clock network delay (ideal)
   0.000000    0.000000 v input external delay
   0.000000    0.000000 v a[9] (in)
  77.945961   77.945961 ^ _0516_/Y (NOR5xp2_ASAP7_75t_R)
  37.996788  115.942749 v _0575_/Y (OAI21xp33_ASAP7_75t_R)
  39.704899  155.647644 v _0602_/Y (AO22x1_ASAP7_75t_R)
  23.365713  179.013367 v _0605_/Y (AO21x1_ASAP7_75t_R)
  26.584055  205.597412 ^ _0642_/Y (AOI21xp33_ASAP7_75t_R)
  29.702837  235.300247 v _0646_/Y (OAI21xp33_ASAP7_75t_R)
  33.010067  268.310333 ^ _0673_/Y (AOI21xp33_ASAP7_75t_R)
  33.621994  301.932312 v _0677_/Y (OAI21xp33_ASAP7_75t_R)
  30.219160  332.151489 ^ _0678_/Y (NAND3xp33_ASAP7_75t_R)
  31.684183  363.835663 v _0712_/Y (NAND5xp2_ASAP7_75t_R)
  31.939146  395.774811 ^ _0717_/Y (A2O1A1O1Ixp25_ASAP7_75t_R)
  29.731106  425.505920 v _0719_/Y (O2A1O1Ixp33_ASAP7_75t_R)
  64.298012  489.803925 ^ _0730_/Y (XNOR2xp5_ASAP7_75t_R)
  44.698467  534.502380 v _0738_/Y (OAI211xp5_ASAP7_75t_R)
  93.118843  627.621216 ^ _0752_/Y (NOR5xp2_ASAP7_75t_R)
  36.169735  663.790955 ^ _0789_/Y (OR3x1_ASAP7_75t_R)
  32.650604  696.441589 v _0790_/Y (OAI31xp33_ASAP7_75t_R)
  47.717831  744.159424 ^ _0811_/Y (O2A1O1Ixp33_ASAP7_75t_R)
  50.693562  794.852966 v _0815_/Y (A2O1A1O1Ixp25_ASAP7_75t_R)
  43.141933  837.994873 ^ _0828_/Y (MAJIxp5_ASAP7_75t_R)
  22.229662  860.224548 v _0901_/Y (NOR3xp33_ASAP7_75t_R)
  54.406536  914.631104 ^ _0917_/Y (NOR4xp25_ASAP7_75t_R)
  56.827930  971.459045 v _0976_/Y (NAND4xp25_ASAP7_75t_R)
 103.109741 1074.568726 ^ _1019_/Y (NOR5xp2_ASAP7_75t_R)
  28.569923 1103.138672 v _1027_/Y (A2O1A1Ixp33_ASAP7_75t_R)
  63.942852 1167.081543 ^ _1028_/Y (OAI21xp33_ASAP7_75t_R)
   0.000000 1167.081543 ^ y[9] (out)
            1167.081543   data arrival time

1200.000000 1200.000000   clock virtual (rise edge)
   0.000000 1200.000000   clock network delay (ideal)
   0.000000 1200.000000   clock reconvergence pessimism
   0.000000 1200.000000   output external delay
            1200.000000   data required time
-----------------------------------------------------------------
            1200.000000   data required time
            -1167.081543   data arrival time
-----------------------------------------------------------------
              32.918446   slack (MET)


Group                       Internal       Switching         Leakage           Total
                               Power           Power           Power           Power (Watts)
------------------------------------------------------------------------------------
Sequential           0.000000000e+00 0.000000000e+00 0.000000000e+00 0.000000000e+00   0.0%
Combinational        5.758941916e-05 1.154880229e-04 2.531365695e-08 1.731027587e-04 100.0%
Clock                0.000000000e+00 0.000000000e+00 0.000000000e+00 0.000000000e+00   0.0%
Macro                0.000000000e+00 0.000000000e+00 0.000000000e+00 0.000000000e+00   0.0%
Pad                  0.000000000e+00 0.000000000e+00 0.000000000e+00 0.000000000e+00   0.0%
------------------------------------------------------------------------------------
Total                5.758941916e-05 1.154880229e-04 2.531365695e-08 1.731027587e-04 100.0%
                               33.3%           66.7%            0.0%
