["docker", "run", "--rm", "--network", "none", "--mount", "type=bind,source=C:\\Users\\User\\Desktop\\agent_workspace\\npu\\npu_repo_in_pynq\\exp\\fp32_multipier,target=/exp", "--mount", "type=bind,source=C:\\Users\\User\\Desktop\\agent_workspace\\npu\\npu_repo_in_pynq\\external\\OpenROAD-flow-scripts\\flow\\platforms\\asap7,target=/pdk,readonly", "--entrypoint", "bash", "openroad/orfs@sha256:7f9c688e71cd49379b9e9a45a4558724e3eda501eaaaf11bc9b77382a3fe647b", "-lc", "source /OpenROAD-flow-scripts/env.sh && openroad -exit /exp/runs/028_parallel_csa/sta.tcl"]
OPENROAD: /OpenROAD-flow-scripts/tools/OpenROAD
OpenROAD unknown 
Features included (+) or not (-): -GPU +GUI -Python
This program is licensed under the BSD-3 license. See the LICENSE file for details.
Components of this program may be licensed under more restrictive licenses which must be honored.
[INFO ODB-0227] LEF file: /pdk/lef/asap7_tech_1x_201209.lef, created 30 layers, 9 vias
[INFO ODB-0227] LEF file: /pdk/lef/asap7sc7p5t_28_R_1x_220121a.lef, created 212 library cells
[WARNING STA-1212] /exp/build/pdk/asap7_rvt_tt.lib line 865739, timing group from output port.
[WARNING STA-1212] /exp/build/pdk/asap7_rvt_tt.lib line 865772, timing group from output port.
[WARNING STA-1212] /exp/build/pdk/asap7_rvt_tt.lib line 865805, timing group from output port.
[WARNING STA-1212] /exp/build/pdk/asap7_rvt_tt.lib line 865838, timing group from output port.
[WARNING STA-1212] /exp/build/pdk/asap7_rvt_tt.lib line 865871, timing group from output port.
[WARNING STA-1212] /exp/build/pdk/asap7_rvt_tt.lib line 865904, timing group from output port.
[WARNING STA-1212] /exp/build/pdk/asap7_rvt_tt.lib line 865937, timing group from output port.
[WARNING STA-1212] /exp/build/pdk/asap7_rvt_tt.lib line 867333, timing group from output port.
[WARNING STA-1212] /exp/build/pdk/asap7_rvt_tt.lib line 867366, timing group from output port.
[WARNING STA-1212] /exp/build/pdk/asap7_rvt_tt.lib line 867399, timing group from output port.
 time 1ps
 capacitance 1fF
 resistance 1kohm
 voltage 1v
 current 1mA
 power 1pW
 distance 1um
Startpoint: a[9] (input port clocked by virtual)
Endpoint: y[10] (output port clocked by virtual)
Path Group: virtual
Path Type: max

      Delay        Time   Description
-----------------------------------------------------------------
   0.000000    0.000000   clock virtual (rise edge)
   0.000000    0.000000   clock network delay (ideal)
   0.000000    0.000000 v input external delay
   0.000000    0.000000 v a[9] (in)
  52.496605   52.496605 v _0574_/Y (OR5x1_ASAP7_75t_R)
  28.675014   81.171616 v _0575_/Y (BUFx3_ASAP7_75t_R)
  20.264574  101.436195 v _0646_/Y (AND3x1_ASAP7_75t_R)
  21.294327  122.730522 ^ _0647_/Y (OAI21xp5_ASAP7_75t_R)
  30.114799  152.845322 v _0654_/Y (AOI21xp5_ASAP7_75t_R)
  44.757683  197.602997 v _0687_/Y (OR4x1_ASAP7_75t_R)
  21.505144  219.108154 v _0692_/Y (AND3x1_ASAP7_75t_R)
  37.807533  256.915680 ^ _0693_/Y (NOR3xp33_ASAP7_75t_R)
  25.654507  282.570190 v _0768_/Y (OAI21xp5_ASAP7_75t_R)
  32.151863  314.722046 v _0769_/Y (XNOR2xp5_ASAP7_75t_R)
  22.368662  337.090729 ^ _0770_/Y (A2O1A1Ixp33_ASAP7_75t_R)
  35.151241  372.241974 v _0778_/Y (A2O1A1O1Ixp25_ASAP7_75t_R)
  41.795429  414.037384 ^ _0789_/Y (OAI211xp5_ASAP7_75t_R)
  46.695038  460.732422 v _0810_/Y (OAI211xp5_ASAP7_75t_R)
  82.610893  543.343323 ^ _0814_/Y (NOR5xp2_ASAP7_75t_R)
  52.772842  596.116150 v _0819_/Y (NOR3xp33_ASAP7_75t_R)
  33.459679  629.575867 v _0873_/Y (AO21x1_ASAP7_75t_R)
  20.159595  649.735413 ^ _0877_/Y (A2O1A1Ixp33_ASAP7_75t_R)
  27.193691  676.929138 v _0926_/Y (A2O1A1Ixp33_ASAP7_75t_R)
  38.429928  715.359070 ^ _0999_/Y (OAI21xp33_ASAP7_75t_R)
  44.837357  760.196411 v _1001_/Y (AOI31xp67_ASAP7_75t_R)
  37.525318  797.721741 v _1038_/Y (OA21x2_ASAP7_75t_R)
  24.666103  822.387817 ^ _1064_/Y (NOR4xp75_ASAP7_75t_R)
  42.030491  864.418335 ^ _1112_/Y (AND4x1_ASAP7_75t_R)
  45.089432  909.507751 ^ _1139_/Y (AND5x1_ASAP7_75t_R)
  23.384129  932.891907 ^ _1143_/Y (AND2x2_ASAP7_75t_R)
  43.185898  976.077759 v _1147_/Y (A2O1A1Ixp33_ASAP7_75t_R)
   0.000000  976.077759 v y[10] (out)
             976.077759   data arrival time

 700.000000  700.000000   clock virtual (rise edge)
   0.000000  700.000000   clock network delay (ideal)
   0.000000  700.000000   clock reconvergence pessimism
   0.000000  700.000000   output external delay
             700.000000   data required time
-----------------------------------------------------------------
             700.000000   data required time
            -976.077759   data arrival time
-----------------------------------------------------------------
            -276.077759   slack (VIOLATED)


Group                       Internal       Switching         Leakage           Total
                               Power           Power           Power           Power (Watts)
------------------------------------------------------------------------------------
Sequential           0.000000000e+00 0.000000000e+00 0.000000000e+00 0.000000000e+00   0.0%
Combinational        1.215240409e-04 2.345485118e-04 2.860185688e-08 3.561011690e-04 100.0%
Clock                0.000000000e+00 0.000000000e+00 0.000000000e+00 0.000000000e+00   0.0%
Macro                0.000000000e+00 0.000000000e+00 0.000000000e+00 0.000000000e+00   0.0%
Pad                  0.000000000e+00 0.000000000e+00 0.000000000e+00 0.000000000e+00   0.0%
------------------------------------------------------------------------------------
Total                1.215240409e-04 2.345485118e-04 2.860185688e-08 3.561011690e-04 100.0%
                               34.1%           65.9%            0.0%
