["docker", "run", "--rm", "--network", "none", "--mount", "type=bind,source=C:\\Users\\User\\Desktop\\agent_workspace\\npu\\npu_repo_in_pynq\\exp\\fp32_multipier,target=/exp", "--mount", "type=bind,source=C:\\Users\\User\\Desktop\\agent_workspace\\npu\\npu_repo_in_pynq\\external\\OpenROAD-flow-scripts\\flow\\platforms\\asap7,target=/pdk,readonly", "--entrypoint", "bash", "openroad/orfs@sha256:7f9c688e71cd49379b9e9a45a4558724e3eda501eaaaf11bc9b77382a3fe647b", "-lc", "source /OpenROAD-flow-scripts/env.sh && openroad -exit /exp/runs/017_prenorm/sta.tcl"]
OPENROAD: /OpenROAD-flow-scripts/tools/OpenROAD
OpenROAD unknown 
Features included (+) or not (-): -GPU +GUI -Python
This program is licensed under the BSD-3 license. See the LICENSE file for details.
Components of this program may be licensed under more restrictive licenses which must be honored.
[INFO ODB-0227] LEF file: /pdk/lef/asap7_tech_1x_201209.lef, created 30 layers, 9 vias
[INFO ODB-0227] LEF file: /pdk/lef/asap7sc7p5t_28_R_1x_220121a.lef, created 212 library cells
[WARNING STA-1212] /exp/build/pdk/asap7_rvt_tt.lib line 865739, timing group from output port.
[WARNING STA-1212] /exp/build/pdk/asap7_rvt_tt.lib line 865772, timing group from output port.
[WARNING STA-1212] /exp/build/pdk/asap7_rvt_tt.lib line 865805, timing group from output port.
[WARNING STA-1212] /exp/build/pdk/asap7_rvt_tt.lib line 865838, timing group from output port.
[WARNING STA-1212] /exp/build/pdk/asap7_rvt_tt.lib line 865871, timing group from output port.
[WARNING STA-1212] /exp/build/pdk/asap7_rvt_tt.lib line 865904, timing group from output port.
[WARNING STA-1212] /exp/build/pdk/asap7_rvt_tt.lib line 865937, timing group from output port.
[WARNING STA-1212] /exp/build/pdk/asap7_rvt_tt.lib line 867333, timing group from output port.
[WARNING STA-1212] /exp/build/pdk/asap7_rvt_tt.lib line 867366, timing group from output port.
[WARNING STA-1212] /exp/build/pdk/asap7_rvt_tt.lib line 867399, timing group from output port.
 time 1ps
 capacitance 1fF
 resistance 1kohm
 voltage 1v
 current 1mA
 power 1pW
 distance 1um
Startpoint: b[9] (input port clocked by virtual)
Endpoint: y[0] (output port clocked by virtual)
Path Group: virtual
Path Type: max

      Delay        Time   Description
-----------------------------------------------------------------
   0.000000    0.000000   clock virtual (rise edge)
   0.000000    0.000000   clock network delay (ideal)
   0.000000    0.000000 v input external delay
   0.000000    0.000000 v b[9] (in)
 132.544235  132.544235 ^ _0550_/Y (NOR5xp2_ASAP7_75t_R)
  81.475288  214.019531 v _0562_/Y (NAND2xp33_ASAP7_75t_R)
  73.052673  287.072205 ^ _0629_/Y (OAI22xp33_ASAP7_75t_R)
  48.403255  335.475464 v _0636_/Y (OAI21xp33_ASAP7_75t_R)
  38.596210  374.071655 v _0673_/Y (XNOR2xp5_ASAP7_75t_R)
  35.073692  409.145355 v _0713_/Y (XNOR2xp5_ASAP7_75t_R)
  30.799086  439.944458 v _0722_/Y (XNOR2xp5_ASAP7_75t_R)
  28.903408  468.847839 v _0754_/Y (XOR2xp5_ASAP7_75t_R)
  30.808468  499.656311 v _0756_/Y (XNOR2xp5_ASAP7_75t_R)
  33.793858  533.450195 v _0781_/Y (XNOR2xp5_ASAP7_75t_R)
  31.173620  564.623779 v _0783_/Y (XNOR2xp5_ASAP7_75t_R)
  35.062008  599.685791 ^ _0802_/Y (XNOR2xp5_ASAP7_75t_R)
  34.158955  633.844727 v _0811_/Y (MAJIxp5_ASAP7_75t_R)
  47.385651  681.230408 ^ _0814_/Y (A2O1A1O1Ixp25_ASAP7_75t_R)
  41.418591  722.648987 ^ _0815_/Y (AO211x2_ASAP7_75t_R)
  42.873093  765.522095 v _0817_/Y (A2O1A1Ixp33_ASAP7_75t_R)
 126.554604  892.076721 ^ _0818_/Y (NOR2xp33_ASAP7_75t_R)
  44.243000  936.319702 v _0882_/Y (O2A1O1Ixp33_ASAP7_75t_R)
  38.468784  974.788452 ^ _0883_/Y (NOR2xp33_ASAP7_75t_R)
  29.355185 1004.143677 v _0892_/Y (AOI311xp33_ASAP7_75t_R)
  50.613625 1054.757324 ^ _0893_/Y (AOI21xp33_ASAP7_75t_R)
  52.058804 1106.816040 v _0932_/Y (NAND5xp2_ASAP7_75t_R)
  79.366180 1186.182251 ^ _0933_/Y (NOR4xp25_ASAP7_75t_R)
  29.824587 1216.006836 ^ _0942_/Y (OR4x1_ASAP7_75t_R)
  48.471783 1264.478638 v _0943_/Y (A2O1A1Ixp33_ASAP7_75t_R)
  85.669136 1350.147827 ^ _0984_/Y (AOI31xp33_ASAP7_75t_R)
   0.000000 1350.147827 ^ y[0] (out)
            1350.147827   data arrival time

1200.000000 1200.000000   clock virtual (rise edge)
   0.000000 1200.000000   clock network delay (ideal)
   0.000000 1200.000000   clock reconvergence pessimism
   0.000000 1200.000000   output external delay
            1200.000000   data required time
-----------------------------------------------------------------
            1200.000000   data required time
            -1350.147827   data arrival time
-----------------------------------------------------------------
            -150.147781   slack (VIOLATED)


Group                       Internal       Switching         Leakage           Total
                               Power           Power           Power           Power (Watts)
------------------------------------------------------------------------------------
Sequential           0.000000000e+00 0.000000000e+00 0.000000000e+00 0.000000000e+00   0.0%
Combinational        8.086733578e-05 1.311073720e-04 2.309579905e-08 2.119978017e-04 100.0%
Clock                0.000000000e+00 0.000000000e+00 0.000000000e+00 0.000000000e+00   0.0%
Macro                0.000000000e+00 0.000000000e+00 0.000000000e+00 0.000000000e+00   0.0%
Pad                  0.000000000e+00 0.000000000e+00 0.000000000e+00 0.000000000e+00   0.0%
------------------------------------------------------------------------------------
Total                8.086733578e-05 1.311073720e-04 2.309579905e-08 2.119978017e-04 100.0%
                               38.1%           61.8%            0.0%
