["docker", "run", "--rm", "--network", "none", "--mount", "type=bind,source=C:\\Users\\User\\Desktop\\agent_workspace\\npu\\npu_repo_in_pynq\\exp\\fp32_multipier,target=/exp", "--mount", "type=bind,source=C:\\Users\\User\\Desktop\\agent_workspace\\npu\\npu_repo_in_pynq\\external\\OpenROAD-flow-scripts\\flow\\platforms\\asap7,target=/pdk,readonly", "--entrypoint", "bash", "openroad/orfs@sha256:7f9c688e71cd49379b9e9a45a4558724e3eda501eaaaf11bc9b77382a3fe647b", "-lc", "source /OpenROAD-flow-scripts/env.sh && openroad -exit /exp/runs/032_baseline_sized/sta.tcl"]
OPENROAD: /OpenROAD-flow-scripts/tools/OpenROAD
OpenROAD unknown 
Features included (+) or not (-): -GPU +GUI -Python
This program is licensed under the BSD-3 license. See the LICENSE file for details.
Components of this program may be licensed under more restrictive licenses which must be honored.
[INFO ODB-0227] LEF file: /pdk/lef/asap7_tech_1x_201209.lef, created 30 layers, 9 vias
[INFO ODB-0227] LEF file: /pdk/lef/asap7sc7p5t_28_R_1x_220121a.lef, created 212 library cells
[WARNING STA-1212] /exp/build/pdk/asap7_rvt_tt.lib line 865739, timing group from output port.
[WARNING STA-1212] /exp/build/pdk/asap7_rvt_tt.lib line 865772, timing group from output port.
[WARNING STA-1212] /exp/build/pdk/asap7_rvt_tt.lib line 865805, timing group from output port.
[WARNING STA-1212] /exp/build/pdk/asap7_rvt_tt.lib line 865838, timing group from output port.
[WARNING STA-1212] /exp/build/pdk/asap7_rvt_tt.lib line 865871, timing group from output port.
[WARNING STA-1212] /exp/build/pdk/asap7_rvt_tt.lib line 865904, timing group from output port.
[WARNING STA-1212] /exp/build/pdk/asap7_rvt_tt.lib line 865937, timing group from output port.
[WARNING STA-1212] /exp/build/pdk/asap7_rvt_tt.lib line 867333, timing group from output port.
[WARNING STA-1212] /exp/build/pdk/asap7_rvt_tt.lib line 867366, timing group from output port.
[WARNING STA-1212] /exp/build/pdk/asap7_rvt_tt.lib line 867399, timing group from output port.
 time 1ps
 capacitance 1fF
 resistance 1kohm
 voltage 1v
 current 1mA
 power 1pW
 distance 1um
Startpoint: a[9] (input port clocked by virtual)
Endpoint: y[1] (output port clocked by virtual)
Path Group: virtual
Path Type: max

      Delay        Time   Description
-----------------------------------------------------------------
   0.000000    0.000000   clock virtual (rise edge)
   0.000000    0.000000   clock network delay (ideal)
   0.000000    0.000000 v input external delay
   0.000000    0.000000 v a[9] (in)
  62.870079   62.870079 v _0550_/Y (OR5x1_ASAP7_75t_R)
  23.766842   86.636917 ^ _0555_/Y (NAND2xp5_ASAP7_75t_R)
  28.786404  115.423325 ^ _0557_/Y (XOR2x2_ASAP7_75t_R)
  26.312757  141.736084 ^ _0662_/Y (XOR2xp5_ASAP7_75t_R)
  41.682449  183.418533 v _0663_/Y (XNOR2x2_ASAP7_75t_R)
  24.571110  207.989639 v _0664_/Y (XNOR2xp5_ASAP7_75t_R)
  32.467430  240.457077 v _0665_/Y (XNOR2xp5_ASAP7_75t_R)
  28.551079  269.008148 v _0666_/Y (XOR2xp5_ASAP7_75t_R)
  30.960567  299.968719 v _0667_/Y (XNOR2xp5_ASAP7_75t_R)
  30.426218  330.394928 v _0668_/Y (XOR2xp5_ASAP7_75t_R)
  57.770676  388.165619 ^ _0707_/Y (A2O1A1O1Ixp25_ASAP7_75t_R)
  46.366966  434.532593 v _0714_/Y (O2A1O1Ixp5_ASAP7_75t_R)
  49.657055  484.189636 ^ _0747_/Y (O2A1O1Ixp5_ASAP7_75t_R)
  32.044312  516.233948 v _0781_/Y (OAI21xp5_ASAP7_75t_R)
  39.888649  556.122620 ^ _0782_/Y (O2A1O1Ixp5_ASAP7_75t_R)
  37.525982  593.648560 v _0784_/Y (AOI211x1_ASAP7_75t_R)
  38.590187  632.238770 v _0785_/Y (MAJx2_ASAP7_75t_R)
  56.801674  689.040466 ^ _0793_/Y (A2O1A1O1Ixp25_ASAP7_75t_R)
  34.814320  723.854736 v _0812_/Y (NOR2x1p5_ASAP7_75t_R)
  57.212955  781.067688 ^ _0818_/Y (OAI211xp5_ASAP7_75t_R)
  35.008717  816.076416 v _0832_/Y (NAND2x1_ASAP7_75t_R)
  55.003780  871.080200 ^ _0945_/Y (NOR5xp2_ASAP7_75t_R)
  33.528069  904.608276 v _0953_/Y (NOR4xp25_ASAP7_75t_R)
  36.011082  940.619385 ^ _0957_/Y (NOR5xp2_ASAP7_75t_R)
  21.005419  961.624756 v _0963_/Y (AOI311xp33_ASAP7_75t_R)
  16.126101  977.750854 ^ _0973_/Y (AOI21xp5_ASAP7_75t_R)
  15.267010  993.017883 v _0974_/Y (AOI21xp5_ASAP7_75t_R)
  21.041613 1014.059509 ^ _0986_/Y (OAI22x1_ASAP7_75t_R)
  17.440937 1031.500488 v _1006_/Y (NAND3x1_ASAP7_75t_R)
  49.618530 1081.119019 v _1007_/Y (OR4x1_ASAP7_75t_R)
  25.083158 1106.202148 ^ _1011_/Y (NOR3x1_ASAP7_75t_R)
  53.631542 1159.833618 v _1015_/Y (NAND5xp2_ASAP7_75t_R)
  59.368176 1219.201904 v _1026_/Y (OA211x2_ASAP7_75t_R)
  34.402370 1253.604248 ^ _1027_/Y (OAI31xp67_ASAP7_75t_R)
  42.750248 1296.354492 v _1037_/Y (O2A1O1Ixp5_ASAP7_75t_R)
   0.000000 1296.354492 v y[1] (out)
            1296.354492   data arrival time

 700.000000  700.000000   clock virtual (rise edge)
   0.000000  700.000000   clock network delay (ideal)
   0.000000  700.000000   clock reconvergence pessimism
   0.000000  700.000000   output external delay
             700.000000   data required time
-----------------------------------------------------------------
             700.000000   data required time
            -1296.354492   data arrival time
-----------------------------------------------------------------
            -596.354492   slack (VIOLATED)


Group                       Internal       Switching         Leakage           Total
                               Power           Power           Power           Power (Watts)
------------------------------------------------------------------------------------
Sequential           0.000000000e+00 0.000000000e+00 0.000000000e+00 0.000000000e+00   0.0%
Combinational        1.598332601e-04 2.589828509e-04 2.725275650e-08 4.188433522e-04 100.0%
Clock                0.000000000e+00 0.000000000e+00 0.000000000e+00 0.000000000e+00   0.0%
Macro                0.000000000e+00 0.000000000e+00 0.000000000e+00 0.000000000e+00   0.0%
Pad                  0.000000000e+00 0.000000000e+00 0.000000000e+00 0.000000000e+00   0.0%
------------------------------------------------------------------------------------
Total                1.598332601e-04 2.589828509e-04 2.725275650e-08 4.188433522e-04 100.0%
                               38.2%           61.8%            0.0%
