["docker", "run", "--rm", "--network", "none", "--mount", "type=bind,source=C:\\Users\\User\\Desktop\\agent_workspace\\npu\\worktrees\\npu-issue77-a\\exp\\fp16_adder,target=/exp", "--mount", "type=bind,source=C:\\Users\\User\\Desktop\\agent_workspace\\npu\\npu_repo_in_pynq\\external\\OpenROAD-flow-scripts\\flow\\platforms\\asap7,target=/pdk,readonly", "--entrypoint", "bash", "openroad/orfs@sha256:7f9c688e71cd49379b9e9a45a4558724e3eda501eaaaf11bc9b77382a3fe647b", "-lc", "source /OpenROAD-flow-scripts/env.sh && openroad -exit /exp/runs/010_shared_1600/sta.tcl"]
OPENROAD: /OpenROAD-flow-scripts/tools/OpenROAD
OpenROAD unknown 
Features included (+) or not (-): -GPU +GUI -Python
This program is licensed under the BSD-3 license. See the LICENSE file for details.
Components of this program may be licensed under more restrictive licenses which must be honored.
[INFO ODB-0227] LEF file: /pdk/lef/asap7_tech_1x_201209.lef, created 30 layers, 9 vias
[INFO ODB-0227] LEF file: /pdk/lef/asap7sc7p5t_28_R_1x_220121a.lef, created 212 library cells
[WARNING STA-1212] /exp/build/pdk/asap7_rvt_tt.lib line 865739, timing group from output port.
[WARNING STA-1212] /exp/build/pdk/asap7_rvt_tt.lib line 865772, timing group from output port.
[WARNING STA-1212] /exp/build/pdk/asap7_rvt_tt.lib line 865805, timing group from output port.
[WARNING STA-1212] /exp/build/pdk/asap7_rvt_tt.lib line 865838, timing group from output port.
[WARNING STA-1212] /exp/build/pdk/asap7_rvt_tt.lib line 865871, timing group from output port.
[WARNING STA-1212] /exp/build/pdk/asap7_rvt_tt.lib line 865904, timing group from output port.
[WARNING STA-1212] /exp/build/pdk/asap7_rvt_tt.lib line 865937, timing group from output port.
[WARNING STA-1212] /exp/build/pdk/asap7_rvt_tt.lib line 867333, timing group from output port.
[WARNING STA-1212] /exp/build/pdk/asap7_rvt_tt.lib line 867366, timing group from output port.
[WARNING STA-1212] /exp/build/pdk/asap7_rvt_tt.lib line 867399, timing group from output port.
 time 1ps
 capacitance 1fF
 resistance 1kohm
 voltage 1v
 current 1mA
 power 1pW
 distance 1um
Startpoint: a[11] (input port clocked by virtual)
Endpoint: y[1] (output port clocked by virtual)
Path Group: virtual
Path Type: max

      Delay        Time   Description
-----------------------------------------------------------------
   0.000000    0.000000   clock virtual (rise edge)
   0.000000    0.000000   clock network delay (ideal)
   0.000000    0.000000 v input external delay
   0.000000    0.000000 v a[11] (in)
  34.178871   34.178871 v _0593_/Y (XOR2x2_ASAP7_75t_R)
  25.854885   60.033756 ^ _0629_/Y (AOI221xp5_ASAP7_75t_R)
  16.299322   76.333076 v _0630_/Y (NAND2xp33_ASAP7_75t_R)
  25.596170  101.929253 ^ _0632_/Y (AOI211xp5_ASAP7_75t_R)
  22.027485  123.956734 v _0633_/Y (A2O1A1Ixp33_ASAP7_75t_R)
  49.209858  173.166595 ^ _0649_/Y (A2O1A1O1Ixp25_ASAP7_75t_R)
  43.778786  216.945374 ^ _0660_/Y (BUFx2_ASAP7_75t_R)
  19.530489  236.475861 v _0662_/Y (O2A1O1Ixp33_ASAP7_75t_R)
  43.778343  280.254211 ^ _0663_/Y (AOI21xp33_ASAP7_75t_R)
  42.986641  323.240845 ^ _0671_/Y (OA31x2_ASAP7_75t_R)
  25.024233  348.265076 ^ _0688_/Y (BUFx3_ASAP7_75t_R)
  29.471758  377.736847 v _0705_/Y (A2O1A1Ixp33_ASAP7_75t_R)
  60.340233  438.077087 ^ _0736_/Y (XNOR2xp5_ASAP7_75t_R)
  44.474648  482.551727 ^ _0762_/Y (BUFx2_ASAP7_75t_R)
  20.719482  503.271210 v _0799_/Y (AOI311xp33_ASAP7_75t_R)
  36.309734  539.580933 v _0808_/Y (OR3x1_ASAP7_75t_R)
  31.560642  571.141602 ^ _0809_/Y (NOR4xp25_ASAP7_75t_R)
  46.940285  618.081848 v _0820_/Y (NAND5xp2_ASAP7_75t_R)
  36.901871  654.983765 ^ _0870_/Y (A2O1A1O1Ixp25_ASAP7_75t_R)
  30.212334  685.196045 v _0878_/Y (O2A1O1Ixp33_ASAP7_75t_R)
  40.241032  725.437073 ^ _0881_/Y (O2A1O1Ixp33_ASAP7_75t_R)
  23.071600  748.508728 v _0883_/Y (OAI21x1_ASAP7_75t_R)
  36.039783  784.548462 ^ _0892_/Y (A2O1A1O1Ixp25_ASAP7_75t_R)
  30.980219  815.528687 v _0893_/Y (NOR2x1_ASAP7_75t_R)
  36.182613  851.711304 ^ _0899_/Y (XNOR2xp5_ASAP7_75t_R)
  39.731941  891.443237 ^ _0919_/Y (AND3x1_ASAP7_75t_R)
  15.997426  907.440674 v _0926_/Y (NAND2x1_ASAP7_75t_R)
  31.983526  939.424194 ^ _0958_/Y (OAI211xp5_ASAP7_75t_R)
  25.921709  965.345947 v _0959_/Y (NOR2xp33_ASAP7_75t_R)
  39.505508 1004.851440 ^ _0977_/Y (O2A1O1Ixp5_ASAP7_75t_R)
  51.827763 1056.679199 v _0978_/Y (NAND3xp33_ASAP7_75t_R)
  45.987434 1102.666626 v _0981_/Y (AND2x2_ASAP7_75t_R)
  29.084623 1131.751221 v _0982_/Y (BUFx2_ASAP7_75t_R)
  29.603653 1161.354858 ^ _1036_/Y (O2A1O1Ixp33_ASAP7_75t_R)
  37.044701 1198.399658 ^ _1039_/Y (OA31x2_ASAP7_75t_R)
  19.270697 1217.670288 v _1040_/Y (NAND2xp33_ASAP7_75t_R)
  46.934902 1264.605225 ^ _1051_/Y (AOI211xp5_ASAP7_75t_R)
  37.537971 1302.143188 v _1068_/Y (NAND3xp33_ASAP7_75t_R)
  50.137005 1352.280151 ^ _1085_/Y (NOR3xp33_ASAP7_75t_R)
  45.566662 1397.846802 ^ _1103_/Y (AND3x1_ASAP7_75t_R)
  40.716209 1438.563110 v _1111_/Y (NAND4xp25_ASAP7_75t_R)
  33.037571 1471.600586 ^ _1112_/Y (XNOR2xp5_ASAP7_75t_R)
  50.782711 1522.383301 v _1145_/Y (OAI211xp5_ASAP7_75t_R)
  93.102638 1615.485962 ^ _1148_/Y (NOR4xp25_ASAP7_75t_R)
   0.000000 1615.485962 ^ y[1] (out)
            1615.485962   data arrival time

1600.000000 1600.000000   clock virtual (rise edge)
   0.000000 1600.000000   clock network delay (ideal)
   0.000000 1600.000000   clock reconvergence pessimism
   0.000000 1600.000000   output external delay
            1600.000000   data required time
-----------------------------------------------------------------
            1600.000000   data required time
            -1615.485962   data arrival time
-----------------------------------------------------------------
             -15.485946   slack (VIOLATED)


Group                       Internal       Switching         Leakage           Total
                               Power           Power           Power           Power (Watts)
------------------------------------------------------------------------------------
Sequential           0.000000000e+00 0.000000000e+00 0.000000000e+00 0.000000000e+00   0.0%
Combinational        8.374109893e-05 1.484524546e-04 2.592465798e-08 2.322194923e-04 100.0%
Clock                0.000000000e+00 0.000000000e+00 0.000000000e+00 0.000000000e+00   0.0%
Macro                0.000000000e+00 0.000000000e+00 0.000000000e+00 0.000000000e+00   0.0%
Pad                  0.000000000e+00 0.000000000e+00 0.000000000e+00 0.000000000e+00   0.0%
------------------------------------------------------------------------------------
Total                8.374109893e-05 1.484524546e-04 2.592465798e-08 2.322194923e-04 100.0%
                               36.1%           63.9%            0.0%
