["docker", "run", "--rm", "--network", "none", "--mount", "type=bind,source=C:\\Users\\User\\Desktop\\agent_workspace\\npu\\npu_repo_in_pynq\\exp\\fp32_multipier,target=/exp", "--mount", "type=bind,source=C:\\Users\\User\\Desktop\\agent_workspace\\npu\\npu_repo_in_pynq\\external\\OpenROAD-flow-scripts\\flow\\platforms\\asap7,target=/pdk,readonly", "--entrypoint", "bash", "openroad/orfs@sha256:7f9c688e71cd49379b9e9a45a4558724e3eda501eaaaf11bc9b77382a3fe647b", "-lc", "source /OpenROAD-flow-scripts/env.sh && openroad -exit /exp/runs/015_compact_fast/sta.tcl"]
OPENROAD: /OpenROAD-flow-scripts/tools/OpenROAD
OpenROAD unknown 
Features included (+) or not (-): -GPU +GUI -Python
This program is licensed under the BSD-3 license. See the LICENSE file for details.
Components of this program may be licensed under more restrictive licenses which must be honored.
[INFO ODB-0227] LEF file: /pdk/lef/asap7_tech_1x_201209.lef, created 30 layers, 9 vias
[INFO ODB-0227] LEF file: /pdk/lef/asap7sc7p5t_28_R_1x_220121a.lef, created 212 library cells
[WARNING STA-1212] /exp/build/pdk/asap7_rvt_tt.lib line 865739, timing group from output port.
[WARNING STA-1212] /exp/build/pdk/asap7_rvt_tt.lib line 865772, timing group from output port.
[WARNING STA-1212] /exp/build/pdk/asap7_rvt_tt.lib line 865805, timing group from output port.
[WARNING STA-1212] /exp/build/pdk/asap7_rvt_tt.lib line 865838, timing group from output port.
[WARNING STA-1212] /exp/build/pdk/asap7_rvt_tt.lib line 865871, timing group from output port.
[WARNING STA-1212] /exp/build/pdk/asap7_rvt_tt.lib line 865904, timing group from output port.
[WARNING STA-1212] /exp/build/pdk/asap7_rvt_tt.lib line 865937, timing group from output port.
[WARNING STA-1212] /exp/build/pdk/asap7_rvt_tt.lib line 867333, timing group from output port.
[WARNING STA-1212] /exp/build/pdk/asap7_rvt_tt.lib line 867366, timing group from output port.
[WARNING STA-1212] /exp/build/pdk/asap7_rvt_tt.lib line 867399, timing group from output port.
 time 1ps
 capacitance 1fF
 resistance 1kohm
 voltage 1v
 current 1mA
 power 1pW
 distance 1um
Startpoint: a[6] (input port clocked by virtual)
Endpoint: y[5] (output port clocked by virtual)
Path Group: virtual
Path Type: max

      Delay        Time   Description
-----------------------------------------------------------------
   0.000000    0.000000   clock virtual (rise edge)
   0.000000    0.000000   clock network delay (ideal)
   0.000000    0.000000 v input external delay
   0.000000    0.000000 v a[6] (in)
  19.204514   19.204514 ^ _0981_/Y (NOR2xp33_ASAP7_75t_R)
  51.837563   71.042076 v _0983_/Y (NAND3xp33_ASAP7_75t_R)
  53.423668  124.465744 ^ _1080_/Y (NAND2xp33_ASAP7_75t_R)
  34.805271  159.271011 v _1108_/Y (XOR2x2_ASAP7_75t_R)
  34.920330  194.191345 ^ _1109_/Y (XOR2x2_ASAP7_75t_R)
  35.397449  229.588791 v _1132_/Y (XNOR2x2_ASAP7_75t_R)
  34.791363  264.380157 ^ _1133_/Y (XOR2x2_ASAP7_75t_R)
  35.232399  299.612549 v _1163_/Y (XNOR2x2_ASAP7_75t_R)
  36.812553  336.425110 ^ _1164_/Y (XOR2x2_ASAP7_75t_R)
  36.071648  372.496765 v _1185_/Y (XNOR2x2_ASAP7_75t_R)
  13.652218  386.148987 ^ _1186_/Y (AOI21xp33_ASAP7_75t_R)
  22.237240  408.386230 v _1187_/Y (NOR2xp33_ASAP7_75t_R)
  15.642820  424.029022 ^ _1213_/Y (NOR2xp33_ASAP7_75t_R)
  19.765772  443.794800 v _1214_/Y (NOR2xp33_ASAP7_75t_R)
  14.587304  458.382111 ^ _1215_/Y (INVx1_ASAP7_75t_R)
  16.527613  474.909729 v _1236_/Y (NAND3xp33_ASAP7_75t_R)
  35.315582  510.225311 ^ _1237_/Y (NAND2xp33_ASAP7_75t_R)
  16.382174  526.607483 v _1284_/Y (NAND2xp33_ASAP7_75t_R)
 140.349014  666.956482 ^ _1287_/Y (NAND2xp33_ASAP7_75t_R)
  62.291004  729.247498 v _1304_/Y (INVx1_ASAP7_75t_R)
  60.413342  789.660828 ^ _1305_/Y (NAND2xp33_ASAP7_75t_R)
  42.039818  831.700684 v _1320_/Y (NOR2xp33_ASAP7_75t_R)
  27.719549  859.420227 ^ _1321_/Y (NAND5xp2_ASAP7_75t_R)
  42.630344  902.050537 ^ _1322_/Y (AND4x2_ASAP7_75t_R)
  30.711988  932.762512 v _1332_/Y (NAND5xp2_ASAP7_75t_R)
  66.486259  999.248779 ^ _1355_/Y (NAND2xp33_ASAP7_75t_R)
  18.100521 1017.349304 v _1356_/Y (INVx1_ASAP7_75t_R)
  42.932991 1060.282349 ^ _1357_/Y (NAND2xp33_ASAP7_75t_R)
  48.605785 1108.888062 v _1360_/Y (XNOR2x2_ASAP7_75t_R)
  26.283752 1135.171875 v _1367_/Y (OR3x1_ASAP7_75t_R)
  24.134140 1159.306030 v _1368_/Y (AND2x2_ASAP7_75t_R)
  22.178593 1181.484619 ^ _1371_/Y (O2A1O1Ixp33_ASAP7_75t_R)
  25.533575 1207.018188 v _1373_/Y (NOR2xp33_ASAP7_75t_R)
  34.762970 1241.781128 ^ _1384_/Y (AOI21xp33_ASAP7_75t_R)
  80.618843 1322.400024 v _1390_/Y (NOR2xp33_ASAP7_75t_R)
  60.907280 1383.307251 ^ _1429_/Y (NAND2xp33_ASAP7_75t_R)
  14.648838 1397.956055 v _1451_/Y (INVx1_ASAP7_75t_R)
 452.630280 1850.586304 ^ _1452_/Y (NOR4xp25_ASAP7_75t_R)
 130.848450 1981.434814 v _1589_/Y (NAND3xp33_ASAP7_75t_R)
  53.996807 2035.431641 ^ _1677_/Y (NOR3xp33_ASAP7_75t_R)
  25.995428 2061.427002 v _1718_/Y (NOR4xp25_ASAP7_75t_R)
 108.913101 2170.340088 ^ _1827_/Y (NOR5xp2_ASAP7_75t_R)
  89.322990 2259.663086 v _1861_/Y (AOI21xp33_ASAP7_75t_R)
  43.589798 2303.252930 ^ _1873_/Y (OAI21xp33_ASAP7_75t_R)
  36.559643 2339.812500 v _1878_/Y (NOR2xp33_ASAP7_75t_R)
  53.361317 2393.173828 ^ _1917_/Y (AOI31xp33_ASAP7_75t_R)
  22.420954 2415.594727 v _1921_/Y (NAND3xp33_ASAP7_75t_R)
  60.415005 2476.009766 ^ _1922_/Y (OAI21xp33_ASAP7_75t_R)
   0.000000 2476.009766 ^ y[5] (out)
            2476.009766   data arrival time

1200.000000 1200.000000   clock virtual (rise edge)
   0.000000 1200.000000   clock network delay (ideal)
   0.000000 1200.000000   clock reconvergence pessimism
   0.000000 1200.000000   output external delay
            1200.000000   data required time
-----------------------------------------------------------------
            1200.000000   data required time
            -2476.009766   data arrival time
-----------------------------------------------------------------
            -1276.009888   slack (VIOLATED)


Group                       Internal       Switching         Leakage           Total
                               Power           Power           Power           Power (Watts)
------------------------------------------------------------------------------------
Sequential           0.000000000e+00 0.000000000e+00 0.000000000e+00 0.000000000e+00   0.0%
Combinational        3.342835116e-04 4.814283457e-04 4.960816113e-08 8.157614502e-04 100.0%
Clock                0.000000000e+00 0.000000000e+00 0.000000000e+00 0.000000000e+00   0.0%
Macro                0.000000000e+00 0.000000000e+00 0.000000000e+00 0.000000000e+00   0.0%
Pad                  0.000000000e+00 0.000000000e+00 0.000000000e+00 0.000000000e+00   0.0%
------------------------------------------------------------------------------------
Total                3.342835116e-04 4.814283457e-04 4.960816113e-08 8.157614502e-04 100.0%
                               41.0%           59.0%            0.0%
