["docker", "run", "--rm", "--network", "none", "--mount", "type=bind,source=C:\\Users\\User\\Desktop\\agent_workspace\\npu\\worktrees\\npu-issue77-a\\exp\\fp16_adder,target=/exp", "--mount", "type=bind,source=C:\\Users\\User\\Desktop\\agent_workspace\\npu\\npu_repo_in_pynq\\external\\OpenROAD-flow-scripts\\flow\\platforms\\asap7,target=/pdk,readonly", "--entrypoint", "bash", "openroad/orfs@sha256:7f9c688e71cd49379b9e9a45a4558724e3eda501eaaaf11bc9b77382a3fe647b", "-lc", "source /OpenROAD-flow-scripts/env.sh && openroad -exit /exp/runs/018_parallel_unconstrained/sta.tcl"]
OPENROAD: /OpenROAD-flow-scripts/tools/OpenROAD
OpenROAD unknown 
Features included (+) or not (-): -GPU +GUI -Python
This program is licensed under the BSD-3 license. See the LICENSE file for details.
Components of this program may be licensed under more restrictive licenses which must be honored.
[INFO ODB-0227] LEF file: /pdk/lef/asap7_tech_1x_201209.lef, created 30 layers, 9 vias
[INFO ODB-0227] LEF file: /pdk/lef/asap7sc7p5t_28_R_1x_220121a.lef, created 212 library cells
[WARNING STA-1212] /exp/build/pdk/asap7_rvt_tt.lib line 865739, timing group from output port.
[WARNING STA-1212] /exp/build/pdk/asap7_rvt_tt.lib line 865772, timing group from output port.
[WARNING STA-1212] /exp/build/pdk/asap7_rvt_tt.lib line 865805, timing group from output port.
[WARNING STA-1212] /exp/build/pdk/asap7_rvt_tt.lib line 865838, timing group from output port.
[WARNING STA-1212] /exp/build/pdk/asap7_rvt_tt.lib line 865871, timing group from output port.
[WARNING STA-1212] /exp/build/pdk/asap7_rvt_tt.lib line 865904, timing group from output port.
[WARNING STA-1212] /exp/build/pdk/asap7_rvt_tt.lib line 865937, timing group from output port.
[WARNING STA-1212] /exp/build/pdk/asap7_rvt_tt.lib line 867333, timing group from output port.
[WARNING STA-1212] /exp/build/pdk/asap7_rvt_tt.lib line 867366, timing group from output port.
[WARNING STA-1212] /exp/build/pdk/asap7_rvt_tt.lib line 867399, timing group from output port.
 time 1ps
 capacitance 1fF
 resistance 1kohm
 voltage 1v
 current 1mA
 power 1pW
 distance 1um
Startpoint: a[14] (input port clocked by virtual)
Endpoint: y[14] (output port clocked by virtual)
Path Group: virtual
Path Type: max

      Delay        Time   Description
-----------------------------------------------------------------
   0.000000    0.000000   clock virtual (rise edge)
   0.000000    0.000000   clock network delay (ideal)
   0.000000    0.000000 v input external delay
   0.000000    0.000000 v a[14] (in)
  48.905636   48.905636 ^ _0610_/Y (NOR2xp33_ASAP7_75t_R)
  42.007896   90.913536 v _0612_/Y (NOR2xp33_ASAP7_75t_R)
 158.137253  249.050781 ^ _0652_/Y (A2O1A1O1Ixp25_ASAP7_75t_R)
 274.673553  523.724365 v _0657_/Y (OAI21xp33_ASAP7_75t_R)
  74.609039  598.333374 ^ _0685_/Y (AOI31xp33_ASAP7_75t_R)
  80.227104  678.560486 ^ _0686_/Y (XOR2xp5_ASAP7_75t_R)
  30.592251  709.152710 v _0849_/Y (AOI211xp5_ASAP7_75t_R)
  34.538651  743.691406 ^ _0850_/Y (A2O1A1O1Ixp25_ASAP7_75t_R)
  27.311819  771.003235 v _0851_/Y (NOR2xp33_ASAP7_75t_R)
  35.256798  806.260010 v _0852_/Y (XNOR2xp5_ASAP7_75t_R)
  34.024174  840.284180 v _0888_/Y (XNOR2xp5_ASAP7_75t_R)
  25.204727  865.488892 ^ _0889_/Y (NAND4xp25_ASAP7_75t_R)
  25.263792  890.752686 v _0894_/Y (A2O1A1O1Ixp25_ASAP7_75t_R)
  42.552517  933.305237 ^ _0896_/Y (O2A1O1Ixp33_ASAP7_75t_R)
  33.553383  966.858582 v _0898_/Y (O2A1O1Ixp33_ASAP7_75t_R)
  43.323566 1010.182190 ^ _0901_/Y (OAI311xp33_ASAP7_75t_R)
  27.272295 1037.454468 v _0904_/Y (AOI311xp33_ASAP7_75t_R)
  52.807648 1090.262085 ^ _0905_/Y (OAI21xp33_ASAP7_75t_R)
  56.284088 1146.546143 ^ _0926_/Y (AO211x2_ASAP7_75t_R)
  25.085045 1171.631226 v _0947_/Y (NOR2xp33_ASAP7_75t_R)
  44.204529 1215.835815 v _0957_/Y (OR4x1_ASAP7_75t_R)
  27.748804 1243.584595 v _0966_/Y (OA21x2_ASAP7_75t_R)
  22.020386 1265.604980 v _0980_/Y (AO21x1_ASAP7_75t_R)
  31.084246 1296.689209 v _0982_/Y (OA21x2_ASAP7_75t_R)
  76.049393 1372.738647 ^ _0994_/Y (NOR2xp33_ASAP7_75t_R)
  66.036842 1438.775391 ^ _0996_/Y (OR2x2_ASAP7_75t_R)
  35.356163 1474.131592 v _1034_/Y (OAI21xp33_ASAP7_75t_R)
  29.293123 1503.424683 ^ _1037_/Y (AOI211xp5_ASAP7_75t_R)
  31.271208 1534.695923 v _1039_/Y (AOI22xp33_ASAP7_75t_R)
  59.737328 1594.433228 ^ _1074_/Y (NOR4xp25_ASAP7_75t_R)
  51.849857 1646.283081 v _1095_/Y (NAND3xp33_ASAP7_75t_R)
  54.275806 1700.558960 ^ _1113_/Y (NOR3xp33_ASAP7_75t_R)
  42.168270 1742.727173 v _1132_/Y (NAND3xp33_ASAP7_75t_R)
  48.416714 1791.143921 ^ _1155_/Y (NOR3xp33_ASAP7_75t_R)
  43.884674 1835.028564 v _1164_/Y (NAND4xp25_ASAP7_75t_R)
  36.995296 1872.023926 v _1171_/Y (OA21x2_ASAP7_75t_R)
  54.186878 1926.210693 ^ _1173_/Y (OAI21xp33_ASAP7_75t_R)
   0.000000 1926.210693 ^ y[14] (out)
            1926.210693   data arrival time

1000.000000 1000.000000   clock virtual (rise edge)
   0.000000 1000.000000   clock network delay (ideal)
   0.000000 1000.000000   clock reconvergence pessimism
   0.000000 1000.000000   output external delay
            1000.000000   data required time
-----------------------------------------------------------------
            1000.000000   data required time
            -1926.210693   data arrival time
-----------------------------------------------------------------
            -926.210754   slack (VIOLATED)


Group                       Internal       Switching         Leakage           Total
                               Power           Power           Power           Power (Watts)
------------------------------------------------------------------------------------
Sequential           0.000000000e+00 0.000000000e+00 0.000000000e+00 0.000000000e+00   0.0%
Combinational        1.259709388e-04 2.137691044e-04 2.682735278e-08 3.397668770e-04 100.0%
Clock                0.000000000e+00 0.000000000e+00 0.000000000e+00 0.000000000e+00   0.0%
Macro                0.000000000e+00 0.000000000e+00 0.000000000e+00 0.000000000e+00   0.0%
Pad                  0.000000000e+00 0.000000000e+00 0.000000000e+00 0.000000000e+00   0.0%
------------------------------------------------------------------------------------
Total                1.259709388e-04 2.137691044e-04 2.682735278e-08 3.397668770e-04 100.0%
                               37.1%           62.9%            0.0%
