["docker", "run", "--rm", "--network", "none", "--mount", "type=bind,source=C:\\Users\\User\\Desktop\\agent_workspace\\npu\\worktrees\\npu-issue77-a\\exp\\fp16_adder,target=/exp", "--mount", "type=bind,source=C:\\Users\\User\\Desktop\\agent_workspace\\npu\\npu_repo_in_pynq\\external\\OpenROAD-flow-scripts\\flow\\platforms\\asap7,target=/pdk,readonly", "--entrypoint", "bash", "openroad/orfs@sha256:7f9c688e71cd49379b9e9a45a4558724e3eda501eaaaf11bc9b77382a3fe647b", "-lc", "source /OpenROAD-flow-scripts/env.sh && openroad -exit /exp/runs/023_prefix/sta.tcl"]
OPENROAD: /OpenROAD-flow-scripts/tools/OpenROAD
OpenROAD unknown 
Features included (+) or not (-): -GPU +GUI -Python
This program is licensed under the BSD-3 license. See the LICENSE file for details.
Components of this program may be licensed under more restrictive licenses which must be honored.
[INFO ODB-0227] LEF file: /pdk/lef/asap7_tech_1x_201209.lef, created 30 layers, 9 vias
[INFO ODB-0227] LEF file: /pdk/lef/asap7sc7p5t_28_R_1x_220121a.lef, created 212 library cells
[WARNING STA-1212] /exp/build/pdk/asap7_rvt_tt.lib line 865739, timing group from output port.
[WARNING STA-1212] /exp/build/pdk/asap7_rvt_tt.lib line 865772, timing group from output port.
[WARNING STA-1212] /exp/build/pdk/asap7_rvt_tt.lib line 865805, timing group from output port.
[WARNING STA-1212] /exp/build/pdk/asap7_rvt_tt.lib line 865838, timing group from output port.
[WARNING STA-1212] /exp/build/pdk/asap7_rvt_tt.lib line 865871, timing group from output port.
[WARNING STA-1212] /exp/build/pdk/asap7_rvt_tt.lib line 865904, timing group from output port.
[WARNING STA-1212] /exp/build/pdk/asap7_rvt_tt.lib line 865937, timing group from output port.
[WARNING STA-1212] /exp/build/pdk/asap7_rvt_tt.lib line 867333, timing group from output port.
[WARNING STA-1212] /exp/build/pdk/asap7_rvt_tt.lib line 867366, timing group from output port.
[WARNING STA-1212] /exp/build/pdk/asap7_rvt_tt.lib line 867399, timing group from output port.
 time 1ps
 capacitance 1fF
 resistance 1kohm
 voltage 1v
 current 1mA
 power 1pW
 distance 1um
Startpoint: a[11] (input port clocked by virtual)
Endpoint: y[13] (output port clocked by virtual)
Path Group: virtual
Path Type: max

      Delay        Time   Description
-----------------------------------------------------------------
   0.000000    0.000000   clock virtual (rise edge)
   0.000000    0.000000   clock network delay (ideal)
   0.000000    0.000000 v input external delay
   0.000000    0.000000 v a[11] (in)
  41.936359   41.936359 ^ _0655_/Y (XOR2x2_ASAP7_75t_R)
  17.755724   59.692085 v _0656_/Y (AOI221x1_ASAP7_75t_R)
  17.530296   77.222382 ^ _0657_/Y (NAND2xp5_ASAP7_75t_R)
  16.748194   93.970573 v _0659_/Y (AOI211x1_ASAP7_75t_R)
  16.088707  110.059280 ^ _0660_/Y (A2O1A1Ixp33_ASAP7_75t_R)
  18.783100  128.842377 v _0678_/Y (A2O1A1O1Ixp25_ASAP7_75t_R)
  30.340078  159.182465 v _0679_/Y (BUFx3_ASAP7_75t_R)
  39.338367  198.520828 ^ _0711_/Y (O2A1O1Ixp5_ASAP7_75t_R)
  47.396824  245.917648 v _0714_/Y (NOR3x1_ASAP7_75t_R)
  33.256065  279.173706 ^ _0750_/Y (AOI211xp5_ASAP7_75t_R)
  23.342495  302.516205 v _0751_/Y (AOI211xp5_ASAP7_75t_R)
  30.222185  332.738403 ^ _0771_/Y (A2O1A1O1Ixp25_ASAP7_75t_R)
  26.330660  359.069061 v _0772_/Y (NOR2xp33_ASAP7_75t_R)
  38.172520  397.241577 v _0773_/Y (XNOR2xp5_ASAP7_75t_R)
  32.748581  429.990143 v _0777_/Y (XNOR2x1_ASAP7_75t_R)
  31.664282  461.654449 ^ _0868_/Y (OAI311xp33_ASAP7_75t_R)
  33.895607  495.550049 v _0887_/Y (AOI311xp33_ASAP7_75t_R)
  27.265245  522.815308 ^ _0936_/Y (OAI31xp67_ASAP7_75t_R)
  23.358149  546.173462 v _0949_/Y (AOI311xp33_ASAP7_75t_R)
  39.177383  585.350830 v _0950_/Y (OR3x1_ASAP7_75t_R)
  31.799618  617.150452 ^ _0968_/Y (A2O1A1Ixp33_ASAP7_75t_R)
  56.040173  673.190613 v _1000_/Y (NAND5xp2_ASAP7_75t_R)
  39.701687  712.892334 ^ _1008_/Y (OAI22xp5_ASAP7_75t_R)
  34.971470  747.863770 v _1029_/Y (OAI211xp5_ASAP7_75t_R)
  40.389858  788.253662 v _1030_/Y (AO22x1_ASAP7_75t_R)
  44.612926  832.866577 v _1031_/Y (AO221x2_ASAP7_75t_R)
  17.416956  850.283508 ^ _1045_/Y (AOI21x1_ASAP7_75t_R)
  24.108604  874.392090 ^ _1051_/Y (OR2x2_ASAP7_75t_R)
  19.964252  894.356384 ^ _1052_/Y (BUFx6f_ASAP7_75t_R)
  19.119263  913.475647 ^ _1074_/Y (BUFx6f_ASAP7_75t_R)
  20.110247  933.585876 ^ _1142_/Y (AND2x2_ASAP7_75t_R)
  13.848256  947.434143 v _1145_/Y (O2A1O1Ixp33_ASAP7_75t_R)
  34.272251  981.706360 v _1147_/Y (OA211x2_ASAP7_75t_R)
  37.126747 1018.833130 ^ _1148_/Y (AOI21xp33_ASAP7_75t_R)
  64.795616 1083.628784 v _1184_/Y (NAND5xp2_ASAP7_75t_R)
  34.719116 1118.347900 ^ _1204_/Y (NOR3x1_ASAP7_75t_R)
  41.051830 1159.399658 ^ _1233_/Y (AND4x1_ASAP7_75t_R)
  17.011726 1176.411377 v _1242_/Y (A2O1A1Ixp33_ASAP7_75t_R)
  64.536041 1240.947510 ^ _1243_/Y (OAI211xp5_ASAP7_75t_R)
   0.000000 1240.947510 ^ y[13] (out)
            1240.947510   data arrival time

1000.000000 1000.000000   clock virtual (rise edge)
   0.000000 1000.000000   clock network delay (ideal)
   0.000000 1000.000000   clock reconvergence pessimism
   0.000000 1000.000000   output external delay
            1000.000000   data required time
-----------------------------------------------------------------
            1000.000000   data required time
            -1240.947510   data arrival time
-----------------------------------------------------------------
            -240.947479   slack (VIOLATED)


Group                       Internal       Switching         Leakage           Total
                               Power           Power           Power           Power (Watts)
------------------------------------------------------------------------------------
Sequential           0.000000000e+00 0.000000000e+00 0.000000000e+00 0.000000000e+00   0.0%
Combinational        1.345966302e-04 2.284411312e-04 2.927933096e-08 3.630670253e-04 100.0%
Clock                0.000000000e+00 0.000000000e+00 0.000000000e+00 0.000000000e+00   0.0%
Macro                0.000000000e+00 0.000000000e+00 0.000000000e+00 0.000000000e+00   0.0%
Pad                  0.000000000e+00 0.000000000e+00 0.000000000e+00 0.000000000e+00   0.0%
------------------------------------------------------------------------------------
Total                1.345966302e-04 2.284411312e-04 2.927933096e-08 3.630670253e-04 100.0%
                               37.1%           62.9%            0.0%
