["docker", "run", "--rm", "--network", "none", "--mount", "type=bind,source=C:\\Users\\User\\Desktop\\agent_workspace\\npu\\npu_repo_in_pynq\\exp\\fp32_multipier,target=/exp", "--mount", "type=bind,source=C:\\Users\\User\\Desktop\\agent_workspace\\npu\\npu_repo_in_pynq\\external\\OpenROAD-flow-scripts\\flow\\platforms\\asap7,target=/pdk,readonly", "--entrypoint", "bash", "openroad/orfs@sha256:7f9c688e71cd49379b9e9a45a4558724e3eda501eaaaf11bc9b77382a3fe647b", "-lc", "source /OpenROAD-flow-scripts/env.sh && openroad -exit /exp/runs/001_baseline/sta.tcl"]
OPENROAD: /OpenROAD-flow-scripts/tools/OpenROAD
OpenROAD unknown 
Features included (+) or not (-): -GPU +GUI -Python
This program is licensed under the BSD-3 license. See the LICENSE file for details.
Components of this program may be licensed under more restrictive licenses which must be honored.
[INFO ODB-0227] LEF file: /pdk/lef/asap7_tech_1x_201209.lef, created 30 layers, 9 vias
[INFO ODB-0227] LEF file: /pdk/lef/asap7sc7p5t_28_R_1x_220121a.lef, created 212 library cells
[WARNING STA-1212] /exp/build/pdk/asap7_rvt_tt.lib line 865739, timing group from output port.
[WARNING STA-1212] /exp/build/pdk/asap7_rvt_tt.lib line 865772, timing group from output port.
[WARNING STA-1212] /exp/build/pdk/asap7_rvt_tt.lib line 865805, timing group from output port.
[WARNING STA-1212] /exp/build/pdk/asap7_rvt_tt.lib line 865838, timing group from output port.
[WARNING STA-1212] /exp/build/pdk/asap7_rvt_tt.lib line 865871, timing group from output port.
[WARNING STA-1212] /exp/build/pdk/asap7_rvt_tt.lib line 865904, timing group from output port.
[WARNING STA-1212] /exp/build/pdk/asap7_rvt_tt.lib line 865937, timing group from output port.
[WARNING STA-1212] /exp/build/pdk/asap7_rvt_tt.lib line 867333, timing group from output port.
[WARNING STA-1212] /exp/build/pdk/asap7_rvt_tt.lib line 867366, timing group from output port.
[WARNING STA-1212] /exp/build/pdk/asap7_rvt_tt.lib line 867399, timing group from output port.
 time 1ps
 capacitance 1fF
 resistance 1kohm
 voltage 1v
 current 1mA
 power 1pW
 distance 1um
Startpoint: a[9] (input port clocked by virtual)
Endpoint: y[0] (output port clocked by virtual)
Path Group: virtual
Path Type: max

      Delay        Time   Description
-----------------------------------------------------------------
   0.000000    0.000000   clock virtual (rise edge)
   0.000000    0.000000   clock network delay (ideal)
   0.000000    0.000000 v input external delay
   0.000000    0.000000 v a[9] (in)
  61.410267   61.410267 v _0531_/Y (OR5x1_ASAP7_75t_R)
  34.089397   95.499664 ^ _0560_/Y (NAND2xp33_ASAP7_75t_R)
  42.528564  138.028229 ^ _0587_/Y (XOR2xp5_ASAP7_75t_R)
  23.297226  161.325455 v _0592_/Y (XOR2xp5_ASAP7_75t_R)
  34.705254  196.030701 v _0620_/Y (XNOR2xp5_ASAP7_75t_R)
  30.667816  226.698517 v _0622_/Y (XNOR2xp5_ASAP7_75t_R)
  33.481274  260.179810 v _0651_/Y (XNOR2xp5_ASAP7_75t_R)
  28.557989  288.737793 v _0653_/Y (XOR2xp5_ASAP7_75t_R)
  30.888597  319.626373 v _0681_/Y (XNOR2xp5_ASAP7_75t_R)
  30.227627  349.854004 v _0683_/Y (XOR2xp5_ASAP7_75t_R)
  55.594254  405.448273 ^ _0710_/Y (A2O1A1O1Ixp25_ASAP7_75t_R)
  40.014629  445.462891 v _0713_/Y (O2A1O1Ixp33_ASAP7_75t_R)
  57.543694  503.006592 ^ _0731_/Y (NOR2xp33_ASAP7_75t_R)
  40.376148  543.382751 v _0767_/Y (AOI221xp5_ASAP7_75t_R)
  77.343857  620.726562 ^ _0771_/Y (NOR3xp33_ASAP7_75t_R)
  47.202965  667.929565 v _0785_/Y (AOI211xp5_ASAP7_75t_R)
  41.684101  709.613647 v _0788_/Y (MAJx2_ASAP7_75t_R)
  35.798420  745.412048 ^ _0792_/Y (A2O1A1O1Ixp25_ASAP7_75t_R)
  59.052319  804.464417 v _0793_/Y (NOR2xp33_ASAP7_75t_R)
  67.491737  871.956116 ^ _0819_/Y (O2A1O1Ixp33_ASAP7_75t_R)
 100.375427  972.331543 v _0823_/Y (NOR2xp33_ASAP7_75t_R)
  66.265770 1038.597290 ^ _0882_/Y (OAI21xp33_ASAP7_75t_R)
  31.364799 1069.962158 v _0885_/Y (OAI211xp5_ASAP7_75t_R)
  37.161606 1107.123779 ^ _0887_/Y (AOI31xp33_ASAP7_75t_R)
  22.883362 1130.007080 v _0915_/Y (AOI311xp33_ASAP7_75t_R)
  17.569723 1147.576782 ^ _0921_/Y (AOI21xp33_ASAP7_75t_R)
  10.981660 1158.558472 v _0926_/Y (AOI21xp33_ASAP7_75t_R)
  29.094172 1187.652588 ^ _0935_/Y (OAI22xp33_ASAP7_75t_R)
  33.895554 1221.548218 v _0991_/Y (NAND3xp33_ASAP7_75t_R)
  49.249828 1270.797974 v _0993_/Y (OR4x1_ASAP7_75t_R)
  45.766945 1316.564941 ^ _0996_/Y (NOR3xp33_ASAP7_75t_R)
  51.356586 1367.921509 v _1002_/Y (NAND5xp2_ASAP7_75t_R)
  54.800388 1422.721924 ^ _1004_/Y (NOR2xp33_ASAP7_75t_R)
  45.080719 1467.802612 v _1015_/Y (OAI31xp33_ASAP7_75t_R)
  71.060043 1538.862671 ^ _1016_/Y (AOI211xp5_ASAP7_75t_R)
   0.000000 1538.862671 ^ y[0] (out)
            1538.862671   data arrival time

1200.000000 1200.000000   clock virtual (rise edge)
   0.000000 1200.000000   clock network delay (ideal)
   0.000000 1200.000000   clock reconvergence pessimism
   0.000000 1200.000000   output external delay
            1200.000000   data required time
-----------------------------------------------------------------
            1200.000000   data required time
            -1538.862671   data arrival time
-----------------------------------------------------------------
            -338.862732   slack (VIOLATED)


Group                       Internal       Switching         Leakage           Total
                               Power           Power           Power           Power (Watts)
------------------------------------------------------------------------------------
Sequential           0.000000000e+00 0.000000000e+00 0.000000000e+00 0.000000000e+00   0.0%
Combinational        8.665829955e-05 1.383882191e-04 2.495631080e-08 2.250714751e-04 100.0%
Clock                0.000000000e+00 0.000000000e+00 0.000000000e+00 0.000000000e+00   0.0%
Macro                0.000000000e+00 0.000000000e+00 0.000000000e+00 0.000000000e+00   0.0%
Pad                  0.000000000e+00 0.000000000e+00 0.000000000e+00 0.000000000e+00   0.0%
------------------------------------------------------------------------------------
Total                8.665829955e-05 1.383882191e-04 2.495631080e-08 2.250714751e-04 100.0%
                               38.5%           61.5%            0.0%
